Component: ARM Compiler 5.06 update 7 (build 960) Tool: armlink [4d3601]

==============================================================================

Section Cross References

    startup_stm32f072xb.o(RESET) refers to startup_stm32f072xb.o(STACK) for __initial_sp
    startup_stm32f072xb.o(RESET) refers to startup_stm32f072xb.o(.text) for Reset_Handler
    startup_stm32f072xb.o(RESET) refers to stm32f0xx_it.o(i.NMI_Handler) for NMI_Handler
    startup_stm32f072xb.o(RESET) refers to context_rvds.o(.text) for HardFault_Handler
    startup_stm32f072xb.o(RESET) refers to board.o(i.SysTick_Handler) for SysTick_Handler
    startup_stm32f072xb.o(RESET) refers to stm32f0xx_it.o(i.EXTI0_1_IRQHandler) for EXTI0_1_IRQHandler
    startup_stm32f072xb.o(RESET) refers to stm32f0xx_it.o(i.EXTI4_15_IRQHandler) for EXTI4_15_IRQHandler
    startup_stm32f072xb.o(RESET) refers to stm32f0xx_it.o(i.DMA1_Channel1_IRQHandler) for DMA1_Channel1_IRQHandler
    startup_stm32f072xb.o(RESET) refers to stm32f0xx_it.o(i.TIM1_BRK_UP_TRG_COM_IRQHandler) for TIM1_BRK_UP_TRG_COM_IRQHandler
    startup_stm32f072xb.o(RESET) refers to stm32f0xx_it.o(i.TIM3_IRQHandler) for TIM3_IRQHandler
    startup_stm32f072xb.o(.text) refers to system_stm32f0xx.o(i.SystemInit) for SystemInit
    startup_stm32f072xb.o(.text) refers to entry.o(.ARM.Collect$$$$00000000) for __main
    main.o(i.main) refers to task.o(i.LDP_Thread_Creat) for LDP_Thread_Creat
    stm32f0xx_it.o(i.DMA1_Channel1_IRQHandler) refers to irq.o(i.rt_interrupt_enter) for rt_interrupt_enter
    stm32f0xx_it.o(i.DMA1_Channel1_IRQHandler) refers to stm32f0xx_hal_dma.o(i.HAL_DMA_IRQHandler) for HAL_DMA_IRQHandler
    stm32f0xx_it.o(i.DMA1_Channel1_IRQHandler) refers to irq.o(i.rt_interrupt_leave) for rt_interrupt_leave
    stm32f0xx_it.o(i.DMA1_Channel1_IRQHandler) refers to hw_init.o(.bss) for hdma_adc
    stm32f0xx_it.o(i.EXTI0_1_IRQHandler) refers to irq.o(i.rt_interrupt_enter) for rt_interrupt_enter
    stm32f0xx_it.o(i.EXTI0_1_IRQHandler) refers to stm32f0xx_it.o(i.LL_EXTI_IsActiveFlag_0_31) for LL_EXTI_IsActiveFlag_0_31
    stm32f0xx_it.o(i.EXTI0_1_IRQHandler) refers to stm32f0xx_it.o(i.delya_us) for delya_us
    stm32f0xx_it.o(i.EXTI0_1_IRQHandler) refers to stm32f0xx_it.o(i.LL_GPIO_IsInputPinSet) for LL_GPIO_IsInputPinSet
    stm32f0xx_it.o(i.EXTI0_1_IRQHandler) refers to irq.o(i.rt_interrupt_leave) for rt_interrupt_leave
    stm32f0xx_it.o(i.EXTI0_1_IRQHandler) refers to task.o(.data) for encoder_value
    stm32f0xx_it.o(i.EXTI4_15_IRQHandler) refers to irq.o(i.rt_interrupt_enter) for rt_interrupt_enter
    stm32f0xx_it.o(i.EXTI4_15_IRQHandler) refers to stm32f0xx_it.o(i.LL_EXTI_IsActiveFlag_0_31) for LL_EXTI_IsActiveFlag_0_31
    stm32f0xx_it.o(i.EXTI4_15_IRQHandler) refers to stm32f0xx_it.o(i.delya_us) for delya_us
    stm32f0xx_it.o(i.EXTI4_15_IRQHandler) refers to stm32f0xx_it.o(i.LL_GPIO_IsInputPinSet) for LL_GPIO_IsInputPinSet
    stm32f0xx_it.o(i.EXTI4_15_IRQHandler) refers to irq.o(i.rt_interrupt_leave) for rt_interrupt_leave
    stm32f0xx_it.o(i.EXTI4_15_IRQHandler) refers to task.o(.data) for on_off_flag
    stm32f0xx_it.o(i.TIM1_BRK_UP_TRG_COM_IRQHandler) refers to irq.o(i.rt_interrupt_enter) for rt_interrupt_enter
    stm32f0xx_it.o(i.TIM1_BRK_UP_TRG_COM_IRQHandler) refers to stm32f0xx_hal_tim.o(i.HAL_TIM_IRQHandler) for HAL_TIM_IRQHandler
    stm32f0xx_it.o(i.TIM1_BRK_UP_TRG_COM_IRQHandler) refers to irq.o(i.rt_interrupt_leave) for rt_interrupt_leave
    stm32f0xx_it.o(i.TIM1_BRK_UP_TRG_COM_IRQHandler) refers to stm32f0xx_hal_timebase_tim.o(.bss) for htim1
    stm32f0xx_it.o(i.TIM3_IRQHandler) refers to stm32f0xx_hal_tim.o(i.HAL_TIM_IRQHandler) for HAL_TIM_IRQHandler
    stm32f0xx_it.o(i.TIM3_IRQHandler) refers to hw_init.o(.bss) for htim3
    stm32f0xx_hal_msp.o(i.HAL_ADC_MspDeInit) refers to stm32f0xx_hal_gpio.o(i.HAL_GPIO_DeInit) for HAL_GPIO_DeInit
    stm32f0xx_hal_msp.o(i.HAL_ADC_MspDeInit) refers to stm32f0xx_hal_dma.o(i.HAL_DMA_DeInit) for HAL_DMA_DeInit
    stm32f0xx_hal_msp.o(i.HAL_ADC_MspInit) refers to memseta.o(.text) for __aeabi_memclr4
    stm32f0xx_hal_msp.o(i.HAL_ADC_MspInit) refers to stm32f0xx_hal_gpio.o(i.HAL_GPIO_Init) for HAL_GPIO_Init
    stm32f0xx_hal_msp.o(i.HAL_ADC_MspInit) refers to stm32f0xx_hal_dma.o(i.HAL_DMA_Init) for HAL_DMA_Init
    stm32f0xx_hal_msp.o(i.HAL_ADC_MspInit) refers to hw_init.o(i.Error_Handler) for Error_Handler
    stm32f0xx_hal_msp.o(i.HAL_ADC_MspInit) refers to hw_init.o(.bss) for hdma_adc
    stm32f0xx_hal_msp.o(i.HAL_DAC_MspDeInit) refers to stm32f0xx_hal_gpio.o(i.HAL_GPIO_DeInit) for HAL_GPIO_DeInit
    stm32f0xx_hal_msp.o(i.HAL_DAC_MspInit) refers to memseta.o(.text) for __aeabi_memclr4
    stm32f0xx_hal_msp.o(i.HAL_DAC_MspInit) refers to stm32f0xx_hal_gpio.o(i.HAL_GPIO_Init) for HAL_GPIO_Init
    stm32f0xx_hal_msp.o(i.HAL_TIM_Base_MspDeInit) refers to stm32f0xx_hal_cortex.o(i.HAL_NVIC_DisableIRQ) for HAL_NVIC_DisableIRQ
[...]
    __FUNCTION__                             0x08008219   Data          16  thread.o(.constdata)
    __FUNCTION__                             0x08008229   Data          15  thread.o(.constdata)
    __FUNCTION__                             0x08008238   Data          18  thread.o(.constdata)
    __FUNCTION__                             0x0800824a   Data          17  thread.o(.constdata)
    __FUNCTION__                             0x0800825b   Data          17  thread.o(.constdata)
    __FUNCTION__                             0x0800826c   Data          16  thread.o(.constdata)
    __FUNCTION__                             0x0800827c   Data          18  thread.o(.constdata)
    __FUNCTION__                             0x0800828e   Data          18  thread.o(.constdata)
    __FUNCTION__                             0x080082a0   Data          17  thread.o(.constdata)
    __FUNCTION__                             0x080082b1   Data          18  thread.o(.constdata)
    __FUNCTION__                             0x080082c3   Data          15  thread.o(.constdata)
    .constdata                               0x080082d2   Section       92  timer.o(.constdata)
    __FUNCTION__                             0x080082d2   Data          14  timer.o(.constdata)
    __FUNCTION__                             0x080082e0   Data          16  timer.o(.constdata)
    __FUNCTION__                             0x080082f0   Data          16  timer.o(.constdata)
    __FUNCTION__                             0x08008300   Data          15  timer.o(.constdata)
    __FUNCTION__                             0x0800830f   Data          14  timer.o(.constdata)
    __FUNCTION__                             0x0800831d   Data          17  timer.o(.constdata)
    .conststring                             0x08008330   Section       68  cmd.o(.conststring)
    .conststring                             0x08008374   Section       69  ipc.o(.conststring)
    .conststring                             0x080083bc   Section      237  mem.o(.conststring)
    .conststring                             0x080084ac   Section       66  thread.o(.conststring)
    .rti_fn.0                                0x080084f0   Section        4  components.o(.rti_fn.0)
    __tagsym$$used                           0x080084f0   Number         0  components.o(.rti_fn.0)
    .rti_fn.0.end                            0x080084f4   Section        4  components.o(.rti_fn.0.end)
    __tagsym$$used                           0x080084f4   Number         0  components.o(.rti_fn.0.end)
    .rti_fn.1.end                            0x080084f8   Section        4  components.o(.rti_fn.1.end)
    __tagsym$$used                           0x080084f8   Number         0  components.o(.rti_fn.1.end)
    .rti_fn.6                                0x080084fc   Section        4  shell.o(.rti_fn.6)
    __tagsym$$used                           0x080084fc   Number         0  shell.o(.rti_fn.6)
    .rti_fn.6.end                            0x08008500   Section        4  components.o(.rti_fn.6.end)
    __tagsym$$used                           0x08008500   Number         0  components.o(.rti_fn.6.end)
    FSymTab                                  0x08008504   Section       80  cmd.o(FSymTab)
    __tagsym$$used                           0x08008504   Number         0  cmd.o(FSymTab)
    __tagsym$$used                           0x0800850c   Number         0  cmd.o(FSymTab)
    __tagsym$$used                           0x08008514   Number         0  cmd.o(FSymTab)
    __tagsym$$used                           0x0800851c   Number         0  cmd.o(FSymTab)
    __tagsym$$used                           0x08008524   Number         0  cmd.o(FSymTab)
    __tagsym$$used                           0x0800852c   Number         0  cmd.o(FSymTab)
    __tagsym$$used                           0x08008534   Number         0  cmd.o(FSymTab)
    __tagsym$$used                           0x0800853c   Number         0  cmd.o(FSymTab)
    __tagsym$$used                           0x08008544   Number         0  cmd.o(FSymTab)
    __tagsym$$used                           0x0800854c   Number         0  cmd.o(FSymTab)
    FSymTab                                  0x08008554   Section       24  msh.o(FSymTab)
    __tagsym$$used                           0x08008554   Number         0  msh.o(FSymTab)
    __tagsym$$used                           0x0800855c   Number         0  msh.o(FSymTab)
    __tagsym$$used                           0x08008564   Number         0  msh.o(FSymTab)
    FSymTab                                  0x0800856c   Section        8  mem.o(FSymTab)
    __tagsym$$used                           0x0800856c   Number         0  mem.o(FSymTab)
    .data                                    0x20000000   Section       12  stm32f0xx_hal.o(.data)
    .data                                    0x2000000c   Section        4  system_stm32f0xx.o(.data)
    .data                                    0x20000010   Section       40  task.o(.data)
    .data                                    0x20000038   Section        1  hw_init.o(.data)
    .data                                    0x2000003c   Section       24  shell.o(.data)
    finsh_prompt_custom                      0x2000004c   Data           4  shell.o(.data)
    .data                                    0x20000054   Section        4  clock.o(.data)
    rt_tick                                  0x20000054   Data           4  clock.o(.data)
    .data                                    0x20000058   Section        1  irq.o(.data)
    .data                                    0x2000005c   Section        8  kservice.o(.data)
    __rt_errno                               0x2000005c   Data           4  kservice.o(.data)
    .data                                    0x20000064   Section       24  mem.o(.data)
    heap_ptr                                 0x20000064   Data           4  mem.o(.data)
    heap_end                                 0x20000068   Data           4  mem.o(.data)
    lfree                                    0x2000006c   Data           4  mem.o(.data)
    mem_size_aligned                         0x20000070   Data           4  mem.o(.data)
    used_mem                                 0x20000074   Data           4  mem.o(.data)
    max_mem                                  0x20000078   Data           4  mem.o(.data)
    .data                                    0x2000007c   Section       48  object.o(.data)
    rt_object_container                      0x2000007c   Data          48  object.o(.data)
    .data                                    0x200000ac   Section       20  scheduler.o(.data)
    rt_scheduler_lock_nest                   0x200000ae   Data           2  scheduler.o(.data)
    .data                                    0x200000c0   Section       12  timer.o(.data)
    random_nr                                0x200000c0   Data           4  timer.o(.data)
    rt_timer_list                            0x200000c4   Data           8  timer.o(.data)
    .data                                    0x200000cc   Section        4  cpuport.o(.data)
    .data                                    0x200000d0   Section        4  cpuport.o(.data)
    .data                                    0x200000d4   Section        4  cpuport.o(.data)
    .data                                    0x200000d8   Section        4  errno.o(.data)
    _errno                                   0x200000d8   Data           4  errno.o(.data)
    .bss                                     0x200000dc   Section       64  stm32f0xx_hal_timebase_tim.o(.bss)
    .bss                                     0x2000011c   Section     1024  lcd.o(.bss)
    .bss                                     0x2000051c   Section      676  hw_init.o(.bss)
    .bss                                     0x200007c0   Section       68  hw_init.o(.bss)
    .bss                                     0x20000804   Section      129  shell.o(.bss)
    finsh_prompt                             0x20000804   Data         129  shell.o(.bss)
    .bss                                     0x20000888   Section     5600  board.o(.bss)
    rt_heap                                  0x20000888   Data        5600  board.o(.bss)
    .bss                                     0x20001e68   Section      376  idle.o(.bss)
    idle                                     0x20001e68   Data         120  idle.o(.bss)
    rt_thread_stack                          0x20001ee0   Data         256  idle.o(.bss)
    .bss                                     0x20001fe0   Section      128  kservice.o(.bss)
    rt_log_buf                               0x20001fe0   Data         128  kservice.o(.bss)
    .bss                                     0x20002060   Section       32  mem.o(.bss)
    heap_sem                                 0x20002060   Data          32  mem.o(.bss)
    .bss                                     0x20002080   Section      256  scheduler.o(.bss)
    STACK                                    0x20002180   Section     2048  startup_stm32f072xb.o(STACK)

    Global Symbols

    Symbol Name                              Value     Ov Type        Size  Object(Section)

    BuildAttributes$$THM_ISAv3M$S$PE$A:L22$X:L11$S22$IEEE1$IW$USESV6$~STKCKD$USESV7$~SHL$OTIME$ROPI$IEEEJ$EBA8$MICROLIB$REQ8$PRES8$EABIv2 0x00000000   Number         0  anon$$obj.o ABSOLUTE
    __ARM_use_no_argv                        0x00000000   Number         0  main.o ABSOLUTE
    __arm_fini_                               - Undefined Weak Reference
    __cpp_initialize__aeabi_                  - Undefined Weak Reference
    __cxa_finalize                            - Undefined Weak Reference
    __decompress                              - Undefined Weak Reference
    _clock_init                               - Undefined Weak Reference
    _microlib_exit                            - Undefined Weak Reference
    __Vectors_Size                           0x000000c0   Number         0  startup_stm32f072xb.o ABSOLUTE
    __Vectors                                0x08000000   Data           4  startup_stm32f072xb.o(RESET)
    __Vectors_End                            0x080000c0   Data           0  startup_stm32f072xb.o(RESET)
    __main                                   0x080000c1   Thumb Code     0  entry.o(.ARM.Collect$$$$00000000)
    _main_stk                                0x080000c1   Thumb Code     0  entry2.o(.ARM.Collect$$$$00000001)
    _main_scatterload                        0x080000c5   Thumb Code     0  entry5.o(.ARM.Collect$$$$00000004)
    __main_after_scatterload                 0x080000c9   Thumb Code     0  entry5.o(.ARM.Collect$$$$00000004)
    _main_clock                              0x080000c9   Thumb Code     0  entry7b.o(.ARM.Collect$$$$00000008)
    _main_cpp_init                           0x080000c9   Thumb Code     0  entry8b.o(.ARM.Collect$$$$0000000A)
    _main_init                               0x080000c9   Thumb Code     0  entry9a.o(.ARM.Collect$$$$0000000B)
    __rt_lib_shutdown_fini                   0x080000d1   Thumb Code     0  entry12b.o(.ARM.Collect$$$$0000000E)
    __rt_final_cpp                           0x080000d5   Thumb Code     0  entry10a.o(.ARM.Collect$$$$0000000F)
    __rt_final_exit                          0x080000d5   Thumb Code     0  entry11a.o(.ARM.Collect$$$$00000011)
    Reset_Handler                            0x080000d9   Thumb Code     8  startup_stm32f072xb.o(.text)
    SVC_Handler                              0x080000e5   Thumb Code     2  startup_stm32f072xb.o(.text)
    ADC1_COMP_IRQHandler                     0x080000eb   Thumb Code     0  startup_stm32f072xb.o(.text)
    CEC_CAN_IRQHandler                       0x080000eb   Thumb Code     0  startup_stm32f072xb.o(.text)
    DMA1_Channel2_3_IRQHandler               0x080000eb   Thumb Code     0  startup_stm32f072xb.o(.text)
    DMA1_Channel4_5_6_7_IRQHandler           0x080000eb   Thumb Code     0  startup_stm32f072xb.o(.text)
    EXTI2_3_IRQHandler                       0x080000eb   Thumb Code     0  startup_stm32f072xb.o(.text)
    FLASH_IRQHandler                         0x080000eb   Thumb Code     0  startup_stm32f072xb.o(.text)
    I2C1_IRQHandler                          0x080000eb   Thumb Code     0  startup_stm32f072xb.o(.text)
    I2C2_IRQHandler                          0x080000eb   Thumb Code     0  startup_stm32f072xb.o(.text)
    PVD_VDDIO2_IRQHandler                    0x080000eb   Thumb Code     0  startup_stm32f072xb.o(.text)
    RCC_CRS_IRQHandler                       0x080000eb   Thumb Code     0  startup_stm32f072xb.o(.text)
    RTC_IRQHandler                           0x080000eb   Thumb Code     0  startup_stm32f072xb.o(.text)
    SPI1_IRQHandler                          0x080000eb   Thumb Code     0  startup_stm32f072xb.o(.text)
    SPI2_IRQHandler                          0x080000eb   Thumb Code     0  startup_stm32f072xb.o(.text)
    TIM14_IRQHandler                         0x080000eb   Thumb Code     0  startup_stm32f072xb.o(.text)
    TIM15_IRQHandler                         0x080000eb   Thumb Code     0  startup_stm32f072xb.o(.text)
    TIM16_IRQHandler                         0x080000eb   Thumb Code     0  startup_stm32f072xb.o(.text)
    TIM17_IRQHandler                         0x080000eb   Thumb Code     0  startup_stm32f072xb.o(.text)
    TIM1_CC_IRQHandler                       0x080000eb   Thumb Code     0  startup_stm32f072xb.o(.text)
    TIM2_IRQHandler                          0x080000eb   Thumb Code     0  startup_stm32f072xb.o(.text)
    TIM6_DAC_IRQHandler                      0x080000eb   Thumb Code     0  startup_stm32f072xb.o(.text)
    TIM7_IRQHandler                          0x080000eb   Thumb Code     0  startup_stm32f072xb.o(.text)
    TSC_IRQHandler                           0x080000eb   Thumb Code     0  startup_stm32f072xb.o(.text)
    USART1_IRQHandler                        0x080000eb   Thumb Code     0  startup_stm32f072xb.o(.text)
    USART2_IRQHandler                        0x080000eb   Thumb Code     0  startup_stm32f072xb.o(.text)
    USART3_4_IRQHandler                      0x080000eb   Thumb Code     0  startup_stm32f072xb.o(.text)
    USB_IRQHandler                           0x080000eb   Thumb Code     0  startup_stm32f072xb.o(.text)
    WWDG_IRQHandler                          0x080000eb   Thumb Code     0  startup_stm32f072xb.o(.text)
    rt_hw_interrupt_disable                  0x080000f5   Thumb Code     8  context_rvds.o(.text)
    rt_hw_interrupt_enable                   0x080000fd   Thumb Code     6  context_rvds.o(.text)
    rt_hw_context_switch                     0x08000103   Thumb Code    28  context_rvds.o(.text)
    rt_hw_context_switch_interrupt           0x08000103   Thumb Code     0  context_rvds.o(.text)
    PendSV_Handler                           0x0800011f   Thumb Code    84  context_rvds.o(.text)
    rt_hw_context_switch_to                  0x08000173   Thumb Code    44  context_rvds.o(.text)
    rt_hw_interrupt_thread_switch            0x0800019f   Thumb Code     2  context_rvds.o(.text)
    HardFault_Handler                        0x080001a1   Thumb Code    12  context_rvds.o(.text)
    __aeabi_uidiv                            0x080001cd   Thumb Code     0  uidiv.o(.text)
    __aeabi_uidivmod                         0x080001cd   Thumb Code    44  uidiv.o(.text)
    __aeabi_idiv                             0x080001f9   Thumb Code     0  idiv.o(.text)
    __aeabi_idivmod                          0x080001f9   Thumb Code    40  idiv.o(.text)
    __aeabi_uldivmod                         0x08000221   Thumb Code    96  uldiv.o(.text)
    __aeabi_llsr                             0x08000281   Thumb Code    34  llushr.o(.text)
    _ll_ushift_r                             0x08000281   Thumb Code     0  llushr.o(.text)
    __aeabi_memcpy                           0x080002a3   Thumb Code    36  memcpya.o(.text)
    __aeabi_memcpy4                          0x080002a3   Thumb Code     0  memcpya.o(.text)
    __aeabi_memcpy8                          0x080002a3   Thumb Code     0  memcpya.o(.text)
    __aeabi_memset                           0x080002c7   Thumb Code    14  memseta.o(.text)
    __aeabi_memset4                          0x080002c7   Thumb Code     0  memseta.o(.text)
    __aeabi_memset8                          0x080002c7   Thumb Code     0  memseta.o(.text)
    __aeabi_memclr                           0x080002d5   Thumb Code     4  memseta.o(.text)
    __aeabi_memclr4                          0x080002d5   Thumb Code     0  memseta.o(.text)
    __aeabi_memclr8                          0x080002d5   Thumb Code     0  memseta.o(.text)
    _memset$wrapper                          0x080002d9   Thumb Code    18  memseta.o(.text)
    strcat                                   0x080002eb   Thumb Code    24  strcat.o(.text)
    strncpy                                  0x08000303   Thumb Code    26  strncpy.o(.text)
    strlen                                   0x0800031d   Thumb Code    14  strlen.o(.text)
    strcpy                                   0x0800032b   Thumb Code    18  strcpy.o(.text)
    strncmp                                  0x0800033d   Thumb Code    30  strncmp.o(.text)
    __aeabi_fadd                             0x0800035b   Thumb Code   162  fadd.o(.text)
    __aeabi_fsub                             0x080003fd   Thumb Code     8  fadd.o(.text)
    __aeabi_frsub                            0x08000405   Thumb Code     8  fadd.o(.text)
    __aeabi_fmul                             0x0800040d   Thumb Code   122  fmul.o(.text)
    __aeabi_fdiv                             0x08000487   Thumb Code   124  fdiv.o(.text)
    __ARM_scalbnf                            0x08000503   Thumb Code    24  fscalb.o(.text)
    scalbnf                                  0x08000503   Thumb Code     0  fscalb.o(.text)
    __aeabi_dadd                             0x0800051d   Thumb Code   330  dadd.o(.text)
    __aeabi_dsub                             0x08000667   Thumb Code    12  dadd.o(.text)
    __aeabi_drsub                            0x08000673   Thumb Code    12  dadd.o(.text)
    __aeabi_dmul                             0x08000685   Thumb Code   202  dmul.o(.text)
    __aeabi_ddiv                             0x08000755   Thumb Code   234  ddiv.o(.text)
    __ARM_scalbn                             0x08000845   Thumb Code    44  dscalb.o(.text)
    scalbn                                   0x08000845   Thumb Code     0  dscalb.o(.text)
    __aeabi_i2f                              0x08000871   Thumb Code    22  fflti.o(.text)
    __aeabi_i2d                              0x08000889   Thumb Code    34  dflti.o(.text)
    __aeabi_ui2d                             0x080008b1   Thumb Code    24  dfltui.o(.text)
    __aeabi_f2uiz                            0x080008cd   Thumb Code    40  ffixui.o(.text)
    __aeabi_d2uiz                            0x080008f5   Thumb Code    50  dfixui.o(.text)
    __aeabi_f2d                              0x08000931   Thumb Code    40  f2d.o(.text)
    __aeabi_d2f                              0x08000959   Thumb Code    56  d2f.o(.text)
    __aeabi_cfcmpeq                          0x08000991   Thumb Code     0  cfcmple.o(.text)
    __aeabi_cfcmple                          0x08000991   Thumb Code    20  cfcmple.o(.text)
    __aeabi_llsl                             0x080009a5   Thumb Code    32  llshl.o(.text)
    _ll_shift_l                              0x080009a5   Thumb Code     0  llshl.o(.text)
    __aeabi_lasr                             0x080009c5   Thumb Code    38  llsshr.o(.text)
    _ll_sshift_r                             0x080009c5   Thumb Code     0  llsshr.o(.text)
    __I$use$fp                               0x080009eb   Thumb Code     0  iusefp.o(.text)
    _float_round                             0x080009eb   Thumb Code    16  fepilogue.o(.text)
    _float_epilogue                          0x080009fb   Thumb Code   114  fepilogue.o(.text)
    _double_round                            0x08000a6d   Thumb Code    26  depilogue.o(.text)
    _double_epilogue                         0x08000a87   Thumb Code   164  depilogue.o(.text)
    _dsqrt                                   0x08000b2b   Thumb Code   162  dsqrt.o(.text)
    __scatterload                            0x08000bcd   Thumb Code    28  init.o(.text)
    __scatterload_rt2                        0x08000bcd   Thumb Code     0  init.o(.text)
    main                                     0x08000bf1   Thumb Code    10  components.o(i.$Sub$$main)
    DMA1_Channel1_IRQHandler                 0x08000d11   Thumb Code    18  stm32f0xx_it.o(i.DMA1_Channel1_IRQHandler)
    EXTI0_1_IRQHandler                       0x08000d75   Thumb Code    86  stm32f0xx_it.o(i.EXTI0_1_IRQHandler)
    EXTI4_15_IRQHandler                      0x08000dd9   Thumb Code   124  stm32f0xx_it.o(i.EXTI4_15_IRQHandler)
    Error_Handler                            0x08000e65   Thumb Code     2  hw_init.o(i.Error_Handler)
    HAL_ADCEx_Calibration_Start              0x08000e67   Thumb Code   176  stm32f0xx_hal_adc_ex.o(i.HAL_ADCEx_Calibration_Start)
    HAL_ADC_ConfigChannel                    0x08000f19   Thumb Code   284  stm32f0xx_hal_adc.o(i.HAL_ADC_ConfigChannel)
    HAL_ADC_ConvCpltCallback                 0x08001045   Thumb Code     2  stm32f0xx_hal_adc.o(i.HAL_ADC_ConvCpltCallback)
    HAL_ADC_ConvHalfCpltCallback             0x08001047   Thumb Code     2  stm32f0xx_hal_adc.o(i.HAL_ADC_ConvHalfCpltCallback)
    HAL_ADC_ErrorCallback                    0x08001049   Thumb Code     2  stm32f0xx_hal_adc.o(i.HAL_ADC_ErrorCallback)
    HAL_ADC_Init                             0x0800104d   Thumb Code   366  stm32f0xx_hal_adc.o(i.HAL_ADC_Init)
    HAL_ADC_MspInit                          0x080011c5   Thumb Code   122  stm32f0xx_hal_msp.o(i.HAL_ADC_MspInit)
    HAL_ADC_Start_DMA                        0x08001251   Thumb Code   144  stm32f0xx_hal_adc.o(i.HAL_ADC_Start_DMA)
    HAL_DAC_ConfigChannel                    0x080012f1   Thumb Code    52  stm32f0xx_hal_dac_ex.o(i.HAL_DAC_ConfigChannel)
    HAL_DAC_Init                             0x08001329   Thumb Code    42  stm32f0xx_hal_dac.o(i.HAL_DAC_Init)
    HAL_DAC_MspInit                          0x08001355   Thumb Code    78  stm32f0xx_hal_msp.o(i.HAL_DAC_MspInit)
    HAL_DAC_SetValue                         0x080013ad   Thumb Code    28  stm32f0xx_hal_dac.o(i.HAL_DAC_SetValue)
    HAL_DAC_Start                            0x080013c9   Thumb Code    84  stm32f0xx_hal_dac_ex.o(i.HAL_DAC_Start)
    HAL_DMA_IRQHandler                       0x0800141d   Thumb Code   156  stm32f0xx_hal_dma.o(i.HAL_DMA_IRQHandler)
    HAL_DMA_Init                             0x080014b9   Thumb Code    78  stm32f0xx_hal_dma.o(i.HAL_DMA_Init)
    HAL_DMA_Start_IT                         0x0800150d   Thumb Code   106  stm32f0xx_hal_dma.o(i.HAL_DMA_Start_IT)
    HAL_GPIO_Init                            0x08001579   Thumb Code   354  stm32f0xx_hal_gpio.o(i.HAL_GPIO_Init)
    HAL_GetTick                              0x080016f9   Thumb Code     6  stm32f0xx_hal.o(i.HAL_GetTick)
    HAL_IncTick                              0x08001705   Thumb Code    12  stm32f0xx_hal.o(i.HAL_IncTick)
    HAL_Init                                 0x08001715   Thumb Code    26  stm32f0xx_hal.o(i.HAL_Init)
    HAL_InitTick                             0x08001735   Thumb Code    98  stm32f0xx_hal_timebase_tim.o(i.HAL_InitTick)
    HAL_MspInit                              0x080017ad   Thumb Code    34  stm32f0xx_hal_msp.o(i.HAL_MspInit)
    HAL_NVIC_EnableIRQ                       0x080017d5   Thumb Code    18  stm32f0xx_hal_cortex.o(i.HAL_NVIC_EnableIRQ)
    HAL_NVIC_SetPriority                     0x080017ed   Thumb Code     8  stm32f0xx_hal_cortex.o(i.HAL_NVIC_SetPriority)
    HAL_RCCEx_PeriphCLKConfig                0x080017f5   Thumb Code   274  stm32f0xx_hal_rcc_ex.o(i.HAL_RCCEx_PeriphCLKConfig)
    HAL_RCC_ClockConfig                      0x08001915   Thumb Code   254  stm32f0xx_hal_rcc.o(i.HAL_RCC_ClockConfig)
    HAL_RCC_GetClockConfig                   0x08001a29   Thumb Code    46  stm32f0xx_hal_rcc.o(i.HAL_RCC_GetClockConfig)
    HAL_RCC_GetPCLK1Freq                     0x08001a61   Thumb Code    20  stm32f0xx_hal_rcc.o(i.HAL_RCC_GetPCLK1Freq)
    HAL_RCC_GetSysClockFreq                  0x08001a81   Thumb Code   114  stm32f0xx_hal_rcc.o(i.HAL_RCC_GetSysClockFreq)
    HAL_RCC_OscConfig                        0x08001b21   Thumb Code  1028  stm32f0xx_hal_rcc.o(i.HAL_RCC_OscConfig)
    HAL_TIMEx_BreakCallback                  0x08001f25   Thumb Code     2  stm32f0xx_hal_tim_ex.o(i.HAL_TIMEx_BreakCallback)
    HAL_TIMEx_CommutCallback                 0x08001f27   Thumb Code     2  stm32f0xx_hal_tim_ex.o(i.HAL_TIMEx_CommutCallback)
    HAL_TIMEx_MasterConfigSynchronization    0x08001f29   Thumb Code    84  stm32f0xx_hal_tim_ex.o(i.HAL_TIMEx_MasterConfigSynchronization)
    HAL_TIM_Base_Init                        0x08001f89   Thumb Code    52  stm32f0xx_hal_tim.o(i.HAL_TIM_Base_Init)
    HAL_TIM_Base_MspInit                     0x08001fbd   Thumb Code    42  stm32f0xx_hal_msp.o(i.HAL_TIM_Base_MspInit)
    HAL_TIM_Base_Start_IT                    0x08001ff1   Thumb Code    32  stm32f0xx_hal_tim.o(i.HAL_TIM_Base_Start_IT)
    HAL_TIM_ConfigClockSource                0x08002011   Thumb Code   208  stm32f0xx_hal_tim.o(i.HAL_TIM_ConfigClockSource)
    HAL_TIM_IC_CaptureCallback               0x080020e1   Thumb Code     2  stm32f0xx_hal_tim.o(i.HAL_TIM_IC_CaptureCallback)
    HAL_TIM_IRQHandler                       0x080020e3   Thumb Code   354  stm32f0xx_hal_tim.o(i.HAL_TIM_IRQHandler)
    HAL_TIM_OC_DelayElapsedCallback          0x08002245   Thumb Code     2  stm32f0xx_hal_tim.o(i.HAL_TIM_OC_DelayElapsedCallback)
    HAL_TIM_PWM_PulseFinishedCallback        0x08002247   Thumb Code     2  stm32f0xx_hal_tim.o(i.HAL_TIM_PWM_PulseFinishedCallback)
    HAL_TIM_PeriodElapsedCallback            0x08002249   Thumb Code   286  hw_init.o(i.HAL_TIM_PeriodElapsedCallback)
    HAL_TIM_TriggerCallback                  0x080023ad   Thumb Code     2  stm32f0xx_hal_tim.o(i.HAL_TIM_TriggerCallback)
    HAL_UART_Init                            0x080023af   Thumb Code   106  stm32f0xx_hal_uart.o(i.HAL_UART_Init)
    HAL_UART_MspInit                         0x08002419   Thumb Code    90  stm32f0xx_hal_msp.o(i.HAL_UART_MspInit)
    HAL_UART_Transmit                        0x0800247d   Thumb Code   206  stm32f0xx_hal_uart.o(i.HAL_UART_Transmit)
    LDP_HW_Init                              0x0800254d   Thumb Code   144  hw_init.o(i.LDP_HW_Init)
    LDP_Show_ICON                            0x080025e9   Thumb Code    68  lcd.o(i.LDP_Show_ICON)
    LDP_Thread_Creat                         0x08002631   Thumb Code   112  task.o(i.LDP_Thread_Creat)
    LDP_Thread_GUI_Entry                     0x080026ed   Thumb Code   332  task.o(i.LDP_Thread_GUI_Entry)
    LDP_Thread_Settings_Entry                0x08002861   Thumb Code   110  task.o(i.LDP_Thread_Settings_Entry)
    LDP_Thread_Spinbox_Entry                 0x080028e9   Thumb Code   128  task.o(i.LDP_Thread_Spinbox_Entry)
    LL_EXTI_Init                             0x08002985   Thumb Code   156  stm32f0xx_ll_exti.o(i.LL_EXTI_Init)
    LL_GPIO_Init                             0x08002a39   Thumb Code   174  stm32f0xx_ll_gpio.o(i.LL_GPIO_Init)
    NMI_Handler                              0x08002d8d   Thumb Code     2  stm32f0xx_it.o(i.NMI_Handler)
    OLED_Clear                               0x08002d91   Thumb Code    34  lcd.o(i.OLED_Clear)
    OLED_DrawPoint                           0x08002db9   Thumb Code    50  lcd.o(i.OLED_DrawPoint)
    OLED_Init                                0x08002df1   Thumb Code   256  lcd.o(i.OLED_Init)
    OLED_Refresh_Gram                        0x08002ef5   Thumb Code    66  lcd.o(i.OLED_Refresh_Gram)
    OLED_ShowChar                            0x08002f3d   Thumb Code   178  lcd.o(i.OLED_ShowChar)
    OLED_ShowNum                             0x08002ffd   Thumb Code   138  lcd.o(i.OLED_ShowNum)
    OLED_ShowPicture                         0x08003087   Thumb Code   174  lcd.o(i.OLED_ShowPicture)
    OLED_ShowString                          0x08003135   Thumb Code    86  lcd.o(i.OLED_ShowString)
    OLED_Show_Out                            0x0800318b   Thumb Code   140  task.o(i.OLED_Show_Out)
    OLED_Show_Spinbox                        0x08003217   Thumb Code   228  task.o(i.OLED_Show_Spinbox)
    OLED_Show_Spinbox_pos                    0x080032fb   Thumb Code   142  task.o(i.OLED_Show_Spinbox_pos)
    OLED_WR_Byte                             0x08003389   Thumb Code    58  lcd.o(i.OLED_WR_Byte)
    SysTick_Handler                          0x080033c9   Thumb Code    16  board.o(i.SysTick_Handler)
    SystemClock_Config                       0x080033d9   Thumb Code    96  hw_init.o(i.SystemClock_Config)
    SystemCoreClockUpdate                    0x08003439   Thumb Code    98  system_stm32f0xx.o(i.SystemCoreClockUpdate)
    SystemInit                               0x080034b5   Thumb Code     2  system_stm32f0xx.o(i.SystemInit)
    TIM1_BRK_UP_TRG_COM_IRQHandler           0x080034b9   Thumb Code    18  stm32f0xx_it.o(i.TIM1_BRK_UP_TRG_COM_IRQHandler)
    TIM3_IRQHandler                          0x080034d1   Thumb Code    10  stm32f0xx_it.o(i.TIM3_IRQHandler)
    TIM_Base_SetConfig                       0x080034e1   Thumb Code   124  stm32f0xx_hal_tim.o(i.TIM_Base_SetConfig)
    TIM_ETR_SetConfig                        0x08003575   Thumb Code    22  stm32f0xx_hal_tim.o(i.TIM_ETR_SetConfig)
    UART_AdvFeatureConfig                    0x080035e3   Thumb Code   202  stm32f0xx_hal_uart.o(i.UART_AdvFeatureConfig)
    UART_CheckIdleState                      0x080036ad   Thumb Code    90  stm32f0xx_hal_uart.o(i.UART_CheckIdleState)
    UART_SetConfig                           0x0800370d   Thumb Code   342  stm32f0xx_hal_uart.o(i.UART_SetConfig)
    UART_WaitOnFlagUntilTimeout              0x08003889   Thumb Code   156  stm32f0xx_hal_uart.o(i.UART_WaitOnFlagUntilTimeout)
    __ARM_clz                                0x08003925   Thumb Code    46  depilogue.o(i.__ARM_clz)
    __ARM_common_ll_muluu                    0x08003953   Thumb Code    48  stm32f0xx_hal_rcc.o(i.__ARM_common_ll_muluu)
    __ARM_common_switch8                     0x08003983   Thumb Code    26  stm32f0xx_hal_dma.o(i.__ARM_common_switch8)
    __rt_ffs                                 0x08003a3d   Thumb Code    60  kservice.o(i.__rt_ffs)
    __scatterload_copy                       0x08003a7d   Thumb Code    14  handlers.o(i.__scatterload_copy)
    __scatterload_null                       0x08003a8b   Thumb Code     2  handlers.o(i.__scatterload_null)
    __scatterload_zeroinit                   0x08003a8d   Thumb Code    14  handlers.o(i.__scatterload_zeroinit)
    __set_errno                              0x08003a9d   Thumb Code     6  errno.o(i.__set_errno)
    cmd_free                                 0x08003d21   Thumb Code    10  msh.o(i.cmd_free)
    cmd_ps                                   0x08003d2b   Thumb Code    10  msh.o(i.cmd_ps)
    delya_us                                 0x08003d35   Thumb Code    10  stm32f0xx_it.o(i.delya_us)
    finsh_get_prompt                         0x08003d41   Thumb Code    70  shell.o(i.finsh_get_prompt)
    finsh_set_prompt_mode                    0x08003da5   Thumb Code    42  shell.o(i.finsh_set_prompt_mode)
    finsh_system_function_init               0x08003ded   Thumb Code     6  shell.o(i.finsh_system_function_init)
    finsh_system_init                        0x08003df9   Thumb Code    94  shell.o(i.finsh_system_init)
    finsh_thread_entry                       0x08003e91   Thumb Code   588  shell.o(i.finsh_thread_entry)
    hello                                    0x08004105   Thumb Code    12  cmd.o(i.hello)
    list                                     0x08004125   Thumb Code    50  cmd.o(i.list)
    list_mem                                 0x08004205   Thumb Code    30  mem.o(i.list_mem)
    list_sem                                 0x08004271   Thumb Code   210  cmd.o(i.list_sem)
    list_thread                              0x080043ad   Thumb Code   258  cmd.o(i.list_thread)
    list_timer                               0x0800456d   Thumb Code   160  cmd.o(i.list_timer)
    $Super$$main                             0x080046ad   Thumb Code    10  main.o(i.main)
    main_thread_entry                        0x080046b7   Thumb Code    12  components.o(i.main_thread_entry)
    msh_auto_complete                        0x080046c5   Thumb Code   154  msh.o(i.msh_auto_complete)
    msh_exec                                 0x08004775   Thumb Code    78  msh.o(i.msh_exec)
    msh_help                                 0x080047dd   Thumb Code    58  msh.o(i.msh_help)
    msh_is_used                              0x0800484d   Thumb Code     4  msh.o(i.msh_is_used)
    mypow                                    0x08004921   Thumb Code    20  lcd.o(i.mypow)
    rt_application_init                      0x08004b7d   Thumb Code    46  components.o(i.rt_application_init)
    rt_assert_handler                        0x08004bcd   Thumb Code    42  kservice.o(i.rt_assert_handler)
    rt_calloc                                0x08004c35   Thumb Code    28  mem.o(i.rt_calloc)
    rt_components_board_init                 0x08004c51   Thumb Code    20  components.o(i.rt_components_board_init)
    rt_components_init                       0x08004c6d   Thumb Code    20  components.o(i.rt_components_init)
    rt_enter_critical                        0x08004c89   Thumb Code    20  scheduler.o(i.rt_enter_critical)
    rt_exit_critical                         0x08004ca1   Thumb Code    46  scheduler.o(i.rt_exit_critical)
    rt_free                                  0x08004cd5   Thumb Code   222  mem.o(i.rt_free)
    rt_heap_begin_get                        0x08004e9d   Thumb Code     4  board.o(i.rt_heap_begin_get)
    rt_heap_end_get                          0x08004ea5   Thumb Code     4  board.o(i.rt_heap_end_get)
    rt_hw_board_init                         0x08004ead   Thumb Code    70  board.o(i.rt_hw_board_init)
    rt_hw_console_getchar                    0x08004f05   Thumb Code    46  hw_init.o(i.rt_hw_console_getchar)
    rt_hw_console_output                     0x08004f39   Thumb Code    68  hw_init.o(i.rt_hw_console_output)
    rt_hw_hard_fault_exception               0x08004f81   Thumb Code    82  cpuport.o(i.rt_hw_hard_fault_exception)
    rt_hw_stack_init                         0x08005075   Thumb Code    50  cpuport.o(i.rt_hw_stack_init)
    rt_interrupt_enter                       0x080050ad   Thumb Code    20  irq.o(i.rt_interrupt_enter)
    rt_interrupt_get_nest                    0x080050c5   Thumb Code     6  irq.o(i.rt_interrupt_get_nest)
    rt_interrupt_leave                       0x080050d1   Thumb Code    20  irq.o(i.rt_interrupt_leave)
    rt_kprintf                               0x080050e9   Thumb Code    30  kservice.o(i.rt_kprintf)
    rt_malloc                                0x0800517d   Thumb Code   334  mem.o(i.rt_malloc)
    rt_memmove                               0x08005365   Thumb Code    46  kservice.o(i.rt_memmove)
    rt_memset                                0x08005393   Thumb Code    18  kservice.o(i.rt_memset)
    rt_object_allocate                       0x080053a5   Thumb Code   132  object.o(i.rt_object_allocate)
    rt_object_delete                         0x08005471   Thumb Code    68  object.o(i.rt_object_delete)
    rt_object_detach                         0x080054f9   Thumb Code    44  object.o(i.rt_object_detach)
    rt_object_get_information                0x0800553d   Thumb Code    28  object.o(i.rt_object_get_information)
    rt_object_get_type                       0x0800555d   Thumb Code    26  object.o(i.rt_object_get_type)
    rt_object_init                           0x08005591   Thumb Code   106  object.o(i.rt_object_init)
    rt_object_is_systemobject                0x08005629   Thumb Code    32  object.o(i.rt_object_is_systemobject)
    rt_schedule                              0x08005661   Thumb Code    90  scheduler.o(i.rt_schedule)
    rt_schedule_insert_thread                0x080056c9   Thumb Code    80  scheduler.o(i.rt_schedule_insert_thread)
    rt_schedule_remove_thread                0x08005739   Thumb Code    74  scheduler.o(i.rt_schedule_remove_thread)
    rt_sem_init                              0x080057a5   Thumb Code    66  ipc.o(i.rt_sem_init)
    rt_sem_release                           0x08005811   Thumb Code    90  ipc.o(i.rt_sem_release)
    rt_sem_take                              0x08005885   Thumb Code   296  ipc.o(i.rt_sem_take)
    rt_show_version                          0x08005a29   Thumb Code    38  kservice.o(i.rt_show_version)
    rt_strlen                                0x08005ad9   Thumb Code    16  kservice.o(i.rt_strlen)
    rt_strncpy                               0x08005ae9   Thumb Code    40  kservice.o(i.rt_strncpy)
    rt_system_heap_init                      0x08005b11   Thumb Code   136  mem.o(i.rt_system_heap_init)
    rt_system_scheduler_init                 0x08005c15   Thumb Code    44  scheduler.o(i.rt_system_scheduler_init)
    rt_system_scheduler_start                0x08005c49   Thumb Code    30  scheduler.o(i.rt_system_scheduler_start)
    rt_system_timer_init                     0x08005c71   Thumb Code     8  timer.o(i.rt_system_timer_init)
    rt_system_timer_thread_init              0x08005c7d   Thumb Code     2  timer.o(i.rt_system_timer_thread_init)
    rt_thread_create                         0x08005c7f   Thumb Code    64  thread.o(i.rt_thread_create)
    rt_thread_exit                           0x08005cc1   Thumb Code    78  thread.o(i.rt_thread_exit)
    rt_thread_idle_excute                    0x08005d21   Thumb Code   154  idle.o(i.rt_thread_idle_excute)
    rt_thread_idle_init                      0x08005df1   Thumb Code    36  idle.o(i.rt_thread_idle_init)
    rt_thread_init                           0x08005e25   Thumb Code    72  thread.o(i.rt_thread_init)
    rt_thread_mdelay                         0x08005e9d   Thumb Code    12  thread.o(i.rt_thread_mdelay)
    rt_thread_resume                         0x08005ea9   Thumb Code    94  thread.o(i.rt_thread_resume)
    rt_thread_self                           0x08005f29   Thumb Code     6  thread.o(i.rt_thread_self)
    rt_thread_sleep                          0x08005f35   Thumb Code    98  thread.o(i.rt_thread_sleep)
    rt_thread_startup                        0x08005fb9   Thumb Code    98  thread.o(i.rt_thread_startup)
    rt_thread_suspend                        0x08006075   Thumb Code    98  thread.o(i.rt_thread_suspend)
    rt_thread_timeout                        0x080060f9   Thumb Code    88  thread.o(i.rt_thread_timeout)
    rt_thread_yield                          0x080061ad   Thumb Code    84  thread.o(i.rt_thread_yield)
    rt_tick_from_millisecond                 0x08006209   Thumb Code    46  clock.o(i.rt_tick_from_millisecond)
    rt_tick_get                              0x08006239   Thumb Code     6  clock.o(i.rt_tick_get)
    rt_tick_increase                         0x08006245   Thumb Code    36  clock.o(i.rt_tick_increase)
    rt_timer_check                           0x0800626d   Thumb Code    92  timer.o(i.rt_timer_check)
    rt_timer_control                         0x080062d1   Thumb Code    94  timer.o(i.rt_timer_control)
    rt_timer_detach                          0x08006385   Thumb Code    84  timer.o(i.rt_timer_detach)
    rt_timer_init                            0x08006459   Thumb Code    52  timer.o(i.rt_timer_init)
    rt_timer_start                           0x080064a5   Thumb Code   190  timer.o(i.rt_timer_start)
    rt_timer_stop                            0x080065e5   Thumb Code    82  timer.o(i.rt_timer_stop)
    rt_vsnprintf                             0x0800668d   Thumb Code   610  kservice.o(i.rt_vsnprintf)
    rtthread_startup                         0x08006909   Thumb Code    42  components.o(i.rtthread_startup)
    spinbox_iset_int                         0x08006955   Thumb Code    30  task.o(i.spinbox_iset_int)
    spinbox_vset_init                        0x0800697d   Thumb Code    28  task.o(i.spinbox_vset_init)
    sqrt                                     0x0800699d   Thumb Code    66  sqrt.o(i.sqrt)
    version                                  0x080069e5   Thumb Code    10  cmd.o(i.version)
    AHBPrescTable                            0x080069ee   Data          16  system_stm32f0xx.o(.constdata)
    APBPrescTable                            0x080069fe   Data           8  system_stm32f0xx.o(.constdata)
    asc2_0608                                0x08006a06   Data         570  lcd.o(.constdata)
    asc2_0612                                0x08006c40   Data        1140  lcd.o(.constdata)
    asc2_1224                                0x080070b4   Data        3420  lcd.o(.constdata)
    icon                                     0x08007e10   Data          96  lcd.o(.constdata)
    __fsym_hello_name                        0x08007eba   Data           6  cmd.o(.constdata)
    __fsym_version_name                      0x08007ec0   Data           8  cmd.o(.constdata)
    __fsym___cmd_version_name                0x08007ec8   Data          14  cmd.o(.constdata)
    __fsym_list_thread_name                  0x08007ed6   Data          12  cmd.o(.constdata)
    __fsym___cmd_list_thread_name            0x08007ee2   Data          18  cmd.o(.constdata)
    __fsym_list_sem_name                     0x08007ef4   Data           9  cmd.o(.constdata)
    __fsym___cmd_list_sem_name               0x08007efd   Data          15  cmd.o(.constdata)
    __fsym_list_timer_name                   0x08007f0c   Data          11  cmd.o(.constdata)
    __fsym___cmd_list_timer_name             0x08007f17   Data          17  cmd.o(.constdata)
    __fsym_list_name                         0x08007f28   Data           5  cmd.o(.constdata)
    __fsym___cmd_help_name                   0x08007f2d   Data          11  msh.o(.constdata)
    __fsym___cmd_ps_name                     0x08007f38   Data           9  msh.o(.constdata)
    __fsym___cmd_free_name                   0x08007f41   Data          11  msh.o(.constdata)
    __lowest_bit_bitmap                      0x08007fe4   Data         256  kservice.o(.constdata)
    __fsym_list_mem_name                     0x08008106   Data           9  mem.o(.constdata)
    __rt_init_rti_start                      0x080084f0   Data           4  components.o(.rti_fn.0)
    __rt_init_rti_board_start                0x080084f4   Data           4  components.o(.rti_fn.0.end)
    __rt_init_rti_board_end                  0x080084f8   Data           4  components.o(.rti_fn.1.end)
    __rt_init_finsh_system_init              0x080084fc   Data           4  shell.o(.rti_fn.6)
    __rt_init_rti_end                        0x08008500   Data           4  components.o(.rti_fn.6.end)
    FSymTab$$Base                            0x08008504   Number         0  cmd.o(FSymTab)
    __fsym_hello                             0x08008504   Data           8  cmd.o(FSymTab)
    __fsym_version                           0x0800850c   Data           8  cmd.o(FSymTab)
    __fsym___cmd_version                     0x08008514   Data           8  cmd.o(FSymTab)
    __fsym_list_thread                       0x0800851c   Data           8  cmd.o(FSymTab)
    __fsym___cmd_list_thread                 0x08008524   Data           8  cmd.o(FSymTab)
    __fsym_list_sem                          0x0800852c   Data           8  cmd.o(FSymTab)
    __fsym___cmd_list_sem                    0x08008534   Data           8  cmd.o(FSymTab)
    __fsym_list_timer                        0x0800853c   Data           8  cmd.o(FSymTab)
    __fsym___cmd_list_timer                  0x08008544   Data           8  cmd.o(FSymTab)
    __fsym_list                              0x0800854c   Data           8  cmd.o(FSymTab)
    __fsym___cmd_help                        0x08008554   Data           8  msh.o(FSymTab)
    __fsym___cmd_ps                          0x0800855c   Data           8  msh.o(FSymTab)
    __fsym___cmd_free                        0x08008564   Data           8  msh.o(FSymTab)
    __fsym_list_mem                          0x0800856c   Data           8  mem.o(FSymTab)
    FSymTab$$Limit                           0x08008574   Number         0  mem.o(FSymTab)
    Region$$Table$$Base                      0x08008574   Number         0  anon$$obj.o(Region$$Table)
    Region$$Table$$Limit                     0x08008594   Number         0  anon$$obj.o(Region$$Table)
    uwTickFreq                               0x20000000   Data           1  stm32f0xx_hal.o(.data)
    uwTickPrio                               0x20000004   Data           4  stm32f0xx_hal.o(.data)
    uwTick                                   0x20000008   Data           4  stm32f0xx_hal.o(.data)
    SystemCoreClock                          0x2000000c   Data           4  system_stm32f0xx.o(.data)
    setting_flag                             0x20000010   Data           1  task.o(.data)
    encode_pos                               0x20000011   Data           1  task.o(.data)
    on_off_flag                              0x20000012   Data           2  task.o(.data)
    encoder_value                            0x20000014   Data           2  task.o(.data)
    vin                                      0x20000018   Data           4  task.o(.data)
    temp                                     0x2000001c   Data           4  task.o(.data)
    vout                                     0x20000020   Data           4  task.o(.data)
    iout                                     0x20000024   Data           4  task.o(.data)
    spinbox_v                                0x20000028   Data           8  task.o(.data)
    spinbox_i                                0x20000030   Data           8  task.o(.data)
    adc_count                                0x20000038   Data           1  hw_init.o(.data)
    _syscall_table_begin                     0x2000003c   Data           4  shell.o(.data)
    _syscall_table_end                       0x20000040   Data           4  shell.o(.data)
    _sysvar_table_begin                      0x20000044   Data           4  shell.o(.data)
    _sysvar_table_end                        0x20000048   Data           4  shell.o(.data)
    shell                                    0x20000050   Data           4  shell.o(.data)
    rt_interrupt_nest                        0x20000058   Data           1  irq.o(.data)
    rt_assert_hook                           0x20000060   Data           4  kservice.o(.data)
    rt_current_priority                      0x200000ac   Data           1  scheduler.o(.data)
    rt_current_thread                        0x200000b0   Data           4  scheduler.o(.data)
    rt_thread_ready_priority_group           0x200000b4   Data           4  scheduler.o(.data)
    rt_thread_defunct                        0x200000b8   Data           8  scheduler.o(.data)
    rt_interrupt_from_thread                 0x200000cc   Data           4  cpuport.o(.data)
    rt_interrupt_to_thread                   0x200000d0   Data           4  cpuport.o(.data)
    rt_thread_switch_interrupt_flag          0x200000d4   Data           4  cpuport.o(.data)
    htim1                                    0x200000dc   Data          64  stm32f0xx_hal_timebase_tim.o(.bss)
    OLED_GRAM                                0x2000011c   Data        1024  lcd.o(.bss)
    hadc                                     0x2000051c   Data          64  hw_init.o(.bss)
    htim3                                    0x2000055c   Data          64  hw_init.o(.bss)
    hdac                                     0x2000059c   Data          20  hw_init.o(.bss)
    huart1                                   0x200005b0   Data         128  hw_init.o(.bss)
    adc_convertedvalue                       0x20000630   Data         400  hw_init.o(.bss)
    hdma_adc                                 0x200007c0   Data          68  hw_init.o(.bss)
    rt_thread_priority_table                 0x20002080   Data         256  scheduler.o(.bss)
    __initial_sp                             0x20002980   Data           0  startup_stm32f072xb.o(STACK)



==============================================================================

Memory Map of the image

  Image Entry point : 0x080000c1

  Load Region LR_IROM1 (Base: 0x08000000, Size: 0x00008670, Max: 0x00020000, ABSOLUTE)

    Execution Region ER_IROM1 (Exec base: 0x08000000, Load base: 0x08000000, Size: 0x00008594, Max: 0x00020000, ABSOLUTE)

    Exec Addr    Load Addr    Size         Type   Attr      Idx    E Section Name        Object

    0x08000000   0x08000000   0x000000c0   Data   RO            3    RESET               startup_stm32f072xb.o
    0x080000c0   0x080000c0   0x00000000   Code   RO         5443  * .ARM.Collect$$$$00000000  mc_p.l(entry.o)
    0x080000c0   0x080000c0   0x00000004   Code   RO         5502    .ARM.Collect$$$$00000001  mc_p.l(entry2.o)
    0x080000c4   0x080000c4   0x00000004   Code   RO         5505    .ARM.Collect$$$$00000004  mc_p.l(entry5.o)
    0x080000c8   0x080000c8   0x00000000   Code   RO         5507    .ARM.Collect$$$$00000008  mc_p.l(entry7b.o)
    0x080000c8   0x080000c8   0x00000000   Code   RO         5509    .ARM.Collect$$$$0000000A  mc_p.l(entry8b.o)
    0x080000c8   0x080000c8   0x00000008   Code   RO         5510    .ARM.Collect$$$$0000000B  mc_p.l(entry9a.o)
    0x080000d0   0x080000d0   0x00000004   Code   RO         5517    .ARM.Collect$$$$0000000E  mc_p.l(entry12b.o)
    0x080000d4   0x080000d4   0x00000000   Code   RO         5512    .ARM.Collect$$$$0000000F  mc_p.l(entry10a.o)
    0x080000d4   0x080000d4   0x00000000   Code   RO         5514    .ARM.Collect$$$$00000011  mc_p.l(entry11a.o)
    0x080000d4   0x080000d4   0x00000004   Code   RO         5503    .ARM.Collect$$$$00002712  mc_p.l(entry2.o)
    0x080000d8   0x080000d8   0x0000001c   Code   RO            4    .text               startup_stm32f072xb.o
    0x080000f4   0x080000f4   0x000000d8   Code   RO         4507    .text               context_rvds.o
    0x080001cc   0x080001cc   0x0000002c   Code   RO         5446    .text               mc_p.l(uidiv.o)
    0x080001f8   0x080001f8   0x00000028   Code   RO         5448    .text               mc_p.l(idiv.o)
    0x08000220   0x08000220   0x00000060   Code   RO         5450    .text               mc_p.l(uldiv.o)
    0x08000280   0x08000280   0x00000022   Code   RO         5452    .text               mc_p.l(llushr.o)
    0x080002a2   0x080002a2   0x00000024   Code   RO         5454    .text               mc_p.l(memcpya.o)
    0x080002c6   0x080002c6   0x00000024   Code   RO         5456    .text               mc_p.l(memseta.o)
    0x080002ea   0x080002ea   0x00000018   Code   RO         5458    .text               mc_p.l(strcat.o)
    0x08000302   0x08000302   0x0000001a   Code   RO         5460    .text               mc_p.l(strncpy.o)
    0x0800031c   0x0800031c   0x0000000e   Code   RO         5462    .text               mc_p.l(strlen.o)
    0x0800032a   0x0800032a   0x00000012   Code   RO         5464    .text               mc_p.l(strcpy.o)
    0x0800033c   0x0800033c   0x0000001e   Code   RO         5466    .text               mc_p.l(strncmp.o)
    0x0800035a   0x0800035a   0x000000b2   Code   RO         5470    .text               mf_p.l(fadd.o)
    0x0800040c   0x0800040c   0x0000007a   Code   RO         5472    .text               mf_p.l(fmul.o)
    0x08000486   0x08000486   0x0000007c   Code   RO         5474    .text               mf_p.l(fdiv.o)
    0x08000502   0x08000502   0x00000018   Code   RO         5476    .text               mf_p.l(fscalb.o)
    0x0800051a   0x0800051a   0x00000002   PAD
    0x0800051c   0x0800051c   0x00000168   Code   RO         5478    .text               mf_p.l(dadd.o)
    0x08000684   0x08000684   0x000000d0   Code   RO         5480    .text               mf_p.l(dmul.o)
    0x08000754   0x08000754   0x000000f0   Code   RO         5482    .text               mf_p.l(ddiv.o)
    0x08000844   0x08000844   0x0000002c   Code   RO         5484    .text               mf_p.l(dscalb.o)
    0x08000870   0x08000870   0x00000016   Code   RO         5486    .text               mf_p.l(fflti.o)
    0x08000886   0x08000886   0x00000002   PAD
    0x08000888   0x08000888   0x00000028   Code   RO         5488    .text               mf_p.l(dflti.o)
    0x080008b0   0x080008b0   0x0000001c   Code   RO         5490    .text               mf_p.l(dfltui.o)
    0x080008cc   0x080008cc   0x00000028   Code   RO         5492    .text               mf_p.l(ffixui.o)
    0x080008f4   0x080008f4   0x0000003c   Code   RO         5494    .text               mf_p.l(dfixui.o)
    0x08000930   0x08000930   0x00000028   Code   RO         5496    .text               mf_p.l(f2d.o)
    0x08000958   0x08000958   0x00000038   Code   RO         5498    .text               mf_p.l(d2f.o)
    0x08000990   0x08000990   0x00000014   Code   RO         5500    .text               mf_p.l(cfcmple.o)
    0x080009a4   0x080009a4   0x00000020   Code   RO         5518    .text               mc_p.l(llshl.o)
    0x080009c4   0x080009c4   0x00000026   Code   RO         5520    .text               mc_p.l(llsshr.o)
    0x080009ea   0x080009ea   0x00000000   Code   RO         5529    .text               mc_p.l(iusefp.o)
    0x080009ea   0x080009ea   0x00000082   Code   RO         5530    .text               mf_p.l(fepilogue.o)
    0x08000a6c   0x08000a6c   0x000000be   Code   RO         5532    .text               mf_p.l(depilogue.o)
    0x08000b2a   0x08000b2a   0x000000a2   Code   RO         5536    .text               mf_p.l(dsqrt.o)
    0x08000bcc   0x08000bcc   0x00000024   Code   RO         5540    .text               mc_p.l(init.o)
    0x08000bf0   0x08000bf0   0x0000000a   Code   RO         4589    i.$Sub$$main        components.o
    0x08000bfa   0x08000bfa   0x0000006c   Code   RO          427    i.ADC_DMAConvCplt   stm32f0xx_hal_adc.o
    0x08000c66   0x08000c66   0x0000001a   Code   RO          428    i.ADC_DMAError      stm32f0xx_hal_adc.o
    0x08000c80   0x08000c80   0x0000000a   Code   RO          429    i.ADC_DMAHalfConvCplt  stm32f0xx_hal_adc.o
    0x08000c8a   0x08000c8a   0x00000002   PAD
    0x08000c8c   0x08000c8c   0x00000084   Code   RO          431    i.ADC_Enable        stm32f0xx_hal_adc.o
    0x08000d10   0x08000d10   0x00000018   Code   RO          199    i.DMA1_Channel1_IRQHandler  stm32f0xx_it.o
    0x08000d28   0x08000d28   0x00000024   Code   RO         1530    i.DMA_CalcBaseAndBitshift  stm32f0xx_hal_dma.o
    0x08000d4c   0x08000d4c   0x00000028   Code   RO         1531    i.DMA_SetConfig     stm32f0xx_hal_dma.o
    0x08000d74   0x08000d74   0x00000064   Code   RO          200    i.EXTI0_1_IRQHandler  stm32f0xx_it.o
    0x08000dd8   0x08000dd8   0x0000008c   Code   RO          201    i.EXTI4_15_IRQHandler  stm32f0xx_it.o
    0x08000e64   0x08000e64   0x00000002   Code   RO         4142    i.Error_Handler     hw_init.o
    0x08000e66   0x08000e66   0x000000b0   Code   RO          602    i.HAL_ADCEx_Calibration_Start  stm32f0xx_hal_adc_ex.o
    0x08000f16   0x08000f16   0x00000002   PAD
    0x08000f18   0x08000f18   0x0000012c   Code   RO          433    i.HAL_ADC_ConfigChannel  stm32f0xx_hal_adc.o
    0x08001044   0x08001044   0x00000002   Code   RO          434    i.HAL_ADC_ConvCpltCallback  stm32f0xx_hal_adc.o
    0x08001046   0x08001046   0x00000002   Code   RO          435    i.HAL_ADC_ConvHalfCpltCallback  stm32f0xx_hal_adc.o
    0x08001048   0x08001048   0x00000002   Code   RO          437    i.HAL_ADC_ErrorCallback  stm32f0xx_hal_adc.o
    0x0800104a   0x0800104a   0x00000002   PAD
    0x0800104c   0x0800104c   0x00000178   Code   RO          442    i.HAL_ADC_Init      stm32f0xx_hal_adc.o
    0x080011c4   0x080011c4   0x0000008c   Code   RO          275    i.HAL_ADC_MspInit   stm32f0xx_hal_msp.o
    0x08001250   0x08001250   0x000000a0   Code   RO          449    i.HAL_ADC_Start_DMA  stm32f0xx_hal_adc.o
    0x080012f0   0x080012f0   0x00000038   Code   RO         2465    i.HAL_DAC_ConfigChannel  stm32f0xx_hal_dac_ex.o
    0x08001328   0x08001328   0x0000002a   Code   RO         2339    i.HAL_DAC_Init      stm32f0xx_hal_dac.o
    0x08001352   0x08001352   0x00000002   PAD
    0x08001354   0x08001354   0x00000058   Code   RO          277    i.HAL_DAC_MspInit   stm32f0xx_hal_msp.o
    0x080013ac   0x080013ac   0x0000001c   Code   RO         2342    i.HAL_DAC_SetValue  stm32f0xx_hal_dac.o
    0x080013c8   0x080013c8   0x00000054   Code   RO         2468    i.HAL_DAC_Start     stm32f0xx_hal_dac_ex.o
    0x0800141c   0x0800141c   0x0000009c   Code   RO         1537    i.HAL_DMA_IRQHandler  stm32f0xx_hal_dma.o
    0x080014b8   0x080014b8   0x00000054   Code   RO         1538    i.HAL_DMA_Init      stm32f0xx_hal_dma.o
    0x0800150c   0x0800150c   0x0000006a   Code   RO         1542    i.HAL_DMA_Start_IT  stm32f0xx_hal_dma.o
    0x08001576   0x08001576   0x00000002   PAD
    0x08001578   0x08001578   0x00000180   Code   RO         1471    i.HAL_GPIO_Init     stm32f0xx_hal_gpio.o
    0x080016f8   0x080016f8   0x0000000c   Code   RO          811    i.HAL_GetTick       stm32f0xx_hal.o
    0x08001704   0x08001704   0x00000010   Code   RO          817    i.HAL_IncTick       stm32f0xx_hal.o
    0x08001714   0x08001714   0x00000020   Code   RO          818    i.HAL_Init          stm32f0xx_hal.o
    0x08001734   0x08001734   0x00000078   Code   RO          343    i.HAL_InitTick      stm32f0xx_hal_timebase_tim.o
    0x080017ac   0x080017ac   0x00000028   Code   RO          278    i.HAL_MspInit       stm32f0xx_hal_msp.o
    0x080017d4   0x080017d4   0x00000018   Code   RO         1630    i.HAL_NVIC_EnableIRQ  stm32f0xx_hal_cortex.o
    0x080017ec   0x080017ec   0x00000008   Code   RO         1634    i.HAL_NVIC_SetPriority  stm32f0xx_hal_cortex.o
    0x080017f4   0x080017f4   0x00000120   Code   RO          727    i.HAL_RCCEx_PeriphCLKConfig  stm32f0xx_hal_rcc_ex.o
    0x08001914   0x08001914   0x00000114   Code   RO          623    i.HAL_RCC_ClockConfig  stm32f0xx_hal_rcc.o
    0x08001a28   0x08001a28   0x00000038   Code   RO          627    i.HAL_RCC_GetClockConfig  stm32f0xx_hal_rcc.o
    0x08001a60   0x08001a60   0x00000020   Code   RO          630    i.HAL_RCC_GetPCLK1Freq  stm32f0xx_hal_rcc.o
    0x08001a80   0x08001a80   0x000000a0   Code   RO          631    i.HAL_RCC_GetSysClockFreq  stm32f0xx_hal_rcc.o
    0x08001b20   0x08001b20   0x00000404   Code   RO          634    i.HAL_RCC_OscConfig  stm32f0xx_hal_rcc.o
    0x08001f24   0x08001f24   0x00000002   Code   RO         3261    i.HAL_TIMEx_BreakCallback  stm32f0xx_hal_tim_ex.o
    0x08001f26   0x08001f26   0x00000002   Code   RO         3262    i.HAL_TIMEx_CommutCallback  stm32f0xx_hal_tim_ex.o
    0x08001f28   0x08001f28   0x00000060   Code   RO         3279    i.HAL_TIMEx_MasterConfigSynchronization  stm32f0xx_hal_tim_ex.o
    0x08001f88   0x08001f88   0x00000034   Code   RO         2578    i.HAL_TIM_Base_Init  stm32f0xx_hal_tim.o
    0x08001fbc   0x08001fbc   0x00000034   Code   RO          280    i.HAL_TIM_Base_MspInit  stm32f0xx_hal_msp.o
    0x08001ff0   0x08001ff0   0x00000020   Code   RO         2583    i.HAL_TIM_Base_Start_IT  stm32f0xx_hal_tim.o
    0x08002010   0x08002010   0x000000d0   Code   RO         2587    i.HAL_TIM_ConfigClockSource  stm32f0xx_hal_tim.o
    0x080020e0   0x080020e0   0x00000002   Code   RO         2609    i.HAL_TIM_IC_CaptureCallback  stm32f0xx_hal_tim.o
    0x080020e2   0x080020e2   0x00000162   Code   RO         2623    i.HAL_TIM_IRQHandler  stm32f0xx_hal_tim.o
    0x08002244   0x08002244   0x00000002   Code   RO         2626    i.HAL_TIM_OC_DelayElapsedCallback  stm32f0xx_hal_tim.o
    0x08002246   0x08002246   0x00000002   Code   RO         2653    i.HAL_TIM_PWM_PulseFinishedCallback  stm32f0xx_hal_tim.o
    0x08002248   0x08002248   0x00000164   Code   RO         4143    i.HAL_TIM_PeriodElapsedCallback  hw_init.o
    0x080023ac   0x080023ac   0x00000002   Code   RO         2666    i.HAL_TIM_TriggerCallback  stm32f0xx_hal_tim.o
    0x080023ae   0x080023ae   0x0000006a   Code   RO         3536    i.HAL_UART_Init     stm32f0xx_hal_uart.o
    0x08002418   0x08002418   0x00000064   Code   RO          282    i.HAL_UART_MspInit  stm32f0xx_hal_msp.o
    0x0800247c   0x0800247c   0x000000ce   Code   RO         3545    i.HAL_UART_Transmit  stm32f0xx_hal_uart.o
    0x0800254a   0x0800254a   0x00000002   PAD
    0x0800254c   0x0800254c   0x0000009c   Code   RO         4144    i.LDP_HW_Init       hw_init.o
    0x080025e8   0x080025e8   0x00000048   Code   RO         3962    i.LDP_Show_ICON     lcd.o
    0x08002630   0x08002630   0x000000bc   Code   RO         4072    i.LDP_Thread_Creat  task.o
    0x080026ec   0x080026ec   0x00000174   Code   RO         4073    i.LDP_Thread_GUI_Entry  task.o
    0x08002860   0x08002860   0x00000088   Code   RO         4074    i.LDP_Thread_Settings_Entry  task.o
    0x080028e8   0x080028e8   0x00000084   Code   RO         4075    i.LDP_Thread_Spinbox_Entry  task.o
    0x0800296c   0x0800296c   0x00000018   Code   RO         4145    i.LL_AHB1_GRP1_EnableClock  hw_init.o
    0x08002984   0x08002984   0x000000a0   Code   RO         2295    i.LL_EXTI_Init      stm32f0xx_ll_exti.o
    0x08002a24   0x08002a24   0x00000014   Code   RO          202    i.LL_EXTI_IsActiveFlag_0_31  stm32f0xx_it.o
    0x08002a38   0x08002a38   0x000000ae   Code   RO          381    i.LL_GPIO_Init      stm32f0xx_ll_gpio.o
    0x08002ae6   0x08002ae6   0x0000000e   Code   RO          203    i.LL_GPIO_IsInputPinSet  stm32f0xx_it.o
    0x08002af4   0x08002af4   0x00000014   Code   RO         4146    i.LL_GPIO_SetPinMode  hw_init.o
    0x08002b08   0x08002b08   0x00000014   Code   RO         4147    i.LL_GPIO_SetPinPull  hw_init.o
    0x08002b1c   0x08002b1c   0x00000020   Code   RO         4148    i.LL_SYSCFG_SetEXTISource  hw_init.o
    0x08002b3c   0x08002b3c   0x00000078   Code   RO         4149    i.MX_ADC_Init       hw_init.o
    0x08002bb4   0x08002bb4   0x00000154   Code   RO         4150    i.MX_GPIO_Init      hw_init.o
    0x08002d08   0x08002d08   0x00000054   Code   RO         4151    i.MX_TIM3_Init      hw_init.o
    0x08002d5c   0x08002d5c   0x00000030   Code   RO         4152    i.MX_USART1_UART_Init  hw_init.o
    0x08002d8c   0x08002d8c   0x00000002   Code   RO          204    i.NMI_Handler       stm32f0xx_it.o
    0x08002d8e   0x08002d8e   0x00000002   PAD
    0x08002d90   0x08002d90   0x00000028   Code   RO         3963    i.OLED_Clear        lcd.o
    0x08002db8   0x08002db8   0x00000038   Code   RO         3966    i.OLED_DrawPoint    lcd.o
    0x08002df0   0x08002df0   0x00000104   Code   RO         3967    i.OLED_Init         lcd.o
    0x08002ef4   0x08002ef4   0x00000048   Code   RO         3968    i.OLED_Refresh_Gram  lcd.o
    0x08002f3c   0x08002f3c   0x000000c0   Code   RO         3970    i.OLED_ShowChar     lcd.o
    0x08002ffc   0x08002ffc   0x0000008a   Code   RO         3971    i.OLED_ShowNum      lcd.o
    0x08003086   0x08003086   0x000000ae   Code   RO         3972    i.OLED_ShowPicture  lcd.o
    0x08003134   0x08003134   0x00000056   Code   RO         3973    i.OLED_ShowString   lcd.o
    0x0800318a   0x0800318a   0x0000008c   Code   RO         4076    i.OLED_Show_Out     task.o
    0x08003216   0x08003216   0x000000e4   Code   RO         4077    i.OLED_Show_Spinbox  task.o
    0x080032fa   0x080032fa   0x0000008e   Code   RO         4078    i.OLED_Show_Spinbox_pos  task.o
    0x08003388   0x08003388   0x00000040   Code   RO         3974    i.OLED_WR_Byte      lcd.o
    0x080033c8   0x080033c8   0x00000010   Code   RO         4513    i.SysTick_Handler   board.o
    0x080033d8   0x080033d8   0x00000060   Code   RO         4153    i.SystemClock_Config  hw_init.o
    0x08003438   0x08003438   0x0000007c   Code   RO         3928    i.SystemCoreClockUpdate  system_stm32f0xx.o
    0x080034b4   0x080034b4   0x00000002   Code   RO         3929    i.SystemInit        system_stm32f0xx.o
    0x080034b6   0x080034b6   0x00000002   PAD
    0x080034b8   0x080034b8   0x00000018   Code   RO          205    i.TIM1_BRK_UP_TRG_COM_IRQHandler  stm32f0xx_it.o
    0x080034d0   0x080034d0   0x00000010   Code   RO          206    i.TIM3_IRQHandler   stm32f0xx_it.o
    0x080034e0   0x080034e0   0x00000094   Code   RO         2668    i.TIM_Base_SetConfig  stm32f0xx_hal_tim.o
    0x08003574   0x08003574   0x00000016   Code   RO         2679    i.TIM_ETR_SetConfig  stm32f0xx_hal_tim.o
    0x0800358a   0x0800358a   0x00000010   Code   RO         2680    i.TIM_ITRx_SetConfig  stm32f0xx_hal_tim.o
    0x0800359a   0x0800359a   0x00000022   Code   RO         2686    i.TIM_TI1_ConfigInputStage  stm32f0xx_hal_tim.o
    0x080035bc   0x080035bc   0x00000026   Code   RO         2688    i.TIM_TI2_ConfigInputStage  stm32f0xx_hal_tim.o
    0x080035e2   0x080035e2   0x000000ca   Code   RO         3550    i.UART_AdvFeatureConfig  stm32f0xx_hal_uart.o
    0x080036ac   0x080036ac   0x00000060   Code   RO         3551    i.UART_CheckIdleState  stm32f0xx_hal_uart.o
    0x0800370c   0x0800370c   0x0000017c   Code   RO         3566    i.UART_SetConfig    stm32f0xx_hal_uart.o
    0x08003888   0x08003888   0x0000009c   Code   RO         3569    i.UART_WaitOnFlagUntilTimeout  stm32f0xx_hal_uart.o
    0x08003924   0x08003924   0x0000002e   Code   RO         5534    i.__ARM_clz         mf_p.l(depilogue.o)
    0x08003952   0x08003952   0x00000030   Code   RO          708    i.__ARM_common_ll_muluu  stm32f0xx_hal_rcc.o
    0x08003982   0x08003982   0x0000001a   Code   RO         1621    i.__ARM_common_switch8  stm32f0xx_hal_dma.o
    0x0800399c   0x0800399c   0x00000018   Code   RO         4154    i.__NVIC_EnableIRQ  hw_init.o
    0x080039b4   0x080039b4   0x00000044   Code   RO         1640    i.__NVIC_SetPriority  stm32f0xx_hal_cortex.o
    0x080039f8   0x080039f8   0x00000044   Code   RO         4155    i.__NVIC_SetPriority  hw_init.o
    0x08003a3c   0x08003a3c   0x00000040   Code   RO         4795    i.__rt_ffs          kservice.o
    0x08003a7c   0x08003a7c   0x0000000e   Code   RO         5544    i.__scatterload_copy  mc_p.l(handlers.o)
    0x08003a8a   0x08003a8a   0x00000002   Code   RO         5545    i.__scatterload_null  mc_p.l(handlers.o)
    0x08003a8c   0x08003a8c   0x0000000e   Code   RO         5546    i.__scatterload_zeroinit  mc_p.l(handlers.o)
    0x08003a9a   0x08003a9a   0x00000002   PAD
    0x08003a9c   0x08003a9c   0x0000000c   Code   RO         5524    i.__set_errno       mc_p.l(errno.o)
    0x08003aa8   0x08003aa8   0x00000014   Code   RO         4658    i._has_defunct_thread  idle.o
    0x08003abc   0x08003abc   0x000000d0   Code   RO         4448    i._msh_exec_cmd     msh.o
    0x08003b8c   0x08003b8c   0x000000bc   Code   RO         5121    i._rt_scheduler_stack_check  scheduler.o
    0x08003c48   0x08003c48   0x000000a8   Code   RO         5189    i._rt_thread_init   thread.o
    0x08003cf0   0x08003cf0   0x0000001c   Code   RO         5312    i._rt_timer_init    timer.o
    0x08003d0c   0x08003d0c   0x00000014   Code   RO         5313    i._rt_timer_remove  timer.o
    0x08003d20   0x08003d20   0x0000000a   Code   RO         4449    i.cmd_free          msh.o
    0x08003d2a   0x08003d2a   0x0000000a   Code   RO         4450    i.cmd_ps            msh.o
    0x08003d34   0x08003d34   0x0000000a   Code   RO          207    i.delya_us          stm32f0xx_it.o
    0x08003d3e   0x08003d3e   0x00000002   PAD
    0x08003d40   0x08003d40   0x00000064   Code   RO         4265    i.finsh_get_prompt  shell.o
    0x08003da4   0x08003da4   0x00000048   Code   RO         4269    i.finsh_set_prompt_mode  shell.o
    0x08003dec   0x08003dec   0x0000000c   Code   RO         4270    i.finsh_system_function_init  shell.o
    0x08003df8   0x08003df8   0x00000098   Code   RO         4271    i.finsh_system_init  shell.o
    0x08003e90   0x08003e90   0x00000274   Code   RO         4273    i.finsh_thread_entry  shell.o
    0x08004104   0x08004104   0x00000020   Code   RO         4365    i.hello             cmd.o
    0x08004124   0x08004124   0x00000058   Code   RO         4366    i.list              cmd.o
    0x0800417c   0x0800417c   0x00000020   Code   RO         4367    i.list_find_init    cmd.o
    0x0800419c   0x0800419c   0x00000068   Code   RO         4368    i.list_get_next     cmd.o
    0x08004204   0x08004204   0x0000006c   Code   RO         4984    i.list_mem          mem.o
    0x08004270   0x08004270   0x0000013c   Code   RO         4369    i.list_sem          cmd.o
    0x080043ac   0x080043ac   0x000001c0   Code   RO         4370    i.list_thread       cmd.o
    0x0800456c   0x0800456c   0x00000140   Code   RO         4371    i.list_timer        cmd.o
    0x080046ac   0x080046ac   0x0000000a   Code   RO           12    i.main              main.o
    0x080046b6   0x080046b6   0x0000000c   Code   RO         4590    i.main_thread_entry  components.o
    0x080046c2   0x080046c2   0x00000002   PAD
    0x080046c4   0x080046c4   0x000000b0   Code   RO         4451    i.msh_auto_complete  msh.o
    0x08004774   0x08004774   0x00000068   Code   RO         4452    i.msh_exec          msh.o
    0x080047dc   0x080047dc   0x00000070   Code   RO         4453    i.msh_help          msh.o
    0x0800484c   0x0800484c   0x00000004   Code   RO         4454    i.msh_is_used       msh.o
    0x08004850   0x08004850   0x000000d0   Code   RO         4455    i.msh_split         msh.o
    0x08004920   0x08004920   0x00000014   Code   RO         3975    i.mypow             lcd.o
    0x08004934   0x08004934   0x00000018   Code   RO         4372    i.object_split      cmd.o
    0x0800494c   0x0800494c   0x000000ec   Code   RO         4985    i.plug_holes        mem.o
    0x08004a38   0x08004a38   0x00000144   Code   RO         4797    i.print_number      kservice.o
    0x08004b7c   0x08004b7c   0x00000050   Code   RO         4591    i.rt_application_init  components.o
    0x08004bcc   0x08004bcc   0x00000068   Code   RO         4798    i.rt_assert_handler  kservice.o
    0x08004c34   0x08004c34   0x0000001c   Code   RO         4986    i.rt_calloc         mem.o
    0x08004c50   0x08004c50   0x0000001c   Code   RO         4592    i.rt_components_board_init  components.o
    0x08004c6c   0x08004c6c   0x0000001c   Code   RO         4593    i.rt_components_init  components.o
    0x08004c88   0x08004c88   0x00000018   Code   RO         5123    i.rt_enter_critical  scheduler.o
    0x08004ca0   0x08004ca0   0x00000034   Code   RO         5124    i.rt_exit_critical  scheduler.o
    0x08004cd4   0x08004cd4   0x000001c8   Code   RO         4987    i.rt_free           mem.o
    0x08004e9c   0x08004e9c   0x00000008   Code   RO         4514    i.rt_heap_begin_get  board.o
    0x08004ea4   0x08004ea4   0x00000008   Code   RO         4515    i.rt_heap_end_get   board.o
    0x08004eac   0x08004eac   0x00000058   Code   RO         4516    i.rt_hw_board_init  board.o
    0x08004f04   0x08004f04   0x00000034   Code   RO         4156    i.rt_hw_console_getchar  hw_init.o
    0x08004f38   0x08004f38   0x00000048   Code   RO         4157    i.rt_hw_console_output  hw_init.o
    0x08004f80   0x08004f80   0x000000f4   Code   RO         5406    i.rt_hw_hard_fault_exception  cpuport.o
    0x08005074   0x08005074   0x00000038   Code   RO         5407    i.rt_hw_stack_init  cpuport.o
    0x080050ac   0x080050ac   0x00000018   Code   RO         4768    i.rt_interrupt_enter  irq.o
    0x080050c4   0x080050c4   0x0000000c   Code   RO         4769    i.rt_interrupt_get_nest  irq.o
    0x080050d0   0x080050d0   0x00000018   Code   RO         4770    i.rt_interrupt_leave  irq.o
    0x080050e8   0x080050e8   0x00000024   Code   RO         4803    i.rt_kprintf        kservice.o
    0x0800510c   0x0800510c   0x0000000e   Code   RO         5045    i.rt_list_insert_after  object.o
    0x0800511a   0x0800511a   0x0000000e   Code   RO         5190    i.rt_list_insert_after  thread.o
    0x08005128   0x08005128   0x0000000e   Code   RO         5314    i.rt_list_insert_after  timer.o
    0x08005136   0x08005136   0x0000000e   Code   RO         4700    i.rt_list_insert_before  ipc.o
    0x08005144   0x08005144   0x00000012   Code   RO         4373    i.rt_list_len       cmd.o
    0x08005156   0x08005156   0x00000012   Code   RO         5046    i.rt_list_remove    object.o
    0x08005168   0x08005168   0x00000012   Code   RO         5191    i.rt_list_remove    thread.o
    0x0800517a   0x0800517a   0x00000002   PAD
    0x0800517c   0x0800517c   0x000001e8   Code   RO         4988    i.rt_malloc         mem.o
    0x08005364   0x08005364   0x0000002e   Code   RO         4808    i.rt_memmove        kservice.o
    0x08005392   0x08005392   0x00000012   Code   RO         4809    i.rt_memset         kservice.o
    0x080053a4   0x080053a4   0x000000cc   Code   RO         5047    i.rt_object_allocate  object.o
    0x08005470   0x08005470   0x00000088   Code   RO         5048    i.rt_object_delete  object.o
    0x080054f8   0x080054f8   0x00000044   Code   RO         5049    i.rt_object_detach  object.o
    0x0800553c   0x0800553c   0x00000020   Code   RO         5051    i.rt_object_get_information  object.o
    0x0800555c   0x0800555c   0x00000034   Code   RO         5052    i.rt_object_get_type  object.o
    0x08005590   0x08005590   0x00000098   Code   RO         5053    i.rt_object_init    object.o
    0x08005628   0x08005628   0x00000038   Code   RO         5054    i.rt_object_is_systemobject  object.o
    0x08005660   0x08005660   0x00000068   Code   RO         5125    i.rt_schedule       scheduler.o
    0x080056c8   0x080056c8   0x00000070   Code   RO         5126    i.rt_schedule_insert_thread  scheduler.o
    0x08005738   0x08005738   0x0000006c   Code   RO         5127    i.rt_schedule_remove_thread  scheduler.o
    0x080057a4   0x080057a4   0x0000006c   Code   RO         4705    i.rt_sem_init       ipc.o
    0x08005810   0x08005810   0x00000074   Code   RO         4706    i.rt_sem_release    ipc.o
    0x08005884   0x08005884   0x000001a4   Code   RO         4707    i.rt_sem_take       ipc.o
    0x08005a28   0x08005a28   0x000000b0   Code   RO         4811    i.rt_show_version   kservice.o
    0x08005ad8   0x08005ad8   0x00000010   Code   RO         4817    i.rt_strlen         kservice.o
    0x08005ae8   0x08005ae8   0x00000028   Code   RO         4819    i.rt_strncpy        kservice.o
    0x08005b10   0x08005b10   0x00000104   Code   RO         4991    i.rt_system_heap_init  mem.o
    0x08005c14   0x08005c14   0x00000034   Code   RO         5128    i.rt_system_scheduler_init  scheduler.o
    0x08005c48   0x08005c48   0x00000028   Code   RO         5129    i.rt_system_scheduler_start  scheduler.o
    0x08005c70   0x08005c70   0x0000000c   Code   RO         5315    i.rt_system_timer_init  timer.o
    0x08005c7c   0x08005c7c   0x00000002   Code   RO         5316    i.rt_system_timer_thread_init  timer.o
    0x08005c7e   0x08005c7e   0x00000040   Code   RO         5193    i.rt_thread_create  thread.o
    0x08005cbe   0x08005cbe   0x00000002   PAD
    0x08005cc0   0x08005cc0   0x00000058   Code   RO         5197    i.rt_thread_exit    thread.o
    0x08005d18   0x08005d18   0x00000006   Code   RO         4659    i.rt_thread_idle_entry  idle.o
    0x08005d1e   0x08005d1e   0x00000002   PAD
    0x08005d20   0x08005d20   0x000000d0   Code   RO         4660    i.rt_thread_idle_excute  idle.o
    0x08005df0   0x08005df0   0x00000034   Code   RO         4662    i.rt_thread_idle_init  idle.o
    0x08005e24   0x08005e24   0x00000078   Code   RO         5199    i.rt_thread_init    thread.o
    0x08005e9c   0x08005e9c   0x0000000c   Code   RO         5200    i.rt_thread_mdelay  thread.o
    0x08005ea8   0x08005ea8   0x00000080   Code   RO         5201    i.rt_thread_resume  thread.o
    0x08005f28   0x08005f28   0x0000000c   Code   RO         5202    i.rt_thread_self    thread.o
    0x08005f34   0x08005f34   0x00000084   Code   RO         5203    i.rt_thread_sleep   thread.o
    0x08005fb8   0x08005fb8   0x000000bc   Code   RO         5204    i.rt_thread_startup  thread.o
    0x08006074   0x08006074   0x00000084   Code   RO         5205    i.rt_thread_suspend  thread.o
    0x080060f8   0x080060f8   0x000000b4   Code   RO         5206    i.rt_thread_timeout  thread.o
    0x080061ac   0x080061ac   0x0000005c   Code   RO         5207    i.rt_thread_yield   thread.o
    0x08006208   0x08006208   0x0000002e   Code   RO         4552    i.rt_tick_from_millisecond  clock.o
    0x08006236   0x08006236   0x00000002   PAD
    0x08006238   0x08006238   0x0000000c   Code   RO         4553    i.rt_tick_get       clock.o
    0x08006244   0x08006244   0x00000028   Code   RO         4554    i.rt_tick_increase  clock.o
    0x0800626c   0x0800626c   0x00000064   Code   RO         5317    i.rt_timer_check    timer.o
    0x080062d0   0x080062d0   0x000000b4   Code   RO         5318    i.rt_timer_control  timer.o
    0x08006384   0x08006384   0x000000d4   Code   RO         5321    i.rt_timer_detach   timer.o
    0x08006458   0x08006458   0x0000004c   Code   RO         5322    i.rt_timer_init     timer.o
    0x080064a4   0x080064a4   0x00000140   Code   RO         5324    i.rt_timer_start    timer.o
    0x080065e4   0x080065e4   0x000000a8   Code   RO         5325    i.rt_timer_stop     timer.o
    0x0800668c   0x0800668c   0x0000026c   Code   RO         4822    i.rt_vsnprintf      kservice.o
    0x080068f8   0x080068f8   0x00000004   Code   RO         4594    i.rti_board_end     components.o
    0x080068fc   0x080068fc   0x00000004   Code   RO         4595    i.rti_board_start   components.o
    0x08006900   0x08006900   0x00000004   Code   RO         4596    i.rti_end           components.o
    0x08006904   0x08006904   0x00000004   Code   RO         4597    i.rti_start         components.o
    0x08006908   0x08006908   0x0000002a   Code   RO         4598    i.rtthread_startup  components.o
    0x08006932   0x08006932   0x00000020   Code   RO         4824    i.skip_atoi         kservice.o
    0x08006952   0x08006952   0x00000002   PAD
    0x08006954   0x08006954   0x00000028   Code   RO         4079    i.spinbox_iset_int  task.o
    0x0800697c   0x0800697c   0x00000020   Code   RO         4080    i.spinbox_vset_init  task.o
    0x0800699c   0x0800699c   0x00000048   Code   RO         5436    i.sqrt              m_ps.l(sqrt.o)
    0x080069e4   0x080069e4   0x0000000a   Code   RO         4374    i.version           cmd.o
    0x080069ee   0x080069ee   0x00000010   Data   RO         3930    .constdata          system_stm32f0xx.o
    0x080069fe   0x080069fe   0x00000008   Data   RO         3931    .constdata          system_stm32f0xx.o
    0x08006a06   0x08006a06   0x0000146a   Data   RO         3977    .constdata          lcd.o
    0x08007e70   0x08007e70   0x0000004a   Data   RO         4275    .constdata          shell.o
    0x08007eba   0x08007eba   0x00000006   Data   RO         4375    .constdata          cmd.o
    0x08007ec0   0x08007ec0   0x00000008   Data   RO         4376    .constdata          cmd.o
    0x08007ec8   0x08007ec8   0x0000000e   Data   RO         4377    .constdata          cmd.o
    0x08007ed6   0x08007ed6   0x0000000c   Data   RO         4378    .constdata          cmd.o
    0x08007ee2   0x08007ee2   0x00000012   Data   RO         4379    .constdata          cmd.o
    0x08007ef4   0x08007ef4   0x00000009   Data   RO         4380    .constdata          cmd.o
    0x08007efd   0x08007efd   0x0000000f   Data   RO         4381    .constdata          cmd.o
    0x08007f0c   0x08007f0c   0x0000000b   Data   RO         4382    .constdata          cmd.o
    0x08007f17   0x08007f17   0x00000011   Data   RO         4383    .constdata          cmd.o
    0x08007f28   0x08007f28   0x00000005   Data   RO         4384    .constdata          cmd.o
    0x08007f2d   0x08007f2d   0x0000000b   Data   RO         4456    .constdata          msh.o
    0x08007f38   0x08007f38   0x00000009   Data   RO         4457    .constdata          msh.o
    0x08007f41   0x08007f41   0x0000000b   Data   RO         4458    .constdata          msh.o
    0x08007f4c   0x08007f4c   0x0000000e   Data   RO         4459    .constdata          msh.o
    0x08007f5a   0x08007f5a   0x00000014   Data   RO         4599    .constdata          components.o
    0x08007f6e   0x08007f6e   0x00000016   Data   RO         4664    .constdata          idle.o
    0x08007f84   0x08007f84   0x00000060   Data   RO         4709    .constdata          ipc.o
    0x08007fe4   0x08007fe4   0x00000122   Data   RO         4826    .constdata          kservice.o
    0x08008106   0x08008106   0x00000009   Data   RO         4993    .constdata          mem.o
    0x0800810f   0x0800810f   0x0000003c   Data   RO         4994    .constdata          mem.o
    0x0800814b   0x0800814b   0x00000080   Data   RO         5056    .constdata          object.o
    0x080081cb   0x080081cb   0x0000004e   Data   RO         5131    .constdata          scheduler.o
    0x08008219   0x08008219   0x000000b9   Data   RO         5208    .constdata          thread.o
    0x080082d2   0x080082d2   0x0000005c   Data   RO         5326    .constdata          timer.o
    0x0800832e   0x0800832e   0x00000002   PAD
    0x08008330   0x08008330   0x00000044   Data   RO         4385    .conststring        cmd.o
    0x08008374   0x08008374   0x00000045   Data   RO         4710    .conststring        ipc.o
    0x080083b9   0x080083b9   0x00000003   PAD
    0x080083bc   0x080083bc   0x000000ed   Data   RO         4995    .conststring        mem.o
    0x080084a9   0x080084a9   0x00000003   PAD
    0x080084ac   0x080084ac   0x00000042   Data   RO         5209    .conststring        thread.o
    0x080084ee   0x080084ee   0x00000002   PAD
    0x080084f0   0x080084f0   0x00000004   Data   RO         4600    .rti_fn.0           components.o
    0x080084f4   0x080084f4   0x00000004   Data   RO         4601    .rti_fn.0.end       components.o
    0x080084f8   0x080084f8   0x00000004   Data   RO         4602    .rti_fn.1.end       components.o
    0x080084fc   0x080084fc   0x00000004   Data   RO         4277    .rti_fn.6           shell.o
    0x08008500   0x08008500   0x00000004   Data   RO         4603    .rti_fn.6.end       components.o
    0x08008504   0x08008504   0x00000050   Data   RO         4386    FSymTab             cmd.o
    0x08008554   0x08008554   0x00000018   Data   RO         4460    FSymTab             msh.o
    0x0800856c   0x0800856c   0x00000008   Data   RO         4997    FSymTab             mem.o
    0x08008574   0x08008574   0x00000020   Data   RO         5542    Region$$Table       anon$$obj.o


    Execution Region RW_IRAM1 (Exec base: 0x20000000, Load base: 0x08008594, Size: 0x00002980, Max: 0x00004000, ABSOLUTE)

    Exec Addr    Load Addr    Size         Type   Attr      Idx    E Section Name        Object

    0x20000000   0x08008594   0x0000000c   Data   RW          825    .data               stm32f0xx_hal.o
    0x2000000c   0x080085a0   0x00000004   Data   RW         3932    .data               system_stm32f0xx.o
    0x20000010   0x080085a4   0x00000028   Data   RW         4081    .data               task.o
    0x20000038   0x080085cc   0x00000001   Data   RW         4160    .data               hw_init.o
    0x20000039   0x080085cd   0x00000003   PAD
    0x2000003c   0x080085d0   0x00000018   Data   RW         4276    .data               shell.o
    0x20000054   0x080085e8   0x00000004   Data   RW         4556    .data               clock.o
    0x20000058   0x080085ec   0x00000001   Data   RW         4771    .data               irq.o
    0x20000059   0x080085ed   0x00000003   PAD
    0x2000005c   0x080085f0   0x00000008   Data   RW         4827    .data               kservice.o
    0x20000064   0x080085f8   0x00000018   Data   RW         4996    .data               mem.o
    0x2000007c   0x08008610   0x00000030   Data   RW         5057    .data               object.o
    0x200000ac   0x08008640   0x00000014   Data   RW         5132    .data               scheduler.o
    0x200000c0   0x08008654   0x0000000c   Data   RW         5327    .data               timer.o
    0x200000cc   0x08008660   0x00000004   Data   RW         5408    .data               cpuport.o
    0x200000d0   0x08008664   0x00000004   Data   RW         5409    .data               cpuport.o
    0x200000d4   0x08008668   0x00000004   Data   RW         5410    .data               cpuport.o
    0x200000d8   0x0800866c   0x00000004   Data   RW         5525    .data               mc_p.l(errno.o)
    0x200000dc        -       0x00000040   Zero   RW          346    .bss                stm32f0xx_hal_timebase_tim.o
    0x2000011c        -       0x00000400   Zero   RW         3976    .bss                lcd.o
    0x2000051c        -       0x000002a4   Zero   RW         4158    .bss                hw_init.o
    0x200007c0        -       0x00000044   Zero   RW         4159    .bss                hw_init.o
    0x20000804        -       0x00000081   Zero   RW         4274    .bss                shell.o
    0x20000885   0x08008670   0x00000003   PAD
    0x20000888        -       0x000015e0   Zero   RW         4517    .bss                board.o
    0x20001e68        -       0x00000178   Zero   RW         4663    .bss                idle.o
    0x20001fe0        -       0x00000080   Zero   RW         4825    .bss                kservice.o
    0x20002060        -       0x00000020   Zero   RW         4992    .bss                mem.o
    0x20002080        -       0x00000100   Zero   RW         5130    .bss                scheduler.o
    0x20002180        -       0x00000800   Zero   RW            1    STACK               startup_stm32f072xb.o


==============================================================================

Image component sizes


      Code (inc. data)   RO Data    RW Data    ZI Data      Debug   Object Name

       120         26          0          0       5600       3207   board.o
        98         10          0          4          0       1952   clock.o
      1392        520        263          0          0      12789   cmd.o
       216         50         36          0          0       6292   components.o
       216         32          0          0          0        844   context_rvds.o
       300        168          0         12          0       3230   cpuport.o
      1514        158          0          1        744      31173   hw_init.o
       286         74         22          0        376       5958   idle.o
       658        192        165          0          0       9770   ipc.o
        60         14          0          1          0       2298   irq.o
      1476        224        290          8        128      11856   kservice.o
      1174         46       5226          0       1024      13974   lcd.o
        10          0          0          0          0     511501   main.o
      1576        692        314         24         32       7059   mem.o
       832        174         69          0          0       8057   msh.o
       732        264        128         48          0      10578   object.o
       680        220         78         20        256       9254   scheduler.o
       964        164         78         24        129      12168   shell.o
        28          8        192          0       2048        608   startup_stm32f072xb.o
        60         16          0         12          0       7150   stm32f0xx_hal.o
      1118         54          0          0          0       7329   stm32f0xx_hal_adc.o
       176          0          0          0          0       1342   stm32f0xx_hal_adc_ex.o
       100         14          0          0          0       9468   stm32f0xx_hal_cortex.o
        70          0          0          0          0       1730   stm32f0xx_hal_dac.o
       140          4          0          0          0       1856   stm32f0xx_hal_dac_ex.o
       448         16          0          0          0       4083   stm32f0xx_hal_dma.o
       384         30          0          0          0       1640   stm32f0xx_hal_gpio.o
       420         54          0          0          0       3403   stm32f0xx_hal_msp.o
      1600        106          0          0          0       5422   stm32f0xx_hal_rcc.o
       288         14          0          0          0       1464   stm32f0xx_hal_rcc_ex.o
       912         24          0          0          0       9033   stm32f0xx_hal_tim.o
       100         12          0          0          0       2269   stm32f0xx_hal_tim_ex.o
       120         22          0          0         64       1351   stm32f0xx_hal_timebase_tim.o
      1146         44          0          0          0       6037   stm32f0xx_hal_uart.o
       350         52          0          0          0      11793   stm32f0xx_it.o
       160          4          0          0          0       5071   stm32f0xx_ll_exti.o
       174          0          0          0          0       6659   stm32f0xx_ll_gpio.o
       126         26         24          4          0       1743   system_stm32f0xx.o
      1410        170          0         40          0       5785   task.o
      1348        406        251          0          0      16190   thread.o
      1132        466         92         12          0      11762   timer.o

    ----------------------------------------------------------------------
     24144       4570       7270        216      10404     785148   Object Totals
         0          0         32          0          0          0   (incl. Generated)
        30          0         10          6          3          0   (incl. Padding)

    ----------------------------------------------------------------------

      Code (inc. data)   RO Data    RW Data    ZI Data      Debug   Library Member Name

        72          6          0          0          0         76   sqrt.o
         0          0          0          0          0          0   entry.o
         0          0          0          0          0          0   entry10a.o
         0          0          0          0          0          0   entry11a.o
         4          0          0          0          0          0   entry12b.o
         8          4          0          0          0          0   entry2.o
         4          0          0          0          0          0   entry5.o
         0          0          0          0          0          0   entry7b.o
         0          0          0          0          0          0   entry8b.o
         8          4          0          0          0          0   entry9a.o
        12          6          0          4          0         60   errno.o
        30          0          0          0          0          0   handlers.o
        40          0          0          0          0         72   idiv.o
        36          8          0          0          0         68   init.o
         0          0          0          0          0          0   iusefp.o
        32          0          0          0          0         68   llshl.o
        38          0          0          0          0         68   llsshr.o
        34          0          0          0          0         68   llushr.o
        36          0          0          0          0         60   memcpya.o
        36          0          0          0          0        100   memseta.o
        24          0          0          0          0         60   strcat.o
        18          0          0          0          0         60   strcpy.o
        14          0          0          0          0         60   strlen.o
        30          0          0          0          0         72   strncmp.o
        26          0          0          0          0         68   strncpy.o
        44          0          0          0          0         72   uidiv.o
        96          0          0          0          0         84   uldiv.o
        20          0          0          0          0         68   cfcmple.o
        56          0          0          0          0         68   d2f.o
       360          6          0          0          0        140   dadd.o
       240          6          0          0          0         84   ddiv.o
       236          0          0          0          0        216   depilogue.o
        60         10          0          0          0         68   dfixui.o
        40          6          0          0          0         68   dflti.o
        28          4          0          0          0         68   dfltui.o
       208          6          0          0          0         88   dmul.o
        44          0          0          0          0         72   dscalb.o
       162          0          0          0          0         80   dsqrt.o
        40          0          0          0          0         60   f2d.o
       178          0          0          0          0        108   fadd.o
       124          0          0          0          0         72   fdiv.o
       130          0          0          0          0        144   fepilogue.o
        40          0          0          0          0         60   ffixui.o
        22          0          0          0          0         68   fflti.o
       122          0          0          0          0         72   fmul.o
        24          0          0          0          0         60   fscalb.o

    ----------------------------------------------------------------------
      2782         66          0          4          0       2780   Library Totals
         6          0          0          0          0          0   (incl. Padding)

    ----------------------------------------------------------------------

      Code (inc. data)   RO Data    RW Data    ZI Data      Debug   Library Name

        72          6          0          0          0         76   m_ps.l
       570         22          0          4          0       1040   mc_p.l
      2134         38          0          0          0       1664   mf_p.l

    ----------------------------------------------------------------------
      2782         66          0          4          0       2780   Library Totals

    ----------------------------------------------------------------------

==============================================================================


      Code (inc. data)   RO Data    RW Data    ZI Data      Debug   

     26926       4636       7270        220      10404     776756   Grand Totals
     26926       4636       7270        220      10404     776756   ELF Image Totals
     26926       4636       7270        220          0          0   ROM Totals

==============================================================================

    Total RO  Size (Code + RO Data)                34196 (  33.39kB)
    Total RW  Size (RW Data + ZI Data)             10624 (  10.38kB)
    Total ROM Size (Code + RO Data + RW Data)      34416 (  33.61kB)

==============================================================================

