Component: ARM Compiler 5.06 update 7 (build 960) Tool: armlink [4d3601]

==============================================================================

Section Cross References

    startup_stm32f072xb.o(RESET) refers to startup_stm32f072xb.o(STACK) for __initial_sp
    startup_stm32f072xb.o(RESET) refers to startup_stm32f072xb.o(.text) for Reset_Handler
    startup_stm32f072xb.o(RESET) refers to stm32f0xx_it.o(i.NMI_Handler) for NMI_Handler
    startup_stm32f072xb.o(RESET) refers to context_rvds.o(.text) for HardFault_Handler
    startup_stm32f072xb.o(RESET) refers to board.o(i.SysTick_Handler) for SysTick_Handler
    startup_stm32f072xb.o(RESET) refers to stm32f0xx_it.o(i.EXTI0_1_IRQHandler) for EXTI0_1_IRQHandler
    startup_stm32f072xb.o(RESET) refers to stm32f0xx_it.o(i.EXTI4_15_IRQHandler) for EXTI4_15_IRQHandler
    startup_stm32f072xb.o(RESET) refers to stm32f0xx_it.o(i.DMA1_Channel1_IRQHandler) for DMA1_Channel1_IRQHandler
    startup_stm32f072xb.o(RESET) refers to stm32f0xx_it.o(i.TIM1_BRK_UP_TRG_COM_IRQHandler) for TIM1_BRK_UP_TRG_COM_IRQHandler
    startup_stm32f072xb.o(.text) refers to system_stm32f0xx.o(i.SystemInit) for SystemInit
    startup_stm32f072xb.o(.text) refers to entry.o(.ARM.Collect$$$$00000000) for __main
    main.o(i.main) refers to task.o(i.LDP_Thread_Creat) for LDP_Thread_Creat
    stm32f0xx_it.o(i.DMA1_Channel1_IRQHandler) refers to irq.o(i.rt_interrupt_enter) for rt_interrupt_enter
    stm32f0xx_it.o(i.DMA1_Channel1_IRQHandler) refers to stm32f0xx_hal_dma.o(i.HAL_DMA_IRQHandler) for HAL_DMA_IRQHandler
    stm32f0xx_it.o(i.DMA1_Channel1_IRQHandler) refers to irq.o(i.rt_interrupt_leave) for rt_interrupt_leave
    stm32f0xx_it.o(i.DMA1_Channel1_IRQHandler) refers to hw_init.o(.bss) for hdma_adc
    stm32f0xx_it.o(i.EXTI0_1_IRQHandler) refers to irq.o(i.rt_interrupt_enter) for rt_interrupt_enter
    stm32f0xx_it.o(i.EXTI0_1_IRQHandler) refers to stm32f0xx_it.o(i.LL_EXTI_IsActiveFlag_0_31) for LL_EXTI_IsActiveFlag_0_31
    stm32f0xx_it.o(i.EXTI0_1_IRQHandler) refers to stm32f0xx_it.o(i.delya_us) for delya_us
    stm32f0xx_it.o(i.EXTI0_1_IRQHandler) refers to stm32f0xx_it.o(i.LL_GPIO_IsInputPinSet) for LL_GPIO_IsInputPinSet
    stm32f0xx_it.o(i.EXTI0_1_IRQHandler) refers to irq.o(i.rt_interrupt_leave) for rt_interrupt_leave
    stm32f0xx_it.o(i.EXTI0_1_IRQHandler) refers to task.o(.data) for encoder_value
    stm32f0xx_it.o(i.EXTI4_15_IRQHandler) refers to irq.o(i.rt_interrupt_enter) for rt_interrupt_enter
    stm32f0xx_it.o(i.EXTI4_15_IRQHandler) refers to stm32f0xx_it.o(i.LL_EXTI_IsActiveFlag_0_31) for LL_EXTI_IsActiveFlag_0_31
    stm32f0xx_it.o(i.EXTI4_15_IRQHandler) refers to stm32f0xx_it.o(i.delya_us) for delya_us
    stm32f0xx_it.o(i.EXTI4_15_IRQHandler) refers to stm32f0xx_it.o(i.LL_GPIO_IsInputPinSet) for LL_GPIO_IsInputPinSet
    stm32f0xx_it.o(i.EXTI4_15_IRQHandler) refers to irq.o(i.rt_interrupt_leave) for rt_interrupt_leave
    stm32f0xx_it.o(i.EXTI4_15_IRQHandler) refers to task.o(.data) for on_off_flag
    stm32f0xx_it.o(i.TIM1_BRK_UP_TRG_COM_IRQHandler) refers to irq.o(i.rt_interrupt_enter) for rt_interrupt_enter
    stm32f0xx_it.o(i.TIM1_BRK_UP_TRG_COM_IRQHandler) refers to stm32f0xx_hal_tim.o(i.HAL_TIM_IRQHandler) for HAL_TIM_IRQHandler
    stm32f0xx_it.o(i.TIM1_BRK_UP_TRG_COM_IRQHandler) refers to irq.o(i.rt_interrupt_leave) for rt_interrupt_leave
    stm32f0xx_it.o(i.TIM1_BRK_UP_TRG_COM_IRQHandler) refers to stm32f0xx_hal_timebase_tim.o(.bss) for htim1
    stm32f0xx_hal_msp.o(i.HAL_ADC_MspDeInit) refers to stm32f0xx_hal_gpio.o(i.HAL_GPIO_DeInit) for HAL_GPIO_DeInit
    stm32f0xx_hal_msp.o(i.HAL_ADC_MspDeInit) refers to stm32f0xx_hal_dma.o(i.HAL_DMA_DeInit) for HAL_DMA_DeInit
    stm32f0xx_hal_msp.o(i.HAL_ADC_MspInit) refers to memseta.o(.text) for __aeabi_memclr4
    stm32f0xx_hal_msp.o(i.HAL_ADC_MspInit) refers to stm32f0xx_hal_gpio.o(i.HAL_GPIO_Init) for HAL_GPIO_Init
    stm32f0xx_hal_msp.o(i.HAL_ADC_MspInit) refers to stm32f0xx_hal_dma.o(i.HAL_DMA_Init) for HAL_DMA_Init
    stm32f0xx_hal_msp.o(i.HAL_ADC_MspInit) refers to hw_init.o(i.Error_Handler) for Error_Handler
    stm32f0xx_hal_msp.o(i.HAL_ADC_MspInit) refers to hw_init.o(.bss) for hdma_adc
    stm32f0xx_hal_msp.o(i.HAL_DAC_MspDeInit) refers to stm32f0xx_hal_gpio.o(i.HAL_GPIO_DeInit) for HAL_GPIO_DeInit
    stm32f0xx_hal_msp.o(i.HAL_DAC_MspInit) refers to memseta.o(.text) for __aeabi_memclr4
    stm32f0xx_hal_msp.o(i.HAL_DAC_MspInit) refers to stm32f0xx_hal_gpio.o(i.HAL_GPIO_Init) for HAL_GPIO_Init
    stm32f0xx_hal_msp.o(i.HAL_UART_MspDeInit) refers to stm32f0xx_hal_gpio.o(i.HAL_GPIO_DeInit) for HAL_GPIO_DeInit
    stm32f0xx_hal_msp.o(i.HAL_UART_MspInit) refers to memseta.o(.text) for __aeabi_memclr4
    stm32f0xx_hal_msp.o(i.HAL_UART_MspInit) refers to stm32f0xx_hal_gpio.o(i.HAL_GPIO_Init) for HAL_GPIO_Init
    stm32f0xx_hal_timebase_tim.o(i.HAL_InitTick) refers to stm32f0xx_hal_cortex.o(i.HAL_NVIC_SetPriority) for HAL_NVIC_SetPriority
[...]
    i.spinbox_iset_int                       0x080061d8   Section        0  task.o(i.spinbox_iset_int)
    i.spinbox_vset_init                      0x08006200   Section        0  task.o(i.spinbox_vset_init)
    i.version                                0x08006220   Section        0  cmd.o(i.version)
    .constdata                               0x0800622a   Section       16  system_stm32f0xx.o(.constdata)
    .constdata                               0x0800623a   Section        8  system_stm32f0xx.o(.constdata)
    .constdata                               0x08006242   Section     5226  lcd.o(.constdata)
    .constdata                               0x080076ac   Section       74  shell.o(.constdata)
    __FUNCTION__                             0x080076ac   Data          22  shell.o(.constdata)
    __FUNCTION__                             0x080076c2   Data          22  shell.o(.constdata)
    __FUNCTION__                             0x080076d8   Data          15  shell.o(.constdata)
    __FUNCTION__                             0x080076e7   Data          15  shell.o(.constdata)
    .constdata                               0x080076f6   Section        6  cmd.o(.constdata)
    .constdata                               0x080076fc   Section        8  cmd.o(.constdata)
    .constdata                               0x08007704   Section       14  cmd.o(.constdata)
    .constdata                               0x08007712   Section       12  cmd.o(.constdata)
    .constdata                               0x0800771e   Section       18  cmd.o(.constdata)
    .constdata                               0x08007730   Section        9  cmd.o(.constdata)
    .constdata                               0x08007739   Section       15  cmd.o(.constdata)
    .constdata                               0x08007748   Section       11  cmd.o(.constdata)
    .constdata                               0x08007753   Section       17  cmd.o(.constdata)
    .constdata                               0x08007764   Section        5  cmd.o(.constdata)
    .constdata                               0x08007769   Section       11  msh.o(.constdata)
    .constdata                               0x08007774   Section        9  msh.o(.constdata)
    .constdata                               0x0800777d   Section       11  msh.o(.constdata)
    .constdata                               0x08007788   Section       14  msh.o(.constdata)
    __FUNCTION__                             0x08007788   Data          14  msh.o(.constdata)
    .constdata                               0x08007796   Section       20  components.o(.constdata)
    __FUNCTION__                             0x08007796   Data          20  components.o(.constdata)
    .constdata                               0x080077aa   Section       22  idle.o(.constdata)
    __FUNCTION__                             0x080077aa   Data          22  idle.o(.constdata)
    .constdata                               0x080077c0   Section       96  ipc.o(.constdata)
    __FUNCTION__                             0x080077c0   Data          12  ipc.o(.constdata)
    __FUNCTION__                             0x080077cc   Data          14  ipc.o(.constdata)
    __FUNCTION__                             0x080077da   Data          14  ipc.o(.constdata)
    __FUNCTION__                             0x080077e8   Data          14  ipc.o(.constdata)
    __FUNCTION__                             0x080077f6   Data          12  ipc.o(.constdata)
    __FUNCTION__                             0x08007802   Data          15  ipc.o(.constdata)
    __FUNCTION__                             0x08007811   Data          15  ipc.o(.constdata)
    .constdata                               0x08007820   Section      290  kservice.o(.constdata)
    small_digits                             0x08007920   Data          17  kservice.o(.constdata)
    large_digits                             0x08007931   Data          17  kservice.o(.constdata)
    .constdata                               0x08007942   Section        9  mem.o(.constdata)
    .constdata                               0x0800794b   Section       60  mem.o(.constdata)
    __FUNCTION__                             0x0800794b   Data           8  mem.o(.constdata)
    __FUNCTION__                             0x08007953   Data          11  mem.o(.constdata)
    __FUNCTION__                             0x0800795e   Data          20  mem.o(.constdata)
    __FUNCTION__                             0x08007972   Data          10  mem.o(.constdata)
    __FUNCTION__                             0x0800797c   Data          11  mem.o(.constdata)
    .constdata                               0x08007987   Section      128  object.o(.constdata)
    __FUNCTION__                             0x08007987   Data          15  object.o(.constdata)
    __FUNCTION__                             0x08007996   Data          17  object.o(.constdata)
    __FUNCTION__                             0x080079a7   Data          19  object.o(.constdata)
    __FUNCTION__                             0x080079ba   Data          17  object.o(.constdata)
    __FUNCTION__                             0x080079cb   Data          26  object.o(.constdata)
    __FUNCTION__                             0x080079e5   Data          19  object.o(.constdata)
    __FUNCTION__                             0x080079f8   Data          15  object.o(.constdata)
    .constdata                               0x08007a07   Section       78  scheduler.o(.constdata)
    __FUNCTION__                             0x08007a07   Data          26  scheduler.o(.constdata)
    __FUNCTION__                             0x08007a21   Data          26  scheduler.o(.constdata)
    __FUNCTION__                             0x08007a3b   Data          26  scheduler.o(.constdata)
    .constdata                               0x08007a55   Section      185  thread.o(.constdata)
    __FUNCTION__                             0x08007a55   Data          16  thread.o(.constdata)
    __FUNCTION__                             0x08007a65   Data          15  thread.o(.constdata)
    __FUNCTION__                             0x08007a74   Data          18  thread.o(.constdata)
    __FUNCTION__                             0x08007a86   Data          17  thread.o(.constdata)
    __FUNCTION__                             0x08007a97   Data          17  thread.o(.constdata)
    __FUNCTION__                             0x08007aa8   Data          16  thread.o(.constdata)
    __FUNCTION__                             0x08007ab8   Data          18  thread.o(.constdata)
    __FUNCTION__                             0x08007aca   Data          18  thread.o(.constdata)
    __FUNCTION__                             0x08007adc   Data          17  thread.o(.constdata)
    __FUNCTION__                             0x08007aed   Data          18  thread.o(.constdata)
    __FUNCTION__                             0x08007aff   Data          15  thread.o(.constdata)
    .constdata                               0x08007b0e   Section       92  timer.o(.constdata)
    __FUNCTION__                             0x08007b0e   Data          14  timer.o(.constdata)
    __FUNCTION__                             0x08007b1c   Data          16  timer.o(.constdata)
    __FUNCTION__                             0x08007b2c   Data          16  timer.o(.constdata)
    __FUNCTION__                             0x08007b3c   Data          15  timer.o(.constdata)
    __FUNCTION__                             0x08007b4b   Data          14  timer.o(.constdata)
    __FUNCTION__                             0x08007b59   Data          17  timer.o(.constdata)
    .conststring                             0x08007b6c   Section       68  cmd.o(.conststring)
    .conststring                             0x08007bb0   Section       69  ipc.o(.conststring)
    .conststring                             0x08007bf8   Section      237  mem.o(.conststring)
    .conststring                             0x08007ce8   Section       66  thread.o(.conststring)
    .rti_fn.0                                0x08007d2c   Section        4  components.o(.rti_fn.0)
    __tagsym$$used                           0x08007d2c   Number         0  components.o(.rti_fn.0)
    .rti_fn.0.end                            0x08007d30   Section        4  components.o(.rti_fn.0.end)
    __tagsym$$used                           0x08007d30   Number         0  components.o(.rti_fn.0.end)
    .rti_fn.1.end                            0x08007d34   Section        4  components.o(.rti_fn.1.end)
    __tagsym$$used                           0x08007d34   Number         0  components.o(.rti_fn.1.end)
    .rti_fn.6                                0x08007d38   Section        4  shell.o(.rti_fn.6)
    __tagsym$$used                           0x08007d38   Number         0  shell.o(.rti_fn.6)
    .rti_fn.6.end                            0x08007d3c   Section        4  components.o(.rti_fn.6.end)
    __tagsym$$used                           0x08007d3c   Number         0  components.o(.rti_fn.6.end)
    FSymTab                                  0x08007d40   Section       80  cmd.o(FSymTab)
    __tagsym$$used                           0x08007d40   Number         0  cmd.o(FSymTab)
    __tagsym$$used                           0x08007d48   Number         0  cmd.o(FSymTab)
    __tagsym$$used                           0x08007d50   Number         0  cmd.o(FSymTab)
    __tagsym$$used                           0x08007d58   Number         0  cmd.o(FSymTab)
    __tagsym$$used                           0x08007d60   Number         0  cmd.o(FSymTab)
    __tagsym$$used                           0x08007d68   Number         0  cmd.o(FSymTab)
    __tagsym$$used                           0x08007d70   Number         0  cmd.o(FSymTab)
    __tagsym$$used                           0x08007d78   Number         0  cmd.o(FSymTab)
    __tagsym$$used                           0x08007d80   Number         0  cmd.o(FSymTab)
    __tagsym$$used                           0x08007d88   Number         0  cmd.o(FSymTab)
    FSymTab                                  0x08007d90   Section       24  msh.o(FSymTab)
    __tagsym$$used                           0x08007d90   Number         0  msh.o(FSymTab)
    __tagsym$$used                           0x08007d98   Number         0  msh.o(FSymTab)
    __tagsym$$used                           0x08007da0   Number         0  msh.o(FSymTab)
    FSymTab                                  0x08007da8   Section        8  mem.o(FSymTab)
    __tagsym$$used                           0x08007da8   Number         0  mem.o(FSymTab)
    .data                                    0x20000000   Section       12  stm32f0xx_hal.o(.data)
    .data                                    0x2000000c   Section        4  system_stm32f0xx.o(.data)
    .data                                    0x20000010   Section       52  task.o(.data)
    .data                                    0x20000044   Section       24  shell.o(.data)
    finsh_prompt_custom                      0x20000054   Data           4  shell.o(.data)
    .data                                    0x2000005c   Section        4  clock.o(.data)
    rt_tick                                  0x2000005c   Data           4  clock.o(.data)
    .data                                    0x20000060   Section        1  irq.o(.data)
    .data                                    0x20000064   Section        8  kservice.o(.data)
    __rt_errno                               0x20000064   Data           4  kservice.o(.data)
    .data                                    0x2000006c   Section       24  mem.o(.data)
    heap_ptr                                 0x2000006c   Data           4  mem.o(.data)
    heap_end                                 0x20000070   Data           4  mem.o(.data)
    lfree                                    0x20000074   Data           4  mem.o(.data)
    mem_size_aligned                         0x20000078   Data           4  mem.o(.data)
    used_mem                                 0x2000007c   Data           4  mem.o(.data)
    max_mem                                  0x20000080   Data           4  mem.o(.data)
    .data                                    0x20000084   Section       48  object.o(.data)
    rt_object_container                      0x20000084   Data          48  object.o(.data)
    .data                                    0x200000b4   Section       20  scheduler.o(.data)
    rt_scheduler_lock_nest                   0x200000b6   Data           2  scheduler.o(.data)
    .data                                    0x200000c8   Section       12  timer.o(.data)
    random_nr                                0x200000c8   Data           4  timer.o(.data)
    rt_timer_list                            0x200000cc   Data           8  timer.o(.data)
    .data                                    0x200000d4   Section        4  cpuport.o(.data)
    .data                                    0x200000d8   Section        4  cpuport.o(.data)
    .data                                    0x200000dc   Section        4  cpuport.o(.data)
    .bss                                     0x200000e0   Section       64  stm32f0xx_hal_timebase_tim.o(.bss)
    .bss                                     0x20000120   Section     1024  lcd.o(.bss)
    .bss                                     0x20000520   Section      212  hw_init.o(.bss)
    .bss                                     0x200005f4   Section       68  hw_init.o(.bss)
    .bss                                     0x20000638   Section      129  shell.o(.bss)
    finsh_prompt                             0x20000638   Data         129  shell.o(.bss)
    .bss                                     0x200006bc   Section     5600  board.o(.bss)
    rt_heap                                  0x200006bc   Data        5600  board.o(.bss)
    .bss                                     0x20001c9c   Section      376  idle.o(.bss)
    idle                                     0x20001c9c   Data         120  idle.o(.bss)
    rt_thread_stack                          0x20001d14   Data         256  idle.o(.bss)
    .bss                                     0x20001e14   Section      128  kservice.o(.bss)
    rt_log_buf                               0x20001e14   Data         128  kservice.o(.bss)
    .bss                                     0x20001e94   Section       32  mem.o(.bss)
    heap_sem                                 0x20001e94   Data          32  mem.o(.bss)
    .bss                                     0x20001eb4   Section      256  scheduler.o(.bss)
    STACK                                    0x20001fb8   Section     2048  startup_stm32f072xb.o(STACK)

    Global Symbols

    Symbol Name                              Value     Ov Type        Size  Object(Section)

    BuildAttributes$$THM_ISAv3M$S$PE$A:L22$X:L11$S22$IEEE1$IW$USESV6$~STKCKD$USESV7$~SHL$OSPACE$ROPI$EBA8$MICROLIB$REQ8$PRES8$EABIv2 0x00000000   Number         0  anon$$obj.o ABSOLUTE
    __ARM_use_no_argv                        0x00000000   Number         0  main.o ABSOLUTE
    __arm_fini_                               - Undefined Weak Reference
    __cpp_initialize__aeabi_                  - Undefined Weak Reference
    __cxa_finalize                            - Undefined Weak Reference
    __decompress                              - Undefined Weak Reference
    _clock_init                               - Undefined Weak Reference
    _microlib_exit                            - Undefined Weak Reference
    __Vectors_Size                           0x000000c0   Number         0  startup_stm32f072xb.o ABSOLUTE
    __Vectors                                0x08000000   Data           4  startup_stm32f072xb.o(RESET)
    __Vectors_End                            0x080000c0   Data           0  startup_stm32f072xb.o(RESET)
    __main                                   0x080000c1   Thumb Code     0  entry.o(.ARM.Collect$$$$00000000)
    _main_stk                                0x080000c1   Thumb Code     0  entry2.o(.ARM.Collect$$$$00000001)
    _main_scatterload                        0x080000c5   Thumb Code     0  entry5.o(.ARM.Collect$$$$00000004)
    __main_after_scatterload                 0x080000c9   Thumb Code     0  entry5.o(.ARM.Collect$$$$00000004)
    _main_clock                              0x080000c9   Thumb Code     0  entry7b.o(.ARM.Collect$$$$00000008)
    _main_cpp_init                           0x080000c9   Thumb Code     0  entry8b.o(.ARM.Collect$$$$0000000A)
    _main_init                               0x080000c9   Thumb Code     0  entry9a.o(.ARM.Collect$$$$0000000B)
    __rt_lib_shutdown_fini                   0x080000d1   Thumb Code     0  entry12b.o(.ARM.Collect$$$$0000000E)
    __rt_final_cpp                           0x080000d5   Thumb Code     0  entry10a.o(.ARM.Collect$$$$0000000F)
    __rt_final_exit                          0x080000d5   Thumb Code     0  entry11a.o(.ARM.Collect$$$$00000011)
    Reset_Handler                            0x080000d9   Thumb Code     8  startup_stm32f072xb.o(.text)
    SVC_Handler                              0x080000e5   Thumb Code     2  startup_stm32f072xb.o(.text)
    ADC1_COMP_IRQHandler                     0x080000eb   Thumb Code     0  startup_stm32f072xb.o(.text)
    CEC_CAN_IRQHandler                       0x080000eb   Thumb Code     0  startup_stm32f072xb.o(.text)
    DMA1_Channel2_3_IRQHandler               0x080000eb   Thumb Code     0  startup_stm32f072xb.o(.text)
    DMA1_Channel4_5_6_7_IRQHandler           0x080000eb   Thumb Code     0  startup_stm32f072xb.o(.text)
    EXTI2_3_IRQHandler                       0x080000eb   Thumb Code     0  startup_stm32f072xb.o(.text)
    FLASH_IRQHandler                         0x080000eb   Thumb Code     0  startup_stm32f072xb.o(.text)
    I2C1_IRQHandler                          0x080000eb   Thumb Code     0  startup_stm32f072xb.o(.text)
    I2C2_IRQHandler                          0x080000eb   Thumb Code     0  startup_stm32f072xb.o(.text)
    PVD_VDDIO2_IRQHandler                    0x080000eb   Thumb Code     0  startup_stm32f072xb.o(.text)
    RCC_CRS_IRQHandler                       0x080000eb   Thumb Code     0  startup_stm32f072xb.o(.text)
    RTC_IRQHandler                           0x080000eb   Thumb Code     0  startup_stm32f072xb.o(.text)
    SPI1_IRQHandler                          0x080000eb   Thumb Code     0  startup_stm32f072xb.o(.text)
    SPI2_IRQHandler                          0x080000eb   Thumb Code     0  startup_stm32f072xb.o(.text)
    TIM14_IRQHandler                         0x080000eb   Thumb Code     0  startup_stm32f072xb.o(.text)
    TIM15_IRQHandler                         0x080000eb   Thumb Code     0  startup_stm32f072xb.o(.text)
    TIM16_IRQHandler                         0x080000eb   Thumb Code     0  startup_stm32f072xb.o(.text)
    TIM17_IRQHandler                         0x080000eb   Thumb Code     0  startup_stm32f072xb.o(.text)
    TIM1_CC_IRQHandler                       0x080000eb   Thumb Code     0  startup_stm32f072xb.o(.text)
    TIM2_IRQHandler                          0x080000eb   Thumb Code     0  startup_stm32f072xb.o(.text)
    TIM3_IRQHandler                          0x080000eb   Thumb Code     0  startup_stm32f072xb.o(.text)
    TIM6_DAC_IRQHandler                      0x080000eb   Thumb Code     0  startup_stm32f072xb.o(.text)
    TIM7_IRQHandler                          0x080000eb   Thumb Code     0  startup_stm32f072xb.o(.text)
    TSC_IRQHandler                           0x080000eb   Thumb Code     0  startup_stm32f072xb.o(.text)
    USART1_IRQHandler                        0x080000eb   Thumb Code     0  startup_stm32f072xb.o(.text)
    USART2_IRQHandler                        0x080000eb   Thumb Code     0  startup_stm32f072xb.o(.text)
    USART3_4_IRQHandler                      0x080000eb   Thumb Code     0  startup_stm32f072xb.o(.text)
    USB_IRQHandler                           0x080000eb   Thumb Code     0  startup_stm32f072xb.o(.text)
    WWDG_IRQHandler                          0x080000eb   Thumb Code     0  startup_stm32f072xb.o(.text)
    rt_hw_interrupt_disable                  0x080000f5   Thumb Code     8  context_rvds.o(.text)
    rt_hw_interrupt_enable                   0x080000fd   Thumb Code     6  context_rvds.o(.text)
    rt_hw_context_switch                     0x08000103   Thumb Code    28  context_rvds.o(.text)
    rt_hw_context_switch_interrupt           0x08000103   Thumb Code     0  context_rvds.o(.text)
    PendSV_Handler                           0x0800011f   Thumb Code    84  context_rvds.o(.text)
    rt_hw_context_switch_to                  0x08000173   Thumb Code    44  context_rvds.o(.text)
    rt_hw_interrupt_thread_switch            0x0800019f   Thumb Code     2  context_rvds.o(.text)
    HardFault_Handler                        0x080001a1   Thumb Code    12  context_rvds.o(.text)
    __aeabi_uidiv                            0x080001cd   Thumb Code     0  uidiv.o(.text)
    __aeabi_uidivmod                         0x080001cd   Thumb Code    44  uidiv.o(.text)
    __aeabi_idiv                             0x080001f9   Thumb Code     0  idiv.o(.text)
    __aeabi_idivmod                          0x080001f9   Thumb Code    40  idiv.o(.text)
    __aeabi_uldivmod                         0x08000221   Thumb Code    96  uldiv.o(.text)
    __aeabi_llsr                             0x08000281   Thumb Code    34  llushr.o(.text)
    _ll_ushift_r                             0x08000281   Thumb Code     0  llushr.o(.text)
    __aeabi_memcpy                           0x080002a3   Thumb Code    36  memcpya.o(.text)
    __aeabi_memcpy4                          0x080002a3   Thumb Code     0  memcpya.o(.text)
    __aeabi_memcpy8                          0x080002a3   Thumb Code     0  memcpya.o(.text)
    __aeabi_memset                           0x080002c7   Thumb Code    14  memseta.o(.text)
    __aeabi_memset4                          0x080002c7   Thumb Code     0  memseta.o(.text)
    __aeabi_memset8                          0x080002c7   Thumb Code     0  memseta.o(.text)
    __aeabi_memclr                           0x080002d5   Thumb Code     4  memseta.o(.text)
    __aeabi_memclr4                          0x080002d5   Thumb Code     0  memseta.o(.text)
    __aeabi_memclr8                          0x080002d5   Thumb Code     0  memseta.o(.text)
    _memset$wrapper                          0x080002d9   Thumb Code    18  memseta.o(.text)
    strcat                                   0x080002eb   Thumb Code    24  strcat.o(.text)
    strncpy                                  0x08000303   Thumb Code    26  strncpy.o(.text)
    strlen                                   0x0800031d   Thumb Code    14  strlen.o(.text)
    strcpy                                   0x0800032b   Thumb Code    18  strcpy.o(.text)
    strncmp                                  0x0800033d   Thumb Code    30  strncmp.o(.text)
    __aeabi_dmul                             0x0800035d   Thumb Code   202  dmul.o(.text)
    __aeabi_ddiv                             0x0800042d   Thumb Code   234  ddiv.o(.text)
    __ARM_scalbn                             0x0800051d   Thumb Code    44  dscalb.o(.text)
    scalbn                                   0x0800051d   Thumb Code     0  dscalb.o(.text)
    __aeabi_i2d                              0x08000549   Thumb Code    34  dflti.o(.text)
    __aeabi_ui2d                             0x08000571   Thumb Code    24  dfltui.o(.text)
    __aeabi_d2uiz                            0x0800058d   Thumb Code    50  dfixui.o(.text)
    __aeabi_cdrcmple                         0x080005c9   Thumb Code    38  cdrcmple.o(.text)
    __aeabi_llsl                             0x080005f1   Thumb Code    32  llshl.o(.text)
    _ll_shift_l                              0x080005f1   Thumb Code     0  llshl.o(.text)
    __I$use$fp                               0x08000611   Thumb Code     0  iusefp.o(.text)
    _double_round                            0x08000611   Thumb Code    26  depilogue.o(.text)
    _double_epilogue                         0x0800062b   Thumb Code   164  depilogue.o(.text)
    __scatterload                            0x080006d1   Thumb Code    28  init.o(.text)
    __scatterload_rt2                        0x080006d1   Thumb Code     0  init.o(.text)
    main                                     0x080006f5   Thumb Code    10  components.o(i.$Sub$$main)
    DMA1_Channel1_IRQHandler                 0x08000815   Thumb Code    18  stm32f0xx_it.o(i.DMA1_Channel1_IRQHandler)
    EXTI0_1_IRQHandler                       0x08000879   Thumb Code    86  stm32f0xx_it.o(i.EXTI0_1_IRQHandler)
    EXTI4_15_IRQHandler                      0x080008dd   Thumb Code   124  stm32f0xx_it.o(i.EXTI4_15_IRQHandler)
    Error_Handler                            0x08000969   Thumb Code     2  hw_init.o(i.Error_Handler)
    HAL_ADCEx_Calibration_Start              0x0800096b   Thumb Code   176  stm32f0xx_hal_adc_ex.o(i.HAL_ADCEx_Calibration_Start)
    HAL_ADC_ConfigChannel                    0x08000a1d   Thumb Code   284  stm32f0xx_hal_adc.o(i.HAL_ADC_ConfigChannel)
    HAL_ADC_ConvCpltCallback                 0x08000b49   Thumb Code     2  stm32f0xx_hal_adc.o(i.HAL_ADC_ConvCpltCallback)
    HAL_ADC_ConvHalfCpltCallback             0x08000b4b   Thumb Code     2  stm32f0xx_hal_adc.o(i.HAL_ADC_ConvHalfCpltCallback)
    HAL_ADC_ErrorCallback                    0x08000b4d   Thumb Code     2  stm32f0xx_hal_adc.o(i.HAL_ADC_ErrorCallback)
    HAL_ADC_Init                             0x08000b51   Thumb Code   366  stm32f0xx_hal_adc.o(i.HAL_ADC_Init)
    HAL_ADC_MspInit                          0x08000cc9   Thumb Code   122  stm32f0xx_hal_msp.o(i.HAL_ADC_MspInit)
    HAL_ADC_Start_DMA                        0x08000d55   Thumb Code   144  stm32f0xx_hal_adc.o(i.HAL_ADC_Start_DMA)
    HAL_DAC_ConfigChannel                    0x08000df5   Thumb Code    52  stm32f0xx_hal_dac_ex.o(i.HAL_DAC_ConfigChannel)
    HAL_DAC_Init                             0x08000e2d   Thumb Code    42  stm32f0xx_hal_dac.o(i.HAL_DAC_Init)
    HAL_DAC_MspInit                          0x08000e59   Thumb Code    78  stm32f0xx_hal_msp.o(i.HAL_DAC_MspInit)
    HAL_DAC_SetValue                         0x08000eb1   Thumb Code    28  stm32f0xx_hal_dac.o(i.HAL_DAC_SetValue)
    HAL_DAC_Start                            0x08000ecd   Thumb Code    84  stm32f0xx_hal_dac_ex.o(i.HAL_DAC_Start)
    HAL_DMA_IRQHandler                       0x08000f21   Thumb Code   156  stm32f0xx_hal_dma.o(i.HAL_DMA_IRQHandler)
    HAL_DMA_Init                             0x08000fbd   Thumb Code    78  stm32f0xx_hal_dma.o(i.HAL_DMA_Init)
    HAL_DMA_Start_IT                         0x08001011   Thumb Code   106  stm32f0xx_hal_dma.o(i.HAL_DMA_Start_IT)
    HAL_GPIO_Init                            0x0800107d   Thumb Code   354  stm32f0xx_hal_gpio.o(i.HAL_GPIO_Init)
    HAL_GetTick                              0x080011fd   Thumb Code     6  stm32f0xx_hal.o(i.HAL_GetTick)
    HAL_IncTick                              0x08001209   Thumb Code    12  stm32f0xx_hal.o(i.HAL_IncTick)
    HAL_Init                                 0x08001219   Thumb Code    26  stm32f0xx_hal.o(i.HAL_Init)
    HAL_InitTick                             0x08001239   Thumb Code    98  stm32f0xx_hal_timebase_tim.o(i.HAL_InitTick)
    HAL_MspInit                              0x080012b1   Thumb Code    34  stm32f0xx_hal_msp.o(i.HAL_MspInit)
    HAL_NVIC_EnableIRQ                       0x080012d9   Thumb Code    18  stm32f0xx_hal_cortex.o(i.HAL_NVIC_EnableIRQ)
    HAL_NVIC_SetPriority                     0x080012f1   Thumb Code     8  stm32f0xx_hal_cortex.o(i.HAL_NVIC_SetPriority)
    HAL_RCCEx_PeriphCLKConfig                0x080012f9   Thumb Code   274  stm32f0xx_hal_rcc_ex.o(i.HAL_RCCEx_PeriphCLKConfig)
    HAL_RCC_ClockConfig                      0x08001419   Thumb Code   254  stm32f0xx_hal_rcc.o(i.HAL_RCC_ClockConfig)
    HAL_RCC_GetClockConfig                   0x0800152d   Thumb Code    46  stm32f0xx_hal_rcc.o(i.HAL_RCC_GetClockConfig)
    HAL_RCC_GetPCLK1Freq                     0x08001565   Thumb Code    20  stm32f0xx_hal_rcc.o(i.HAL_RCC_GetPCLK1Freq)
    HAL_RCC_GetSysClockFreq                  0x08001585   Thumb Code   114  stm32f0xx_hal_rcc.o(i.HAL_RCC_GetSysClockFreq)
    HAL_RCC_OscConfig                        0x08001625   Thumb Code  1028  stm32f0xx_hal_rcc.o(i.HAL_RCC_OscConfig)
    HAL_TIMEx_BreakCallback                  0x08001a29   Thumb Code     2  stm32f0xx_hal_tim_ex.o(i.HAL_TIMEx_BreakCallback)
    HAL_TIMEx_CommutCallback                 0x08001a2b   Thumb Code     2  stm32f0xx_hal_tim_ex.o(i.HAL_TIMEx_CommutCallback)
    HAL_TIM_Base_Init                        0x08001a2d   Thumb Code    52  stm32f0xx_hal_tim.o(i.HAL_TIM_Base_Init)
    HAL_TIM_Base_MspInit                     0x08001a61   Thumb Code     2  stm32f0xx_hal_tim.o(i.HAL_TIM_Base_MspInit)
    HAL_TIM_Base_Start_IT                    0x08001a63   Thumb Code    32  stm32f0xx_hal_tim.o(i.HAL_TIM_Base_Start_IT)
    HAL_TIM_IC_CaptureCallback               0x08001a83   Thumb Code     2  stm32f0xx_hal_tim.o(i.HAL_TIM_IC_CaptureCallback)
    HAL_TIM_IRQHandler                       0x08001a85   Thumb Code   354  stm32f0xx_hal_tim.o(i.HAL_TIM_IRQHandler)
    HAL_TIM_OC_DelayElapsedCallback          0x08001be7   Thumb Code     2  stm32f0xx_hal_tim.o(i.HAL_TIM_OC_DelayElapsedCallback)
    HAL_TIM_PWM_PulseFinishedCallback        0x08001be9   Thumb Code     2  stm32f0xx_hal_tim.o(i.HAL_TIM_PWM_PulseFinishedCallback)
    HAL_TIM_PeriodElapsedCallback            0x08001bed   Thumb Code    16  hw_init.o(i.HAL_TIM_PeriodElapsedCallback)
    HAL_TIM_TriggerCallback                  0x08001c01   Thumb Code     2  stm32f0xx_hal_tim.o(i.HAL_TIM_TriggerCallback)
    HAL_UART_Init                            0x08001c03   Thumb Code   106  stm32f0xx_hal_uart.o(i.HAL_UART_Init)
    HAL_UART_MspInit                         0x08001c6d   Thumb Code    90  stm32f0xx_hal_msp.o(i.HAL_UART_MspInit)
    HAL_UART_Transmit                        0x08001cd1   Thumb Code   206  stm32f0xx_hal_uart.o(i.HAL_UART_Transmit)
    LDP_HW_Init                              0x08001da1   Thumb Code   140  hw_init.o(i.LDP_HW_Init)
    LDP_Show_ICON                            0x08001e39   Thumb Code    68  lcd.o(i.LDP_Show_ICON)
    LDP_Thread_Creat                         0x08001e81   Thumb Code   116  task.o(i.LDP_Thread_Creat)
    LDP_Thread_FB_Entry                      0x08001f2d   Thumb Code   188  task.o(i.LDP_Thread_FB_Entry)
    LDP_Thread_GUI_Entry                     0x08002019   Thumb Code   346  task.o(i.LDP_Thread_GUI_Entry)
    LDP_Thread_Settings_Entry                0x080021a5   Thumb Code   138  task.o(i.LDP_Thread_Settings_Entry)
    LDP_Thread_Spinbox_Entry                 0x08002249   Thumb Code   128  task.o(i.LDP_Thread_Spinbox_Entry)
    LL_EXTI_Init                             0x080022e5   Thumb Code   156  stm32f0xx_ll_exti.o(i.LL_EXTI_Init)
    LL_GPIO_Init                             0x08002399   Thumb Code   174  stm32f0xx_ll_gpio.o(i.LL_GPIO_Init)
    NMI_Handler                              0x08002699   Thumb Code     2  stm32f0xx_it.o(i.NMI_Handler)
    OLED_Clear                               0x0800269d   Thumb Code    34  lcd.o(i.OLED_Clear)
    OLED_DrawPoint                           0x080026c5   Thumb Code    50  lcd.o(i.OLED_DrawPoint)
    OLED_Init                                0x080026fd   Thumb Code   256  lcd.o(i.OLED_Init)
    OLED_Refresh_Gram                        0x08002801   Thumb Code    66  lcd.o(i.OLED_Refresh_Gram)
    OLED_ShowChar                            0x08002849   Thumb Code   178  lcd.o(i.OLED_ShowChar)
    OLED_ShowNum                             0x08002909   Thumb Code   138  lcd.o(i.OLED_ShowNum)
    OLED_ShowPicture                         0x08002993   Thumb Code   174  lcd.o(i.OLED_ShowPicture)
    OLED_ShowString                          0x08002a41   Thumb Code    86  lcd.o(i.OLED_ShowString)
    OLED_Show_Out                            0x08002a97   Thumb Code   140  task.o(i.OLED_Show_Out)
    OLED_Show_Spinbox                        0x08002b23   Thumb Code   228  task.o(i.OLED_Show_Spinbox)
    OLED_Show_Spinbox_pos                    0x08002c07   Thumb Code   142  task.o(i.OLED_Show_Spinbox_pos)
    OLED_WR_Byte                             0x08002c95   Thumb Code    58  lcd.o(i.OLED_WR_Byte)
    SysTick_Handler                          0x08002cd5   Thumb Code    16  board.o(i.SysTick_Handler)
    SystemClock_Config                       0x08002ce5   Thumb Code    96  hw_init.o(i.SystemClock_Config)
    SystemCoreClockUpdate                    0x08002d45   Thumb Code    98  system_stm32f0xx.o(i.SystemCoreClockUpdate)
    SystemInit                               0x08002dc1   Thumb Code     2  system_stm32f0xx.o(i.SystemInit)
    TIM1_BRK_UP_TRG_COM_IRQHandler           0x08002dc5   Thumb Code    18  stm32f0xx_it.o(i.TIM1_BRK_UP_TRG_COM_IRQHandler)
    TIM_Base_SetConfig                       0x08002ddd   Thumb Code   124  stm32f0xx_hal_tim.o(i.TIM_Base_SetConfig)
    UART_AdvFeatureConfig                    0x08002e71   Thumb Code   202  stm32f0xx_hal_uart.o(i.UART_AdvFeatureConfig)
    UART_CheckIdleState                      0x08002f3d   Thumb Code    90  stm32f0xx_hal_uart.o(i.UART_CheckIdleState)
    UART_SetConfig                           0x08002f9d   Thumb Code   342  stm32f0xx_hal_uart.o(i.UART_SetConfig)
    UART_WaitOnFlagUntilTimeout              0x08003119   Thumb Code   156  stm32f0xx_hal_uart.o(i.UART_WaitOnFlagUntilTimeout)
    __ARM_clz                                0x080031b5   Thumb Code    46  depilogue.o(i.__ARM_clz)
    __ARM_common_ll_muluu                    0x080031e3   Thumb Code    48  stm32f0xx_hal_rcc.o(i.__ARM_common_ll_muluu)
    __ARM_common_switch8                     0x08003213   Thumb Code    26  stm32f0xx_hal_dma.o(i.__ARM_common_switch8)
    __rt_ffs                                 0x080032cd   Thumb Code    60  kservice.o(i.__rt_ffs)
    __scatterload_copy                       0x0800330d   Thumb Code    14  handlers.o(i.__scatterload_copy)
    __scatterload_null                       0x0800331b   Thumb Code     2  handlers.o(i.__scatterload_null)
    __scatterload_zeroinit                   0x0800331d   Thumb Code    14  handlers.o(i.__scatterload_zeroinit)
    cmd_free                                 0x080035a5   Thumb Code    10  msh.o(i.cmd_free)
    cmd_ps                                   0x080035af   Thumb Code    10  msh.o(i.cmd_ps)
    delya_us                                 0x080035b9   Thumb Code    10  stm32f0xx_it.o(i.delya_us)
    finsh_get_prompt                         0x080035c5   Thumb Code    70  shell.o(i.finsh_get_prompt)
    finsh_set_prompt_mode                    0x08003629   Thumb Code    42  shell.o(i.finsh_set_prompt_mode)
    finsh_system_function_init               0x08003671   Thumb Code     6  shell.o(i.finsh_system_function_init)
    finsh_system_init                        0x0800367d   Thumb Code    94  shell.o(i.finsh_system_init)
    finsh_thread_entry                       0x08003715   Thumb Code   588  shell.o(i.finsh_thread_entry)
    hello                                    0x08003989   Thumb Code    12  cmd.o(i.hello)
    list                                     0x080039a9   Thumb Code    50  cmd.o(i.list)
    list_mem                                 0x08003a89   Thumb Code    30  mem.o(i.list_mem)
    list_sem                                 0x08003af5   Thumb Code   210  cmd.o(i.list_sem)
    list_thread                              0x08003c31   Thumb Code   258  cmd.o(i.list_thread)
    list_timer                               0x08003df1   Thumb Code   160  cmd.o(i.list_timer)
    $Super$$main                             0x08003f31   Thumb Code    10  main.o(i.main)
    main_thread_entry                        0x08003f3b   Thumb Code    12  components.o(i.main_thread_entry)
    msh_auto_complete                        0x08003f49   Thumb Code   154  msh.o(i.msh_auto_complete)
    msh_exec                                 0x08003ff9   Thumb Code    78  msh.o(i.msh_exec)
    msh_help                                 0x08004061   Thumb Code    58  msh.o(i.msh_help)
    msh_is_used                              0x080040d1   Thumb Code     4  msh.o(i.msh_is_used)
    mypow                                    0x080041a5   Thumb Code    20  lcd.o(i.mypow)
    rt_application_init                      0x08004401   Thumb Code    46  components.o(i.rt_application_init)
    rt_assert_handler                        0x08004451   Thumb Code    42  kservice.o(i.rt_assert_handler)
    rt_calloc                                0x080044b9   Thumb Code    28  mem.o(i.rt_calloc)
    rt_components_board_init                 0x080044d5   Thumb Code    20  components.o(i.rt_components_board_init)
    rt_components_init                       0x080044f1   Thumb Code    20  components.o(i.rt_components_init)
    rt_enter_critical                        0x0800450d   Thumb Code    20  scheduler.o(i.rt_enter_critical)
    rt_exit_critical                         0x08004525   Thumb Code    46  scheduler.o(i.rt_exit_critical)
    rt_free                                  0x08004559   Thumb Code   222  mem.o(i.rt_free)
    rt_heap_begin_get                        0x08004721   Thumb Code     4  board.o(i.rt_heap_begin_get)
    rt_heap_end_get                          0x08004729   Thumb Code     4  board.o(i.rt_heap_end_get)
    rt_hw_board_init                         0x08004731   Thumb Code    70  board.o(i.rt_hw_board_init)
    rt_hw_console_getchar                    0x08004789   Thumb Code    46  hw_init.o(i.rt_hw_console_getchar)
    rt_hw_console_output                     0x080047bd   Thumb Code    68  hw_init.o(i.rt_hw_console_output)
    rt_hw_hard_fault_exception               0x08004805   Thumb Code    82  cpuport.o(i.rt_hw_hard_fault_exception)
    rt_hw_stack_init                         0x080048f9   Thumb Code    50  cpuport.o(i.rt_hw_stack_init)
    rt_interrupt_enter                       0x08004931   Thumb Code    20  irq.o(i.rt_interrupt_enter)
    rt_interrupt_get_nest                    0x08004949   Thumb Code     6  irq.o(i.rt_interrupt_get_nest)
    rt_interrupt_leave                       0x08004955   Thumb Code    20  irq.o(i.rt_interrupt_leave)
    rt_kprintf                               0x0800496d   Thumb Code    30  kservice.o(i.rt_kprintf)
    rt_malloc                                0x08004a01   Thumb Code   334  mem.o(i.rt_malloc)
    rt_memmove                               0x08004be9   Thumb Code    46  kservice.o(i.rt_memmove)
    rt_memset                                0x08004c17   Thumb Code    18  kservice.o(i.rt_memset)
    rt_object_allocate                       0x08004c29   Thumb Code   132  object.o(i.rt_object_allocate)
    rt_object_delete                         0x08004cf5   Thumb Code    68  object.o(i.rt_object_delete)
    rt_object_detach                         0x08004d7d   Thumb Code    44  object.o(i.rt_object_detach)
    rt_object_get_information                0x08004dc1   Thumb Code    28  object.o(i.rt_object_get_information)
    rt_object_get_type                       0x08004de1   Thumb Code    26  object.o(i.rt_object_get_type)
    rt_object_init                           0x08004e15   Thumb Code   106  object.o(i.rt_object_init)
    rt_object_is_systemobject                0x08004ead   Thumb Code    32  object.o(i.rt_object_is_systemobject)
    rt_schedule                              0x08004ee5   Thumb Code    90  scheduler.o(i.rt_schedule)
    rt_schedule_insert_thread                0x08004f4d   Thumb Code    80  scheduler.o(i.rt_schedule_insert_thread)
    rt_schedule_remove_thread                0x08004fbd   Thumb Code    74  scheduler.o(i.rt_schedule_remove_thread)
    rt_sem_init                              0x08005029   Thumb Code    66  ipc.o(i.rt_sem_init)
    rt_sem_release                           0x08005095   Thumb Code    90  ipc.o(i.rt_sem_release)
    rt_sem_take                              0x08005109   Thumb Code   296  ipc.o(i.rt_sem_take)
    rt_show_version                          0x080052ad   Thumb Code    38  kservice.o(i.rt_show_version)
    rt_strlen                                0x0800535d   Thumb Code    16  kservice.o(i.rt_strlen)
    rt_strncpy                               0x0800536d   Thumb Code    40  kservice.o(i.rt_strncpy)
    rt_system_heap_init                      0x08005395   Thumb Code   136  mem.o(i.rt_system_heap_init)
    rt_system_scheduler_init                 0x08005499   Thumb Code    44  scheduler.o(i.rt_system_scheduler_init)
    rt_system_scheduler_start                0x080054cd   Thumb Code    30  scheduler.o(i.rt_system_scheduler_start)
    rt_system_timer_init                     0x080054f5   Thumb Code     8  timer.o(i.rt_system_timer_init)
    rt_system_timer_thread_init              0x08005501   Thumb Code     2  timer.o(i.rt_system_timer_thread_init)
    rt_thread_create                         0x08005503   Thumb Code    64  thread.o(i.rt_thread_create)
    rt_thread_exit                           0x08005545   Thumb Code    78  thread.o(i.rt_thread_exit)
    rt_thread_idle_excute                    0x080055a5   Thumb Code   154  idle.o(i.rt_thread_idle_excute)
    rt_thread_idle_init                      0x08005675   Thumb Code    36  idle.o(i.rt_thread_idle_init)
    rt_thread_init                           0x080056a9   Thumb Code    72  thread.o(i.rt_thread_init)
    rt_thread_mdelay                         0x08005721   Thumb Code    12  thread.o(i.rt_thread_mdelay)
    rt_thread_resume                         0x0800572d   Thumb Code    94  thread.o(i.rt_thread_resume)
    rt_thread_self                           0x080057ad   Thumb Code     6  thread.o(i.rt_thread_self)
    rt_thread_sleep                          0x080057b9   Thumb Code    98  thread.o(i.rt_thread_sleep)
    rt_thread_startup                        0x0800583d   Thumb Code    98  thread.o(i.rt_thread_startup)
    rt_thread_suspend                        0x080058f9   Thumb Code    98  thread.o(i.rt_thread_suspend)
    rt_thread_timeout                        0x0800597d   Thumb Code    88  thread.o(i.rt_thread_timeout)
    rt_thread_yield                          0x08005a31   Thumb Code    84  thread.o(i.rt_thread_yield)
    rt_tick_from_millisecond                 0x08005a8d   Thumb Code    46  clock.o(i.rt_tick_from_millisecond)
    rt_tick_get                              0x08005abd   Thumb Code     6  clock.o(i.rt_tick_get)
    rt_tick_increase                         0x08005ac9   Thumb Code    36  clock.o(i.rt_tick_increase)
    rt_timer_check                           0x08005af1   Thumb Code    92  timer.o(i.rt_timer_check)
    rt_timer_control                         0x08005b55   Thumb Code    94  timer.o(i.rt_timer_control)
    rt_timer_detach                          0x08005c09   Thumb Code    84  timer.o(i.rt_timer_detach)
    rt_timer_init                            0x08005cdd   Thumb Code    52  timer.o(i.rt_timer_init)
    rt_timer_start                           0x08005d29   Thumb Code   190  timer.o(i.rt_timer_start)
    rt_timer_stop                            0x08005e69   Thumb Code    82  timer.o(i.rt_timer_stop)
    rt_vsnprintf                             0x08005f11   Thumb Code   610  kservice.o(i.rt_vsnprintf)
    rtthread_startup                         0x0800618d   Thumb Code    42  components.o(i.rtthread_startup)
    spinbox_iset_int                         0x080061d9   Thumb Code    30  task.o(i.spinbox_iset_int)
    spinbox_vset_init                        0x08006201   Thumb Code    28  task.o(i.spinbox_vset_init)
    version                                  0x08006221   Thumb Code    10  cmd.o(i.version)
    AHBPrescTable                            0x0800622a   Data          16  system_stm32f0xx.o(.constdata)
    APBPrescTable                            0x0800623a   Data           8  system_stm32f0xx.o(.constdata)
    asc2_0608                                0x08006242   Data         570  lcd.o(.constdata)
    asc2_0612                                0x0800647c   Data        1140  lcd.o(.constdata)
    asc2_1224                                0x080068f0   Data        3420  lcd.o(.constdata)
    icon                                     0x0800764c   Data          96  lcd.o(.constdata)
    __fsym_hello_name                        0x080076f6   Data           6  cmd.o(.constdata)
    __fsym_version_name                      0x080076fc   Data           8  cmd.o(.constdata)
    __fsym___cmd_version_name                0x08007704   Data          14  cmd.o(.constdata)
    __fsym_list_thread_name                  0x08007712   Data          12  cmd.o(.constdata)
    __fsym___cmd_list_thread_name            0x0800771e   Data          18  cmd.o(.constdata)
    __fsym_list_sem_name                     0x08007730   Data           9  cmd.o(.constdata)
    __fsym___cmd_list_sem_name               0x08007739   Data          15  cmd.o(.constdata)
    __fsym_list_timer_name                   0x08007748   Data          11  cmd.o(.constdata)
    __fsym___cmd_list_timer_name             0x08007753   Data          17  cmd.o(.constdata)
    __fsym_list_name                         0x08007764   Data           5  cmd.o(.constdata)
    __fsym___cmd_help_name                   0x08007769   Data          11  msh.o(.constdata)
    __fsym___cmd_ps_name                     0x08007774   Data           9  msh.o(.constdata)
    __fsym___cmd_free_name                   0x0800777d   Data          11  msh.o(.constdata)
    __lowest_bit_bitmap                      0x08007820   Data         256  kservice.o(.constdata)
    __fsym_list_mem_name                     0x08007942   Data           9  mem.o(.constdata)
    __rt_init_rti_start                      0x08007d2c   Data           4  components.o(.rti_fn.0)
    __rt_init_rti_board_start                0x08007d30   Data           4  components.o(.rti_fn.0.end)
    __rt_init_rti_board_end                  0x08007d34   Data           4  components.o(.rti_fn.1.end)
    __rt_init_finsh_system_init              0x08007d38   Data           4  shell.o(.rti_fn.6)
    __rt_init_rti_end                        0x08007d3c   Data           4  components.o(.rti_fn.6.end)
    FSymTab$$Base                            0x08007d40   Number         0  cmd.o(FSymTab)
    __fsym_hello                             0x08007d40   Data           8  cmd.o(FSymTab)
    __fsym_version                           0x08007d48   Data           8  cmd.o(FSymTab)
    __fsym___cmd_version                     0x08007d50   Data           8  cmd.o(FSymTab)
    __fsym_list_thread                       0x08007d58   Data           8  cmd.o(FSymTab)
    __fsym___cmd_list_thread                 0x08007d60   Data           8  cmd.o(FSymTab)
    __fsym_list_sem                          0x08007d68   Data           8  cmd.o(FSymTab)
    __fsym___cmd_list_sem                    0x08007d70   Data           8  cmd.o(FSymTab)
    __fsym_list_timer                        0x08007d78   Data           8  cmd.o(FSymTab)
    __fsym___cmd_list_timer                  0x08007d80   Data           8  cmd.o(FSymTab)
    __fsym_list                              0x08007d88   Data           8  cmd.o(FSymTab)
    __fsym___cmd_help                        0x08007d90   Data           8  msh.o(FSymTab)
    __fsym___cmd_ps                          0x08007d98   Data           8  msh.o(FSymTab)
    __fsym___cmd_free                        0x08007da0   Data           8  msh.o(FSymTab)
    __fsym_list_mem                          0x08007da8   Data           8  mem.o(FSymTab)
    FSymTab$$Limit                           0x08007db0   Number         0  mem.o(FSymTab)
    Region$$Table$$Base                      0x08007db0   Number         0  anon$$obj.o(Region$$Table)
    Region$$Table$$Limit                     0x08007dd0   Number         0  anon$$obj.o(Region$$Table)
    uwTickFreq                               0x20000000   Data           1  stm32f0xx_hal.o(.data)
    uwTickPrio                               0x20000004   Data           4  stm32f0xx_hal.o(.data)
    uwTick                                   0x20000008   Data           4  stm32f0xx_hal.o(.data)
    SystemCoreClock                          0x2000000c   Data           4  system_stm32f0xx.o(.data)
    setting_flag                             0x20000010   Data           1  task.o(.data)
    adc_count                                0x20000011   Data           1  task.o(.data)
    encode_pos                               0x20000012   Data           1  task.o(.data)
    on_off_flag                              0x20000014   Data           2  task.o(.data)
    vin                                      0x20000016   Data           2  task.o(.data)
    temp                                     0x20000018   Data           2  task.o(.data)
    vout                                     0x2000001a   Data           2  task.o(.data)
    iout                                     0x2000001c   Data           2  task.o(.data)
    encoder_value                            0x2000001e   Data           2  task.o(.data)
    adc_buf_v                                0x20000020   Data           4  task.o(.data)
    adc_buf_i                                0x20000024   Data           4  task.o(.data)
    adc_buf_temp                             0x20000028   Data           4  task.o(.data)
    spinbox_v                                0x2000002c   Data           8  task.o(.data)
    spinbox_i                                0x20000034   Data           8  task.o(.data)
    adc_convertedvalue                       0x2000003c   Data           8  task.o(.data)
    _syscall_table_begin                     0x20000044   Data           4  shell.o(.data)
    _syscall_table_end                       0x20000048   Data           4  shell.o(.data)
    _sysvar_table_begin                      0x2000004c   Data           4  shell.o(.data)
    _sysvar_table_end                        0x20000050   Data           4  shell.o(.data)
    shell                                    0x20000058   Data           4  shell.o(.data)
    rt_interrupt_nest                        0x20000060   Data           1  irq.o(.data)
    rt_assert_hook                           0x20000068   Data           4  kservice.o(.data)
    rt_current_priority                      0x200000b4   Data           1  scheduler.o(.data)
    rt_current_thread                        0x200000b8   Data           4  scheduler.o(.data)
    rt_thread_ready_priority_group           0x200000bc   Data           4  scheduler.o(.data)
    rt_thread_defunct                        0x200000c0   Data           8  scheduler.o(.data)
    rt_interrupt_from_thread                 0x200000d4   Data           4  cpuport.o(.data)
    rt_interrupt_to_thread                   0x200000d8   Data           4  cpuport.o(.data)
    rt_thread_switch_interrupt_flag          0x200000dc   Data           4  cpuport.o(.data)
    htim1                                    0x200000e0   Data          64  stm32f0xx_hal_timebase_tim.o(.bss)
    OLED_GRAM                                0x20000120   Data        1024  lcd.o(.bss)
    hadc                                     0x20000520   Data          64  hw_init.o(.bss)
    hdac                                     0x20000560   Data          20  hw_init.o(.bss)
    huart1                                   0x20000574   Data         128  hw_init.o(.bss)
    hdma_adc                                 0x200005f4   Data          68  hw_init.o(.bss)
    rt_thread_priority_table                 0x20001eb4   Data         256  scheduler.o(.bss)
    __initial_sp                             0x200027b8   Data           0  startup_stm32f072xb.o(STACK)



==============================================================================

Memory Map of the image

  Image Entry point : 0x080000c1

  Load Region LR_IROM1 (Base: 0x08000000, Size: 0x00007eb0, Max: 0x00020000, ABSOLUTE)

    Execution Region ER_IROM1 (Exec base: 0x08000000, Load base: 0x08000000, Size: 0x00007dd0, Max: 0x00020000, ABSOLUTE)

    Exec Addr    Load Addr    Size         Type   Attr      Idx    E Section Name        Object

    0x08000000   0x08000000   0x000000c0   Data   RO            3    RESET               startup_stm32f072xb.o
    0x080000c0   0x080000c0   0x00000000   Code   RO         5576  * .ARM.Collect$$$$00000000  mc_p.l(entry.o)
    0x080000c0   0x080000c0   0x00000004   Code   RO         5617    .ARM.Collect$$$$00000001  mc_p.l(entry2.o)
    0x080000c4   0x080000c4   0x00000004   Code   RO         5620    .ARM.Collect$$$$00000004  mc_p.l(entry5.o)
    0x080000c8   0x080000c8   0x00000000   Code   RO         5622    .ARM.Collect$$$$00000008  mc_p.l(entry7b.o)
    0x080000c8   0x080000c8   0x00000000   Code   RO         5624    .ARM.Collect$$$$0000000A  mc_p.l(entry8b.o)
    0x080000c8   0x080000c8   0x00000008   Code   RO         5625    .ARM.Collect$$$$0000000B  mc_p.l(entry9a.o)
    0x080000d0   0x080000d0   0x00000004   Code   RO         5632    .ARM.Collect$$$$0000000E  mc_p.l(entry12b.o)
    0x080000d4   0x080000d4   0x00000000   Code   RO         5627    .ARM.Collect$$$$0000000F  mc_p.l(entry10a.o)
    0x080000d4   0x080000d4   0x00000000   Code   RO         5629    .ARM.Collect$$$$00000011  mc_p.l(entry11a.o)
    0x080000d4   0x080000d4   0x00000004   Code   RO         5618    .ARM.Collect$$$$00002712  mc_p.l(entry2.o)
    0x080000d8   0x080000d8   0x0000001c   Code   RO            4    .text               startup_stm32f072xb.o
    0x080000f4   0x080000f4   0x000000d8   Code   RO         4645    .text               context_rvds.o
    0x080001cc   0x080001cc   0x0000002c   Code   RO         5579    .text               mc_p.l(uidiv.o)
    0x080001f8   0x080001f8   0x00000028   Code   RO         5581    .text               mc_p.l(idiv.o)
    0x08000220   0x08000220   0x00000060   Code   RO         5583    .text               mc_p.l(uldiv.o)
    0x08000280   0x08000280   0x00000022   Code   RO         5585    .text               mc_p.l(llushr.o)
    0x080002a2   0x080002a2   0x00000024   Code   RO         5587    .text               mc_p.l(memcpya.o)
    0x080002c6   0x080002c6   0x00000024   Code   RO         5589    .text               mc_p.l(memseta.o)
    0x080002ea   0x080002ea   0x00000018   Code   RO         5591    .text               mc_p.l(strcat.o)
    0x08000302   0x08000302   0x0000001a   Code   RO         5593    .text               mc_p.l(strncpy.o)
    0x0800031c   0x0800031c   0x0000000e   Code   RO         5595    .text               mc_p.l(strlen.o)
    0x0800032a   0x0800032a   0x00000012   Code   RO         5597    .text               mc_p.l(strcpy.o)
    0x0800033c   0x0800033c   0x0000001e   Code   RO         5599    .text               mc_p.l(strncmp.o)
    0x0800035a   0x0800035a   0x00000002   PAD
    0x0800035c   0x0800035c   0x000000d0   Code   RO         5603    .text               mf_p.l(dmul.o)
    0x0800042c   0x0800042c   0x000000f0   Code   RO         5605    .text               mf_p.l(ddiv.o)
    0x0800051c   0x0800051c   0x0000002c   Code   RO         5607    .text               mf_p.l(dscalb.o)
    0x08000548   0x08000548   0x00000028   Code   RO         5609    .text               mf_p.l(dflti.o)
    0x08000570   0x08000570   0x0000001c   Code   RO         5611    .text               mf_p.l(dfltui.o)
    0x0800058c   0x0800058c   0x0000003c   Code   RO         5613    .text               mf_p.l(dfixui.o)
    0x080005c8   0x080005c8   0x00000028   Code   RO         5615    .text               mf_p.l(cdrcmple.o)
    0x080005f0   0x080005f0   0x00000020   Code   RO         5633    .text               mc_p.l(llshl.o)
    0x08000610   0x08000610   0x00000000   Code   RO         5635    .text               mc_p.l(iusefp.o)
    0x08000610   0x08000610   0x000000be   Code   RO         5636    .text               mf_p.l(depilogue.o)
    0x080006ce   0x080006ce   0x00000002   PAD
    0x080006d0   0x080006d0   0x00000024   Code   RO         5640    .text               mc_p.l(init.o)
    0x080006f4   0x080006f4   0x0000000a   Code   RO         4730    i.$Sub$$main        components.o
    0x080006fe   0x080006fe   0x0000006c   Code   RO          557    i.ADC_DMAConvCplt   stm32f0xx_hal_adc.o
    0x0800076a   0x0800076a   0x0000001a   Code   RO          558    i.ADC_DMAError      stm32f0xx_hal_adc.o
    0x08000784   0x08000784   0x0000000a   Code   RO          559    i.ADC_DMAHalfConvCplt  stm32f0xx_hal_adc.o
    0x0800078e   0x0800078e   0x00000002   PAD
    0x08000790   0x08000790   0x00000084   Code   RO          561    i.ADC_Enable        stm32f0xx_hal_adc.o
    0x08000814   0x08000814   0x00000018   Code   RO          199    i.DMA1_Channel1_IRQHandler  stm32f0xx_it.o
    0x0800082c   0x0800082c   0x00000024   Code   RO         1660    i.DMA_CalcBaseAndBitshift  stm32f0xx_hal_dma.o
    0x08000850   0x08000850   0x00000028   Code   RO         1661    i.DMA_SetConfig     stm32f0xx_hal_dma.o
    0x08000878   0x08000878   0x00000064   Code   RO          200    i.EXTI0_1_IRQHandler  stm32f0xx_it.o
    0x080008dc   0x080008dc   0x0000008c   Code   RO          201    i.EXTI4_15_IRQHandler  stm32f0xx_it.o
    0x08000968   0x08000968   0x00000002   Code   RO         4290    i.Error_Handler     hw_init.o
    0x0800096a   0x0800096a   0x000000b0   Code   RO          732    i.HAL_ADCEx_Calibration_Start  stm32f0xx_hal_adc_ex.o
    0x08000a1a   0x08000a1a   0x00000002   PAD
    0x08000a1c   0x08000a1c   0x0000012c   Code   RO          563    i.HAL_ADC_ConfigChannel  stm32f0xx_hal_adc.o
    0x08000b48   0x08000b48   0x00000002   Code   RO          564    i.HAL_ADC_ConvCpltCallback  stm32f0xx_hal_adc.o
    0x08000b4a   0x08000b4a   0x00000002   Code   RO          565    i.HAL_ADC_ConvHalfCpltCallback  stm32f0xx_hal_adc.o
    0x08000b4c   0x08000b4c   0x00000002   Code   RO          567    i.HAL_ADC_ErrorCallback  stm32f0xx_hal_adc.o
    0x08000b4e   0x08000b4e   0x00000002   PAD
    0x08000b50   0x08000b50   0x00000178   Code   RO          572    i.HAL_ADC_Init      stm32f0xx_hal_adc.o
    0x08000cc8   0x08000cc8   0x0000008c   Code   RO          417    i.HAL_ADC_MspInit   stm32f0xx_hal_msp.o
    0x08000d54   0x08000d54   0x000000a0   Code   RO          579    i.HAL_ADC_Start_DMA  stm32f0xx_hal_adc.o
    0x08000df4   0x08000df4   0x00000038   Code   RO         2595    i.HAL_DAC_ConfigChannel  stm32f0xx_hal_dac_ex.o
    0x08000e2c   0x08000e2c   0x0000002a   Code   RO         2469    i.HAL_DAC_Init      stm32f0xx_hal_dac.o
    0x08000e56   0x08000e56   0x00000002   PAD
    0x08000e58   0x08000e58   0x00000058   Code   RO          419    i.HAL_DAC_MspInit   stm32f0xx_hal_msp.o
    0x08000eb0   0x08000eb0   0x0000001c   Code   RO         2472    i.HAL_DAC_SetValue  stm32f0xx_hal_dac.o
    0x08000ecc   0x08000ecc   0x00000054   Code   RO         2598    i.HAL_DAC_Start     stm32f0xx_hal_dac_ex.o
    0x08000f20   0x08000f20   0x0000009c   Code   RO         1667    i.HAL_DMA_IRQHandler  stm32f0xx_hal_dma.o
    0x08000fbc   0x08000fbc   0x00000054   Code   RO         1668    i.HAL_DMA_Init      stm32f0xx_hal_dma.o
    0x08001010   0x08001010   0x0000006a   Code   RO         1672    i.HAL_DMA_Start_IT  stm32f0xx_hal_dma.o
    0x0800107a   0x0800107a   0x00000002   PAD
    0x0800107c   0x0800107c   0x00000180   Code   RO         1601    i.HAL_GPIO_Init     stm32f0xx_hal_gpio.o
    0x080011fc   0x080011fc   0x0000000c   Code   RO          941    i.HAL_GetTick       stm32f0xx_hal.o
    0x08001208   0x08001208   0x00000010   Code   RO          947    i.HAL_IncTick       stm32f0xx_hal.o
    0x08001218   0x08001218   0x00000020   Code   RO          948    i.HAL_Init          stm32f0xx_hal.o
    0x08001238   0x08001238   0x00000078   Code   RO          473    i.HAL_InitTick      stm32f0xx_hal_timebase_tim.o
    0x080012b0   0x080012b0   0x00000028   Code   RO          420    i.HAL_MspInit       stm32f0xx_hal_msp.o
    0x080012d8   0x080012d8   0x00000018   Code   RO         1760    i.HAL_NVIC_EnableIRQ  stm32f0xx_hal_cortex.o
    0x080012f0   0x080012f0   0x00000008   Code   RO         1764    i.HAL_NVIC_SetPriority  stm32f0xx_hal_cortex.o
    0x080012f8   0x080012f8   0x00000120   Code   RO          857    i.HAL_RCCEx_PeriphCLKConfig  stm32f0xx_hal_rcc_ex.o
    0x08001418   0x08001418   0x00000114   Code   RO          753    i.HAL_RCC_ClockConfig  stm32f0xx_hal_rcc.o
    0x0800152c   0x0800152c   0x00000038   Code   RO          757    i.HAL_RCC_GetClockConfig  stm32f0xx_hal_rcc.o
    0x08001564   0x08001564   0x00000020   Code   RO          760    i.HAL_RCC_GetPCLK1Freq  stm32f0xx_hal_rcc.o
    0x08001584   0x08001584   0x000000a0   Code   RO          761    i.HAL_RCC_GetSysClockFreq  stm32f0xx_hal_rcc.o
    0x08001624   0x08001624   0x00000404   Code   RO          764    i.HAL_RCC_OscConfig  stm32f0xx_hal_rcc.o
    0x08001a28   0x08001a28   0x00000002   Code   RO         3391    i.HAL_TIMEx_BreakCallback  stm32f0xx_hal_tim_ex.o
    0x08001a2a   0x08001a2a   0x00000002   Code   RO         3392    i.HAL_TIMEx_CommutCallback  stm32f0xx_hal_tim_ex.o
    0x08001a2c   0x08001a2c   0x00000034   Code   RO         2708    i.HAL_TIM_Base_Init  stm32f0xx_hal_tim.o
    0x08001a60   0x08001a60   0x00000002   Code   RO         2710    i.HAL_TIM_Base_MspInit  stm32f0xx_hal_tim.o
    0x08001a62   0x08001a62   0x00000020   Code   RO         2713    i.HAL_TIM_Base_Start_IT  stm32f0xx_hal_tim.o
    0x08001a82   0x08001a82   0x00000002   Code   RO         2739    i.HAL_TIM_IC_CaptureCallback  stm32f0xx_hal_tim.o
    0x08001a84   0x08001a84   0x00000162   Code   RO         2753    i.HAL_TIM_IRQHandler  stm32f0xx_hal_tim.o
    0x08001be6   0x08001be6   0x00000002   Code   RO         2756    i.HAL_TIM_OC_DelayElapsedCallback  stm32f0xx_hal_tim.o
    0x08001be8   0x08001be8   0x00000002   Code   RO         2783    i.HAL_TIM_PWM_PulseFinishedCallback  stm32f0xx_hal_tim.o
    0x08001bea   0x08001bea   0x00000002   PAD
    0x08001bec   0x08001bec   0x00000014   Code   RO         4291    i.HAL_TIM_PeriodElapsedCallback  hw_init.o
    0x08001c00   0x08001c00   0x00000002   Code   RO         2796    i.HAL_TIM_TriggerCallback  stm32f0xx_hal_tim.o
    0x08001c02   0x08001c02   0x0000006a   Code   RO         3666    i.HAL_UART_Init     stm32f0xx_hal_uart.o
    0x08001c6c   0x08001c6c   0x00000064   Code   RO          422    i.HAL_UART_MspInit  stm32f0xx_hal_msp.o
    0x08001cd0   0x08001cd0   0x000000ce   Code   RO         3675    i.HAL_UART_Transmit  stm32f0xx_hal_uart.o
    0x08001d9e   0x08001d9e   0x00000002   PAD
    0x08001da0   0x08001da0   0x00000098   Code   RO         4292    i.LDP_HW_Init       hw_init.o
    0x08001e38   0x08001e38   0x00000048   Code   RO         4092    i.LDP_Show_ICON     lcd.o
    0x08001e80   0x08001e80   0x000000ac   Code   RO         4202    i.LDP_Thread_Creat  task.o
    0x08001f2c   0x08001f2c   0x000000ec   Code   RO         4203    i.LDP_Thread_FB_Entry  task.o
    0x08002018   0x08002018   0x0000018c   Code   RO         4204    i.LDP_Thread_GUI_Entry  task.o
    0x080021a4   0x080021a4   0x000000a4   Code   RO         4205    i.LDP_Thread_Settings_Entry  task.o
    0x08002248   0x08002248   0x00000084   Code   RO         4206    i.LDP_Thread_Spinbox_Entry  task.o
    0x080022cc   0x080022cc   0x00000018   Code   RO         4293    i.LL_AHB1_GRP1_EnableClock  hw_init.o
    0x080022e4   0x080022e4   0x000000a0   Code   RO         2425    i.LL_EXTI_Init      stm32f0xx_ll_exti.o
    0x08002384   0x08002384   0x00000014   Code   RO          202    i.LL_EXTI_IsActiveFlag_0_31  stm32f0xx_it.o
    0x08002398   0x08002398   0x000000ae   Code   RO          511    i.LL_GPIO_Init      stm32f0xx_ll_gpio.o
    0x08002446   0x08002446   0x0000000e   Code   RO          203    i.LL_GPIO_IsInputPinSet  stm32f0xx_it.o
    0x08002454   0x08002454   0x00000014   Code   RO         4294    i.LL_GPIO_SetPinMode  hw_init.o
    0x08002468   0x08002468   0x00000014   Code   RO         4295    i.LL_GPIO_SetPinPull  hw_init.o
    0x0800247c   0x0800247c   0x00000020   Code   RO         4296    i.LL_SYSCFG_SetEXTISource  hw_init.o
    0x0800249c   0x0800249c   0x00000078   Code   RO         4297    i.MX_ADC_Init       hw_init.o
    0x08002514   0x08002514   0x00000154   Code   RO         4298    i.MX_GPIO_Init      hw_init.o
    0x08002668   0x08002668   0x00000030   Code   RO         4299    i.MX_USART1_UART_Init  hw_init.o
    0x08002698   0x08002698   0x00000002   Code   RO          204    i.NMI_Handler       stm32f0xx_it.o
    0x0800269a   0x0800269a   0x00000002   PAD
    0x0800269c   0x0800269c   0x00000028   Code   RO         4093    i.OLED_Clear        lcd.o
    0x080026c4   0x080026c4   0x00000038   Code   RO         4096    i.OLED_DrawPoint    lcd.o
    0x080026fc   0x080026fc   0x00000104   Code   RO         4097    i.OLED_Init         lcd.o
    0x08002800   0x08002800   0x00000048   Code   RO         4098    i.OLED_Refresh_Gram  lcd.o
    0x08002848   0x08002848   0x000000c0   Code   RO         4100    i.OLED_ShowChar     lcd.o
    0x08002908   0x08002908   0x0000008a   Code   RO         4101    i.OLED_ShowNum      lcd.o
    0x08002992   0x08002992   0x000000ae   Code   RO         4102    i.OLED_ShowPicture  lcd.o
    0x08002a40   0x08002a40   0x00000056   Code   RO         4103    i.OLED_ShowString   lcd.o
    0x08002a96   0x08002a96   0x0000008c   Code   RO         4207    i.OLED_Show_Out     task.o
    0x08002b22   0x08002b22   0x000000e4   Code   RO         4208    i.OLED_Show_Spinbox  task.o
    0x08002c06   0x08002c06   0x0000008e   Code   RO         4209    i.OLED_Show_Spinbox_pos  task.o
    0x08002c94   0x08002c94   0x00000040   Code   RO         4104    i.OLED_WR_Byte      lcd.o
    0x08002cd4   0x08002cd4   0x00000010   Code   RO         4651    i.SysTick_Handler   board.o
    0x08002ce4   0x08002ce4   0x00000060   Code   RO         4300    i.SystemClock_Config  hw_init.o
    0x08002d44   0x08002d44   0x0000007c   Code   RO         4058    i.SystemCoreClockUpdate  system_stm32f0xx.o
    0x08002dc0   0x08002dc0   0x00000002   Code   RO         4059    i.SystemInit        system_stm32f0xx.o
    0x08002dc2   0x08002dc2   0x00000002   PAD
    0x08002dc4   0x08002dc4   0x00000018   Code   RO          205    i.TIM1_BRK_UP_TRG_COM_IRQHandler  stm32f0xx_it.o
    0x08002ddc   0x08002ddc   0x00000094   Code   RO         2798    i.TIM_Base_SetConfig  stm32f0xx_hal_tim.o
    0x08002e70   0x08002e70   0x000000ca   Code   RO         3680    i.UART_AdvFeatureConfig  stm32f0xx_hal_uart.o
    0x08002f3a   0x08002f3a   0x00000002   PAD
    0x08002f3c   0x08002f3c   0x00000060   Code   RO         3681    i.UART_CheckIdleState  stm32f0xx_hal_uart.o
    0x08002f9c   0x08002f9c   0x0000017c   Code   RO         3696    i.UART_SetConfig    stm32f0xx_hal_uart.o
    0x08003118   0x08003118   0x0000009c   Code   RO         3699    i.UART_WaitOnFlagUntilTimeout  stm32f0xx_hal_uart.o
    0x080031b4   0x080031b4   0x0000002e   Code   RO         5638    i.__ARM_clz         mf_p.l(depilogue.o)
    0x080031e2   0x080031e2   0x00000030   Code   RO          838    i.__ARM_common_ll_muluu  stm32f0xx_hal_rcc.o
    0x08003212   0x08003212   0x0000001a   Code   RO         1751    i.__ARM_common_switch8  stm32f0xx_hal_dma.o
    0x0800322c   0x0800322c   0x00000018   Code   RO         4301    i.__NVIC_EnableIRQ  hw_init.o
    0x08003244   0x08003244   0x00000044   Code   RO         1770    i.__NVIC_SetPriority  stm32f0xx_hal_cortex.o
    0x08003288   0x08003288   0x00000044   Code   RO         4302    i.__NVIC_SetPriority  hw_init.o
    0x080032cc   0x080032cc   0x00000040   Code   RO         4936    i.__rt_ffs          kservice.o
    0x0800330c   0x0800330c   0x0000000e   Code   RO         5644    i.__scatterload_copy  mc_p.l(handlers.o)
    0x0800331a   0x0800331a   0x00000002   Code   RO         5645    i.__scatterload_null  mc_p.l(handlers.o)
    0x0800331c   0x0800331c   0x0000000e   Code   RO         5646    i.__scatterload_zeroinit  mc_p.l(handlers.o)
    0x0800332a   0x0800332a   0x00000002   PAD
    0x0800332c   0x0800332c   0x00000014   Code   RO         4799    i._has_defunct_thread  idle.o
    0x08003340   0x08003340   0x000000d0   Code   RO         4586    i._msh_exec_cmd     msh.o
    0x08003410   0x08003410   0x000000bc   Code   RO         5262    i._rt_scheduler_stack_check  scheduler.o
    0x080034cc   0x080034cc   0x000000a8   Code   RO         5330    i._rt_thread_init   thread.o
    0x08003574   0x08003574   0x0000001c   Code   RO         5453    i._rt_timer_init    timer.o
    0x08003590   0x08003590   0x00000014   Code   RO         5454    i._rt_timer_remove  timer.o
    0x080035a4   0x080035a4   0x0000000a   Code   RO         4587    i.cmd_free          msh.o
    0x080035ae   0x080035ae   0x0000000a   Code   RO         4588    i.cmd_ps            msh.o
    0x080035b8   0x080035b8   0x0000000a   Code   RO          206    i.delya_us          stm32f0xx_it.o
    0x080035c2   0x080035c2   0x00000002   PAD
    0x080035c4   0x080035c4   0x00000064   Code   RO         4403    i.finsh_get_prompt  shell.o
    0x08003628   0x08003628   0x00000048   Code   RO         4407    i.finsh_set_prompt_mode  shell.o
    0x08003670   0x08003670   0x0000000c   Code   RO         4408    i.finsh_system_function_init  shell.o
    0x0800367c   0x0800367c   0x00000098   Code   RO         4409    i.finsh_system_init  shell.o
    0x08003714   0x08003714   0x00000274   Code   RO         4411    i.finsh_thread_entry  shell.o
    0x08003988   0x08003988   0x00000020   Code   RO         4503    i.hello             cmd.o
    0x080039a8   0x080039a8   0x00000058   Code   RO         4504    i.list              cmd.o
    0x08003a00   0x08003a00   0x00000020   Code   RO         4505    i.list_find_init    cmd.o
    0x08003a20   0x08003a20   0x00000068   Code   RO         4506    i.list_get_next     cmd.o
    0x08003a88   0x08003a88   0x0000006c   Code   RO         5125    i.list_mem          mem.o
    0x08003af4   0x08003af4   0x0000013c   Code   RO         4507    i.list_sem          cmd.o
    0x08003c30   0x08003c30   0x000001c0   Code   RO         4508    i.list_thread       cmd.o
    0x08003df0   0x08003df0   0x00000140   Code   RO         4509    i.list_timer        cmd.o
    0x08003f30   0x08003f30   0x0000000a   Code   RO           12    i.main              main.o
    0x08003f3a   0x08003f3a   0x0000000c   Code   RO         4731    i.main_thread_entry  components.o
    0x08003f46   0x08003f46   0x00000002   PAD
    0x08003f48   0x08003f48   0x000000b0   Code   RO         4589    i.msh_auto_complete  msh.o
    0x08003ff8   0x08003ff8   0x00000068   Code   RO         4590    i.msh_exec          msh.o
    0x08004060   0x08004060   0x00000070   Code   RO         4591    i.msh_help          msh.o
    0x080040d0   0x080040d0   0x00000004   Code   RO         4592    i.msh_is_used       msh.o
    0x080040d4   0x080040d4   0x000000d0   Code   RO         4593    i.msh_split         msh.o
    0x080041a4   0x080041a4   0x00000014   Code   RO         4105    i.mypow             lcd.o
    0x080041b8   0x080041b8   0x00000018   Code   RO         4510    i.object_split      cmd.o
    0x080041d0   0x080041d0   0x000000ec   Code   RO         5126    i.plug_holes        mem.o
    0x080042bc   0x080042bc   0x00000144   Code   RO         4938    i.print_number      kservice.o
    0x08004400   0x08004400   0x00000050   Code   RO         4732    i.rt_application_init  components.o
    0x08004450   0x08004450   0x00000068   Code   RO         4939    i.rt_assert_handler  kservice.o
    0x080044b8   0x080044b8   0x0000001c   Code   RO         5127    i.rt_calloc         mem.o
    0x080044d4   0x080044d4   0x0000001c   Code   RO         4733    i.rt_components_board_init  components.o
    0x080044f0   0x080044f0   0x0000001c   Code   RO         4734    i.rt_components_init  components.o
    0x0800450c   0x0800450c   0x00000018   Code   RO         5264    i.rt_enter_critical  scheduler.o
    0x08004524   0x08004524   0x00000034   Code   RO         5265    i.rt_exit_critical  scheduler.o
    0x08004558   0x08004558   0x000001c8   Code   RO         5128    i.rt_free           mem.o
    0x08004720   0x08004720   0x00000008   Code   RO         4652    i.rt_heap_begin_get  board.o
    0x08004728   0x08004728   0x00000008   Code   RO         4653    i.rt_heap_end_get   board.o
    0x08004730   0x08004730   0x00000058   Code   RO         4654    i.rt_hw_board_init  board.o
    0x08004788   0x08004788   0x00000034   Code   RO         4303    i.rt_hw_console_getchar  hw_init.o
    0x080047bc   0x080047bc   0x00000048   Code   RO         4304    i.rt_hw_console_output  hw_init.o
    0x08004804   0x08004804   0x000000f4   Code   RO         5547    i.rt_hw_hard_fault_exception  cpuport.o
    0x080048f8   0x080048f8   0x00000038   Code   RO         5548    i.rt_hw_stack_init  cpuport.o
    0x08004930   0x08004930   0x00000018   Code   RO         4909    i.rt_interrupt_enter  irq.o
    0x08004948   0x08004948   0x0000000c   Code   RO         4910    i.rt_interrupt_get_nest  irq.o
    0x08004954   0x08004954   0x00000018   Code   RO         4911    i.rt_interrupt_leave  irq.o
    0x0800496c   0x0800496c   0x00000024   Code   RO         4944    i.rt_kprintf        kservice.o
    0x08004990   0x08004990   0x0000000e   Code   RO         5186    i.rt_list_insert_after  object.o
    0x0800499e   0x0800499e   0x0000000e   Code   RO         5331    i.rt_list_insert_after  thread.o
    0x080049ac   0x080049ac   0x0000000e   Code   RO         5455    i.rt_list_insert_after  timer.o
    0x080049ba   0x080049ba   0x0000000e   Code   RO         4841    i.rt_list_insert_before  ipc.o
    0x080049c8   0x080049c8   0x00000012   Code   RO         4511    i.rt_list_len       cmd.o
    0x080049da   0x080049da   0x00000012   Code   RO         5187    i.rt_list_remove    object.o
    0x080049ec   0x080049ec   0x00000012   Code   RO         5332    i.rt_list_remove    thread.o
    0x080049fe   0x080049fe   0x00000002   PAD
    0x08004a00   0x08004a00   0x000001e8   Code   RO         5129    i.rt_malloc         mem.o
    0x08004be8   0x08004be8   0x0000002e   Code   RO         4949    i.rt_memmove        kservice.o
    0x08004c16   0x08004c16   0x00000012   Code   RO         4950    i.rt_memset         kservice.o
    0x08004c28   0x08004c28   0x000000cc   Code   RO         5188    i.rt_object_allocate  object.o
    0x08004cf4   0x08004cf4   0x00000088   Code   RO         5189    i.rt_object_delete  object.o
    0x08004d7c   0x08004d7c   0x00000044   Code   RO         5190    i.rt_object_detach  object.o
    0x08004dc0   0x08004dc0   0x00000020   Code   RO         5192    i.rt_object_get_information  object.o
    0x08004de0   0x08004de0   0x00000034   Code   RO         5193    i.rt_object_get_type  object.o
    0x08004e14   0x08004e14   0x00000098   Code   RO         5194    i.rt_object_init    object.o
    0x08004eac   0x08004eac   0x00000038   Code   RO         5195    i.rt_object_is_systemobject  object.o
    0x08004ee4   0x08004ee4   0x00000068   Code   RO         5266    i.rt_schedule       scheduler.o
    0x08004f4c   0x08004f4c   0x00000070   Code   RO         5267    i.rt_schedule_insert_thread  scheduler.o
    0x08004fbc   0x08004fbc   0x0000006c   Code   RO         5268    i.rt_schedule_remove_thread  scheduler.o
    0x08005028   0x08005028   0x0000006c   Code   RO         4846    i.rt_sem_init       ipc.o
    0x08005094   0x08005094   0x00000074   Code   RO         4847    i.rt_sem_release    ipc.o
    0x08005108   0x08005108   0x000001a4   Code   RO         4848    i.rt_sem_take       ipc.o
    0x080052ac   0x080052ac   0x000000b0   Code   RO         4952    i.rt_show_version   kservice.o
    0x0800535c   0x0800535c   0x00000010   Code   RO         4958    i.rt_strlen         kservice.o
    0x0800536c   0x0800536c   0x00000028   Code   RO         4960    i.rt_strncpy        kservice.o
    0x08005394   0x08005394   0x00000104   Code   RO         5132    i.rt_system_heap_init  mem.o
    0x08005498   0x08005498   0x00000034   Code   RO         5269    i.rt_system_scheduler_init  scheduler.o
    0x080054cc   0x080054cc   0x00000028   Code   RO         5270    i.rt_system_scheduler_start  scheduler.o
    0x080054f4   0x080054f4   0x0000000c   Code   RO         5456    i.rt_system_timer_init  timer.o
    0x08005500   0x08005500   0x00000002   Code   RO         5457    i.rt_system_timer_thread_init  timer.o
    0x08005502   0x08005502   0x00000040   Code   RO         5334    i.rt_thread_create  thread.o
    0x08005542   0x08005542   0x00000002   PAD
    0x08005544   0x08005544   0x00000058   Code   RO         5338    i.rt_thread_exit    thread.o
    0x0800559c   0x0800559c   0x00000006   Code   RO         4800    i.rt_thread_idle_entry  idle.o
    0x080055a2   0x080055a2   0x00000002   PAD
    0x080055a4   0x080055a4   0x000000d0   Code   RO         4801    i.rt_thread_idle_excute  idle.o
    0x08005674   0x08005674   0x00000034   Code   RO         4803    i.rt_thread_idle_init  idle.o
    0x080056a8   0x080056a8   0x00000078   Code   RO         5340    i.rt_thread_init    thread.o
    0x08005720   0x08005720   0x0000000c   Code   RO         5341    i.rt_thread_mdelay  thread.o
    0x0800572c   0x0800572c   0x00000080   Code   RO         5342    i.rt_thread_resume  thread.o
    0x080057ac   0x080057ac   0x0000000c   Code   RO         5343    i.rt_thread_self    thread.o
    0x080057b8   0x080057b8   0x00000084   Code   RO         5344    i.rt_thread_sleep   thread.o
    0x0800583c   0x0800583c   0x000000bc   Code   RO         5345    i.rt_thread_startup  thread.o
    0x080058f8   0x080058f8   0x00000084   Code   RO         5346    i.rt_thread_suspend  thread.o
    0x0800597c   0x0800597c   0x000000b4   Code   RO         5347    i.rt_thread_timeout  thread.o
    0x08005a30   0x08005a30   0x0000005c   Code   RO         5348    i.rt_thread_yield   thread.o
    0x08005a8c   0x08005a8c   0x0000002e   Code   RO         4693    i.rt_tick_from_millisecond  clock.o
    0x08005aba   0x08005aba   0x00000002   PAD
    0x08005abc   0x08005abc   0x0000000c   Code   RO         4694    i.rt_tick_get       clock.o
    0x08005ac8   0x08005ac8   0x00000028   Code   RO         4695    i.rt_tick_increase  clock.o
    0x08005af0   0x08005af0   0x00000064   Code   RO         5458    i.rt_timer_check    timer.o
    0x08005b54   0x08005b54   0x000000b4   Code   RO         5459    i.rt_timer_control  timer.o
    0x08005c08   0x08005c08   0x000000d4   Code   RO         5462    i.rt_timer_detach   timer.o
    0x08005cdc   0x08005cdc   0x0000004c   Code   RO         5463    i.rt_timer_init     timer.o
    0x08005d28   0x08005d28   0x00000140   Code   RO         5465    i.rt_timer_start    timer.o
    0x08005e68   0x08005e68   0x000000a8   Code   RO         5466    i.rt_timer_stop     timer.o
    0x08005f10   0x08005f10   0x0000026c   Code   RO         4963    i.rt_vsnprintf      kservice.o
    0x0800617c   0x0800617c   0x00000004   Code   RO         4735    i.rti_board_end     components.o
    0x08006180   0x08006180   0x00000004   Code   RO         4736    i.rti_board_start   components.o
    0x08006184   0x08006184   0x00000004   Code   RO         4737    i.rti_end           components.o
    0x08006188   0x08006188   0x00000004   Code   RO         4738    i.rti_start         components.o
    0x0800618c   0x0800618c   0x0000002a   Code   RO         4739    i.rtthread_startup  components.o
    0x080061b6   0x080061b6   0x00000020   Code   RO         4965    i.skip_atoi         kservice.o
    0x080061d6   0x080061d6   0x00000002   PAD
    0x080061d8   0x080061d8   0x00000028   Code   RO         4210    i.spinbox_iset_int  task.o
    0x08006200   0x08006200   0x00000020   Code   RO         4211    i.spinbox_vset_init  task.o
    0x08006220   0x08006220   0x0000000a   Code   RO         4512    i.version           cmd.o
    0x0800622a   0x0800622a   0x00000010   Data   RO         4060    .constdata          system_stm32f0xx.o
    0x0800623a   0x0800623a   0x00000008   Data   RO         4061    .constdata          system_stm32f0xx.o
    0x08006242   0x08006242   0x0000146a   Data   RO         4107    .constdata          lcd.o
    0x080076ac   0x080076ac   0x0000004a   Data   RO         4413    .constdata          shell.o
    0x080076f6   0x080076f6   0x00000006   Data   RO         4513    .constdata          cmd.o
    0x080076fc   0x080076fc   0x00000008   Data   RO         4514    .constdata          cmd.o
    0x08007704   0x08007704   0x0000000e   Data   RO         4515    .constdata          cmd.o
    0x08007712   0x08007712   0x0000000c   Data   RO         4516    .constdata          cmd.o
    0x0800771e   0x0800771e   0x00000012   Data   RO         4517    .constdata          cmd.o
    0x08007730   0x08007730   0x00000009   Data   RO         4518    .constdata          cmd.o
    0x08007739   0x08007739   0x0000000f   Data   RO         4519    .constdata          cmd.o
    0x08007748   0x08007748   0x0000000b   Data   RO         4520    .constdata          cmd.o
    0x08007753   0x08007753   0x00000011   Data   RO         4521    .constdata          cmd.o
    0x08007764   0x08007764   0x00000005   Data   RO         4522    .constdata          cmd.o
    0x08007769   0x08007769   0x0000000b   Data   RO         4594    .constdata          msh.o
    0x08007774   0x08007774   0x00000009   Data   RO         4595    .constdata          msh.o
    0x0800777d   0x0800777d   0x0000000b   Data   RO         4596    .constdata          msh.o
    0x08007788   0x08007788   0x0000000e   Data   RO         4597    .constdata          msh.o
    0x08007796   0x08007796   0x00000014   Data   RO         4740    .constdata          components.o
    0x080077aa   0x080077aa   0x00000016   Data   RO         4805    .constdata          idle.o
    0x080077c0   0x080077c0   0x00000060   Data   RO         4850    .constdata          ipc.o
    0x08007820   0x08007820   0x00000122   Data   RO         4967    .constdata          kservice.o
    0x08007942   0x08007942   0x00000009   Data   RO         5134    .constdata          mem.o
    0x0800794b   0x0800794b   0x0000003c   Data   RO         5135    .constdata          mem.o
    0x08007987   0x08007987   0x00000080   Data   RO         5197    .constdata          object.o
    0x08007a07   0x08007a07   0x0000004e   Data   RO         5272    .constdata          scheduler.o
    0x08007a55   0x08007a55   0x000000b9   Data   RO         5349    .constdata          thread.o
    0x08007b0e   0x08007b0e   0x0000005c   Data   RO         5467    .constdata          timer.o
    0x08007b6a   0x08007b6a   0x00000002   PAD
    0x08007b6c   0x08007b6c   0x00000044   Data   RO         4523    .conststring        cmd.o
    0x08007bb0   0x08007bb0   0x00000045   Data   RO         4851    .conststring        ipc.o
    0x08007bf5   0x08007bf5   0x00000003   PAD
    0x08007bf8   0x08007bf8   0x000000ed   Data   RO         5136    .conststring        mem.o
    0x08007ce5   0x08007ce5   0x00000003   PAD
    0x08007ce8   0x08007ce8   0x00000042   Data   RO         5350    .conststring        thread.o
    0x08007d2a   0x08007d2a   0x00000002   PAD
    0x08007d2c   0x08007d2c   0x00000004   Data   RO         4741    .rti_fn.0           components.o
    0x08007d30   0x08007d30   0x00000004   Data   RO         4742    .rti_fn.0.end       components.o
    0x08007d34   0x08007d34   0x00000004   Data   RO         4743    .rti_fn.1.end       components.o
    0x08007d38   0x08007d38   0x00000004   Data   RO         4415    .rti_fn.6           shell.o
    0x08007d3c   0x08007d3c   0x00000004   Data   RO         4744    .rti_fn.6.end       components.o
    0x08007d40   0x08007d40   0x00000050   Data   RO         4524    FSymTab             cmd.o
    0x08007d90   0x08007d90   0x00000018   Data   RO         4598    FSymTab             msh.o
    0x08007da8   0x08007da8   0x00000008   Data   RO         5138    FSymTab             mem.o
    0x08007db0   0x08007db0   0x00000020   Data   RO         5642    Region$$Table       anon$$obj.o


    Execution Region RW_IRAM1 (Exec base: 0x20000000, Load base: 0x08007dd0, Size: 0x000027b8, Max: 0x00004000, ABSOLUTE)

    Exec Addr    Load Addr    Size         Type   Attr      Idx    E Section Name        Object

    0x20000000   0x08007dd0   0x0000000c   Data   RW          955    .data               stm32f0xx_hal.o
    0x2000000c   0x08007ddc   0x00000004   Data   RW         4062    .data               system_stm32f0xx.o
    0x20000010   0x08007de0   0x00000034   Data   RW         4212    .data               task.o
    0x20000044   0x08007e14   0x00000018   Data   RW         4414    .data               shell.o
    0x2000005c   0x08007e2c   0x00000004   Data   RW         4697    .data               clock.o
    0x20000060   0x08007e30   0x00000001   Data   RW         4912    .data               irq.o
    0x20000061   0x08007e31   0x00000003   PAD
    0x20000064   0x08007e34   0x00000008   Data   RW         4968    .data               kservice.o
    0x2000006c   0x08007e3c   0x00000018   Data   RW         5137    .data               mem.o
    0x20000084   0x08007e54   0x00000030   Data   RW         5198    .data               object.o
    0x200000b4   0x08007e84   0x00000014   Data   RW         5273    .data               scheduler.o
    0x200000c8   0x08007e98   0x0000000c   Data   RW         5468    .data               timer.o
    0x200000d4   0x08007ea4   0x00000004   Data   RW         5549    .data               cpuport.o
    0x200000d8   0x08007ea8   0x00000004   Data   RW         5550    .data               cpuport.o
    0x200000dc   0x08007eac   0x00000004   Data   RW         5551    .data               cpuport.o
    0x200000e0        -       0x00000040   Zero   RW          476    .bss                stm32f0xx_hal_timebase_tim.o
    0x20000120        -       0x00000400   Zero   RW         4106    .bss                lcd.o
    0x20000520        -       0x000000d4   Zero   RW         4305    .bss                hw_init.o
    0x200005f4        -       0x00000044   Zero   RW         4306    .bss                hw_init.o
    0x20000638        -       0x00000081   Zero   RW         4412    .bss                shell.o
    0x200006b9   0x08007eb0   0x00000003   PAD
    0x200006bc        -       0x000015e0   Zero   RW         4655    .bss                board.o
    0x20001c9c        -       0x00000178   Zero   RW         4804    .bss                idle.o
    0x20001e14        -       0x00000080   Zero   RW         4966    .bss                kservice.o
    0x20001e94        -       0x00000020   Zero   RW         5133    .bss                mem.o
    0x20001eb4        -       0x00000100   Zero   RW         5271    .bss                scheduler.o
    0x20001fb4   0x08007eb0   0x00000004   PAD
    0x20001fb8        -       0x00000800   Zero   RW            1    STACK               startup_stm32f072xb.o


==============================================================================

Image component sizes


      Code (inc. data)   RO Data    RW Data    ZI Data      Debug   Object Name

       120         26          0          0       5600       3191   board.o
        98         10          0          4          0       1944   clock.o
      1392        520        263          0          0      12761   cmd.o
       216         50         36          0          0       6268   components.o
       216         32          0          0          0        840   context_rvds.o
       300        168          0         12          0       3226   cpuport.o
      1090         80          0          0        280      29906   hw_init.o
       286         74         22          0        376       5930   idle.o
       658        192        165          0          0       9746   ipc.o
        60         14          0          1          0       2278   irq.o
      1476        224        290          8        128      11812   kservice.o
      1174         46       5226          0       1024      13958   lcd.o
        10          0          0          0          0     508153   main.o
      1576        692        314         24         32       7047   mem.o
       832        174         69          0          0       8029   msh.o
       732        264        128         48          0      10554   object.o
       680        220         78         20        256       9238   scheduler.o
       964        164         78         24        129      12148   shell.o
        28          8        192          0       2048        608   startup_stm32f072xb.o
        60         16          0         12          0       7134   stm32f0xx_hal.o
      1118         54          0          0          0       7305   stm32f0xx_hal_adc.o
       176          0          0          0          0       1334   stm32f0xx_hal_adc_ex.o
       100         14          0          0          0       9460   stm32f0xx_hal_cortex.o
        70          0          0          0          0       1726   stm32f0xx_hal_dac.o
       140          4          0          0          0       1852   stm32f0xx_hal_dac_ex.o
       448         16          0          0          0       4063   stm32f0xx_hal_dma.o
       384         30          0          0          0       1636   stm32f0xx_hal_gpio.o
       368         44          0          0          0       2844   stm32f0xx_hal_msp.o
      1600        106          0          0          0       5410   stm32f0xx_hal_rcc.o
       288         14          0          0          0       1460   stm32f0xx_hal_rcc_ex.o
       596         24          0          0          0       6508   stm32f0xx_hal_tim.o
         4          0          0          0          0       1473   stm32f0xx_hal_tim_ex.o
       120         22          0          0         64       1347   stm32f0xx_hal_timebase_tim.o
      1146         44          0          0          0       6021   stm32f0xx_hal_uart.o
       334         46          0          0          0     508593   stm32f0xx_it.o
       160          4          0          0          0       5059   stm32f0xx_ll_exti.o
       174          0          0          0          0       6655   stm32f0xx_ll_gpio.o
       126         26         24          4          0       1735   system_stm32f0xx.o
      1682        208          0         52          0       9631   task.o
      1348        406        251          0          0      16146   thread.o
      1132        466         92         12          0      11734   timer.o

    ----------------------------------------------------------------------
     23516       4502       7270        224       9944    1276763   Object Totals
         0          0         32          0          0          0   (incl. Generated)
        34          0         10          3          7          0   (incl. Padding)

    ----------------------------------------------------------------------

      Code (inc. data)   RO Data    RW Data    ZI Data      Debug   Library Member Name

         0          0          0          0          0          0   entry.o
         0          0          0          0          0          0   entry10a.o
         0          0          0          0          0          0   entry11a.o
         4          0          0          0          0          0   entry12b.o
         8          4          0          0          0          0   entry2.o
         4          0          0          0          0          0   entry5.o
         0          0          0          0          0          0   entry7b.o
         0          0          0          0          0          0   entry8b.o
         8          4          0          0          0          0   entry9a.o
        30          0          0          0          0          0   handlers.o
        40          0          0          0          0         72   idiv.o
        36          8          0          0          0         68   init.o
         0          0          0          0          0          0   iusefp.o
        32          0          0          0          0         68   llshl.o
        34          0          0          0          0         68   llushr.o
        36          0          0          0          0         60   memcpya.o
        36          0          0          0          0        100   memseta.o
        24          0          0          0          0         60   strcat.o
        18          0          0          0          0         60   strcpy.o
        14          0          0          0          0         60   strlen.o
        30          0          0          0          0         72   strncmp.o
        26          0          0          0          0         68   strncpy.o
        44          0          0          0          0         72   uidiv.o
        96          0          0          0          0         84   uldiv.o
        40          2          0          0          0         68   cdrcmple.o
       240          6          0          0          0         84   ddiv.o
       236          0          0          0          0        216   depilogue.o
        60         10          0          0          0         68   dfixui.o
        40          6          0          0          0         68   dflti.o
        28          4          0          0          0         68   dfltui.o
       208          6          0          0          0         88   dmul.o
        44          0          0          0          0         72   dscalb.o

    ----------------------------------------------------------------------
      1422         50          0          0          0       1644   Library Totals
         6          0          0          0          0          0   (incl. Padding)

    ----------------------------------------------------------------------

      Code (inc. data)   RO Data    RW Data    ZI Data      Debug   Library Name

       520         16          0          0          0        912   mc_p.l
       896         34          0          0          0        732   mf_p.l

    ----------------------------------------------------------------------
      1422         50          0          0          0       1644   Library Totals

    ----------------------------------------------------------------------

==============================================================================


      Code (inc. data)   RO Data    RW Data    ZI Data      Debug   

     24938       4552       7270        224       9944    1268203   Grand Totals
     24938       4552       7270        224       9944    1268203   ELF Image Totals
     24938       4552       7270        224          0          0   ROM Totals

==============================================================================

    Total RO  Size (Code + RO Data)                32208 (  31.45kB)
    Total RW  Size (RW Data + ZI Data)             10168 (   9.93kB)
    Total ROM Size (Code + RO Data + RW Data)      32432 (  31.67kB)

==============================================================================

